Archive member included because of file (symbol)

c:/program files (x86)/gnu tools arm embedded/4.9 2014q4/bin/../lib/gcc/arm-none-eabi/4.9.3/../../../../arm-none-eabi/lib/armv7e-m\libm.a(lib_a-s_cos.o)
                              ..\obj\utilplus.o (cos)
c:/program files (x86)/gnu tools arm embedded/4.9 2014q4/bin/../lib/gcc/arm-none-eabi/4.9.3/../../../../arm-none-eabi/lib/armv7e-m\libm.a(lib_a-s_sin.o)
                              ..\obj\utilplus.o (sin)
c:/program files (x86)/gnu tools arm embedded/4.9 2014q4/bin/../lib/gcc/arm-none-eabi/4.9.3/../../../../arm-none-eabi/lib/armv7e-m\libm.a(lib_a-sf_cos.o)
                              ..\obj\utilplus.o (cosf)
c:/program files (x86)/gnu tools arm embedded/4.9 2014q4/bin/../lib/gcc/arm-none-eabi/4.9.3/../../../../arm-none-eabi/lib/armv7e-m\libm.a(lib_a-sf_sin.o)
                              ..\obj\utilplus.o (sinf)
c:/program files (x86)/gnu tools arm embedded/4.9 2014q4/bin/../lib/gcc/arm-none-eabi/4.9.3/../../../../arm-none-eabi/lib/armv7e-m\libm.a(lib_a-w_hypot.o)
                              ..\obj\main.o (hypot)
c:/program files (x86)/gnu tools arm embedded/4.9 2014q4/bin/../lib/gcc/arm-none-eabi/4.9.3/../../../../arm-none-eabi/lib/armv7e-m\libm.a(lib_a-w_pow.o)
                              ..\obj\name_converter.o (pow)
c:/program files (x86)/gnu tools arm embedded/4.9 2014q4/bin/../lib/gcc/arm-none-eabi/4.9.3/../../../../arm-none-eabi/lib/armv7e-m\libm.a(lib_a-wf_acos.o)
                              ..\obj\utilplus.o (acosf)
c:/program files (x86)/gnu tools arm embedded/4.9 2014q4/bin/../lib/gcc/arm-none-eabi/4.9.3/../../../../arm-none-eabi/lib/armv7e-m\libm.a(lib_a-wf_atan2.o)
                              ..\obj\utilplus.o (atan2f)
c:/program files (x86)/gnu tools arm embedded/4.9 2014q4/bin/../lib/gcc/arm-none-eabi/4.9.3/../../../../arm-none-eabi/lib/armv7e-m\libm.a(lib_a-wf_hypot.o)
                              ..\obj\main.o (hypotf)
c:/program files (x86)/gnu tools arm embedded/4.9 2014q4/bin/../lib/gcc/arm-none-eabi/4.9.3/../../../../arm-none-eabi/lib/armv7e-m\libm.a(lib_a-wf_pow.o)
                              ..\obj\utilplus.o (powf)
c:/program files (x86)/gnu tools arm embedded/4.9 2014q4/bin/../lib/gcc/arm-none-eabi/4.9.3/../../../../arm-none-eabi/lib/armv7e-m\libm.a(lib_a-wf_sqrt.o)
                              ..\obj\utilplus.o (sqrtf)
c:/program files (x86)/gnu tools arm embedded/4.9 2014q4/bin/../lib/gcc/arm-none-eabi/4.9.3/../../../../arm-none-eabi/lib/armv7e-m\libm.a(lib_a-e_hypot.o)
                              c:/program files (x86)/gnu tools arm embedded/4.9 2014q4/bin/../lib/gcc/arm-none-eabi/4.9.3/../../../../arm-none-eabi/lib/armv7e-m\libm.a(lib_a-w_hypot.o) (__ieee754_hypot)
c:/program files (x86)/gnu tools arm embedded/4.9 2014q4/bin/../lib/gcc/arm-none-eabi/4.9.3/../../../../arm-none-eabi/lib/armv7e-m\libm.a(lib_a-e_pow.o)
                              c:/program files (x86)/gnu tools arm embedded/4.9 2014q4/bin/../lib/gcc/arm-none-eabi/4.9.3/../../../../arm-none-eabi/lib/armv7e-m\libm.a(lib_a-w_pow.o) (__ieee754_pow)
c:/program files (x86)/gnu tools arm embedded/4.9 2014q4/bin/../lib/gcc/arm-none-eabi/4.9.3/../../../../arm-none-eabi/lib/armv7e-m\libm.a(lib_a-e_rem_pio2.o)
                              c:/program files (x86)/gnu tools arm embedded/4.9 2014q4/bin/../lib/gcc/arm-none-eabi/4.9.3/../../../../arm-none-eabi/lib/armv7e-m\libm.a(lib_a-s_cos.o) (__ieee754_rem_pio2)
c:/program files (x86)/gnu tools arm embedded/4.9 2014q4/bin/../lib/gcc/arm-none-eabi/4.9.3/../../../../arm-none-eabi/lib/armv7e-m\libm.a(lib_a-e_sqrt.o)
                              c:/program files (x86)/gnu tools arm embedded/4.9 2014q4/bin/../lib/gcc/arm-none-eabi/4.9.3/../../../../arm-none-eabi/lib/armv7e-m\libm.a(lib_a-e_hypot.o) (__ieee754_sqrt)
c:/program files (x86)/gnu tools arm embedded/4.9 2014q4/bin/../lib/gcc/arm-none-eabi/4.9.3/../../../../arm-none-eabi/lib/armv7e-m\libm.a(lib_a-ef_acos.o)
                              c:/program files (x86)/gnu tools arm embedded/4.9 2014q4/bin/../lib/gcc/arm-none-eabi/4.9.3/../../../../arm-none-eabi/lib/armv7e-m\libm.a(lib_a-wf_acos.o) (__ieee754_acosf)
c:/program files (x86)/gnu tools arm embedded/4.9 2014q4/bin/../lib/gcc/arm-none-eabi/4.9.3/../../../../arm-none-eabi/lib/armv7e-m\libm.a(lib_a-ef_atan2.o)
                              c:/program files (x86)/gnu tools arm embedded/4.9 2014q4/bin/../lib/gcc/arm-none-eabi/4.9.3/../../../../arm-none-eabi/lib/armv7e-m\libm.a(lib_a-wf_atan2.o) (__ieee754_atan2f)
c:/program files (x86)/gnu tools arm embedded/4.9 2014q4/bin/../lib/gcc/arm-none-eabi/4.9.3/../../../../arm-none-eabi/lib/armv7e-m\libm.a(lib_a-ef_hypot.o)
                              c:/program files (x86)/gnu tools arm embedded/4.9 2014q4/bin/../lib/gcc/arm-none-eabi/4.9.3/../../../../arm-none-eabi/lib/armv7e-m\libm.a(lib_a-wf_hypot.o) (__ieee754_hypotf)
[...]
Memory Configuration

Name             Origin             Length             Attributes
rom              0x08000000         0x00100000         xr
ram              0x20000000         0x00020000         xrw
ram1             0x10000000         0x00010000         xrw
*default*        0x00000000         0xffffffff

Linker script and memory map

LOAD c:/program files (x86)/gnu tools arm embedded/4.9 2014q4/bin/../lib/gcc/arm-none-eabi/4.9.3/armv7e-m/crti.o
LOAD c:/program files (x86)/gnu tools arm embedded/4.9 2014q4/bin/../lib/gcc/arm-none-eabi/4.9.3/armv7e-m/crtbegin.o
LOAD c:/program files (x86)/gnu tools arm embedded/4.9 2014q4/bin/../lib/gcc/arm-none-eabi/4.9.3/../../../../arm-none-eabi/lib/armv7e-m/crt0.o
                0x20020000                _eram = 0x20020000

.text           0x08000000    0x21a98
 *(.isr_vector)
 .isr_vector    0x08000000      0x188 ..\obj\startup_stm32f4xx.o
                0x08000000                g_pfnVectors
 *(.text*)
 .text          0x08000188       0x5c c:/program files (x86)/gnu tools arm embedded/4.9 2014q4/bin/../lib/gcc/arm-none-eabi/4.9.3/armv7e-m/crtbegin.o
 .text.Set_duty
                0x080001e4       0xc4 ..\obj\config_pwm.o
                0x080001e4                Set_duty
 .text.Read_duty
                0x080002a8       0x68 ..\obj\config_pwm.o
                0x080002a8                Read_duty
 .text.Init_PWM
                0x08000310      0x2b4 ..\obj\config_pwm.o
                0x08000310                Init_PWM
 .text.USB_OTG_WritePacket
                0x080005c4       0x78 ..\obj\usb_core.o
                0x080005c4                USB_OTG_WritePacket
 .text.USB_OTG_ReadPacket
                0x0800063c       0x58 ..\obj\usb_core.o
                0x0800063c                USB_OTG_ReadPacket
 .text.USB_OTG_FlushTxFifo
                0x08000694       0x7c ..\obj\usb_core.o
                0x08000694                USB_OTG_FlushTxFifo
 .text.USB_OTG_GetMode
                0x08000710       0x20 ..\obj\usb_core.o
                0x08000710                USB_OTG_GetMode
 .text.USB_OTG_IsDeviceMode
                0x08000730       0x24 ..\obj\usb_core.o
                0x08000730                USB_OTG_IsDeviceMode
 .text.USB_OTG_ReadCoreItr
                0x08000754       0x30 ..\obj\usb_core.o
                0x08000754                USB_OTG_ReadCoreItr
 .text.USB_OTG_GetDeviceSpeed
                0x08000784       0x48 ..\obj\usb_core.o
                0x08000784                USB_OTG_GetDeviceSpeed
 .text.USB_OTG_EP0Activate
                0x080007cc       0x78 ..\obj\usb_core.o
                0x080007cc                USB_OTG_EP0Activate
 .text.USB_OTG_EPActivate
                0x08000844       0xdc ..\obj\usb_core.o
                0x08000844                USB_OTG_EPActivate
 .text.USB_OTG_EPStartXfer
                0x08000920      0x280 ..\obj\usb_core.o
                0x08000920                USB_OTG_EPStartXfer
 .text.USB_OTG_EP0StartXfer
                0x08000ba0      0x1d4 ..\obj\usb_core.o
                0x08000ba0                USB_OTG_EP0StartXfer
 .text.USB_OTG_EPSetStall
                0x08000d74       0x88 ..\obj\usb_core.o
                0x08000d74                USB_OTG_EPSetStall
 .text.USB_OTG_EPClearStall
                0x08000dfc       0x78 ..\obj\usb_core.o
                0x08000dfc                USB_OTG_EPClearStall
 .text.USB_OTG_ReadDevAllOutEp_itr
                0x08000e74       0x2c ..\obj\usb_core.o
                0x08000e74                USB_OTG_ReadDevAllOutEp_itr
 .text.USB_OTG_ReadDevOutEP_itr
                0x08000ea0       0x38 ..\obj\usb_core.o
                0x08000ea0                USB_OTG_ReadDevOutEP_itr
 .text.USB_OTG_ReadDevAllInEPItr
                0x08000ed8       0x2c ..\obj\usb_core.o
                0x08000ed8                USB_OTG_ReadDevAllInEPItr
 .text.USB_OTG_EP0_OutStart
                0x08000f04       0x70 ..\obj\usb_core.o
                0x08000f04                USB_OTG_EP0_OutStart
 .text.USB_OTG_UngateClock
                0x08000f74       0x54 ..\obj\usb_core.o
                0x08000f74                USB_OTG_UngateClock
 .text.Init_port
                0x08000fc8       0xc4 ..\obj\config_port.o
                0x08000fc8                Init_port
 .text.SDIO_ITConfig
                0x0800108c       0x3c ..\obj\stm32f4xx_sdio.o
                0x0800108c                SDIO_ITConfig
 .text.SDIO_GetITStatus
                0x080010c8       0x34 ..\obj\stm32f4xx_sdio.o
                0x080010c8                SDIO_GetITStatus
 .text.SDIO_ClearITPendingBit
                0x080010fc       0x1c ..\obj\stm32f4xx_sdio.o
                0x080010fc                SDIO_ClearITPendingBit
 .text._ZN6MiniMDC2ER7DigitalS1_R3Pwm
                0x08001118       0x30 ..\obj\mini_md.o
                0x08001118                MiniMD::MiniMD(Digital&, Digital&, Pwm&)
                0x08001118                MiniMD::MiniMD(Digital&, Digital&, Pwm&)
 .text._ZN6MiniMD5setupEf
                0x08001148       0x98 ..\obj\mini_md.o
                0x08001148                MiniMD::setup(float)
 .text._ZN6MiniMD4dutyEf
                0x080011e0       0x28 ..\obj\mini_md.o
                0x080011e0                MiniMD::duty(float)
 .text._ZN6MiniMD5cycleEv
                0x08001208      0x104 ..\obj\mini_md.o
                0x08001208                MiniMD::cycle()
 .text.TIM1_UP_TIM10_IRQHandler
                0x0800130c       0x48 ..\obj\config_encoder.o
                0x0800130c                TIM1_UP_TIM10_IRQHandler
 .text.TIM2_IRQHandler
                0x08001354       0x4c ..\obj\config_encoder.o
                0x08001354                TIM2_IRQHandler
 .text.TIM3_IRQHandler
                0x080013a0       0x48 ..\obj\config_encoder.o
                0x080013a0                TIM3_IRQHandler
 .text.TIM4_IRQHandler
                0x080013e8       0x48 ..\obj\config_encoder.o
                0x080013e8                TIM4_IRQHandler
 .text.TIM5_IRQHandler
                0x08001430       0x48 ..\obj\config_encoder.o
                0x08001430                TIM5_IRQHandler
 .text.TIM8_UP_TIM13_IRQHandler
                0x08001478       0x48 ..\obj\config_encoder.o
                0x08001478                TIM8_UP_TIM13_IRQHandler
 .text.TIM8_BRK_TIM12_IRQHandler
                0x080014c0       0x48 ..\obj\config_encoder.o
                0x080014c0                TIM8_BRK_TIM12_IRQHandler
 .text.tim1_count
                0x08001508       0x20 ..\obj\config_encoder.o
                0x08001508                tim1_count
 .text.tim2_count
                0x08001528       0x20 ..\obj\config_encoder.o
                0x08001528                tim2_count
 .text.tim3_count
                0x08001548       0x20 ..\obj\config_encoder.o
                0x08001548                tim3_count
 .text.tim4_count
                0x08001568       0x20 ..\obj\config_encoder.o
                0x08001568                tim4_count
 .text.tim5_count
                0x08001588       0x20 ..\obj\config_encoder.o
                0x08001588                tim5_count
 .text.tim8_count
                0x080015a8       0x20 ..\obj\config_encoder.o
                0x080015a8                tim8_count
 .text.tim12_count
                0x080015c8       0x20 ..\obj\config_encoder.o
                0x080015c8                tim12_count
 .text.Init_encoder
                0x080015e8      0x118 ..\obj\config_encoder.o
                0x080015e8                Init_encoder
 .text.Select_encoder_count
                0x08001700       0x9c ..\obj\config_encoder.o
                0x08001700                Select_encoder_count
 .text.Reset_encoder_over_under_flow
                0x0800179c       0xa0 ..\obj\config_encoder.o
                0x0800179c                Reset_encoder_over_under_flow
 .text.OTG_FS_IRQHandler
                0x0800183c       0x10 ..\obj\config_usb.o
                0x0800183c                OTG_FS_IRQHandler
 .text.OTG_FS_WKUP_IRQHandler
                0x0800184c       0x34 ..\obj\config_usb.o
                0x0800184c                OTG_FS_WKUP_IRQHandler
 .text.USART_Init
                0x08001880      0x178 ..\obj\stm32f4xx_usart.o
                0x08001880                USART_Init
 .text.USART_Cmd
                0x080019f8       0x40 ..\obj\stm32f4xx_usart.o
                0x080019f8                USART_Cmd
 .text.USART_SendData
                0x08001a38       0x24 ..\obj\stm32f4xx_usart.o
                0x08001a38                USART_SendData
 .text.USART_ReceiveData
                0x08001a5c       0x20 ..\obj\stm32f4xx_usart.o
                0x08001a5c                USART_ReceiveData
 .text.USART_ITConfig
                0x08001a7c       0x90 ..\obj\stm32f4xx_usart.o
                0x08001a7c                USART_ITConfig
 .text.USART_GetFlagStatus
                0x08001b0c       0x38 ..\obj\stm32f4xx_usart.o
                0x08001b0c                USART_GetFlagStatus
 .text.constrain
                0x08001b44       0x3c ..\obj\util.o
                0x08001b44                constrain
 .text.SysTick_Handler
                0x08001b80       0x24 ..\obj\mcutime.o
                0x08001b80                SysTick_Handler
 .text.millis   0x08001ba4       0x28 ..\obj\mcutime.o
                0x08001ba4                millis
 .text.micros   0x08001bcc       0x30 ..\obj\mcutime.o
                0x08001bcc                micros
 .text.timer_setup
                0x08001bfc       0x10 ..\obj\mcutime.o
                0x08001bfc                timer_setup
 .text.Default_Reset_Handler
                0x08001c0c       0x5c ..\obj\startup_stm32f4xx.o
                0x08001c0c                Default_Reset_Handler
                0x08001c0c                Reset_Handler
 .text.Default_Handler
                0x08001c68        0x8 ..\obj\startup_stm32f4xx.o
                0x08001c68                RTC_Alarm_IRQHandler
                0x08001c68                HASH_RNG_IRQHandler
                0x08001c68                EXTI2_IRQHandler
                0x08001c68                TIM8_CC_IRQHandler
                0x08001c68                TIM1_CC_IRQHandler
                0x08001c68                DMA2_Stream5_IRQHandler
                0x08001c68                DMA1_Stream5_IRQHandler
                0x08001c68                PVD_IRQHandler
                0x08001c68                TAMP_STAMP_IRQHandler
                0x08001c68                CAN2_RX1_IRQHandler
                0x08001c68                EXTI3_IRQHandler
                0x08001c68                TIM8_TRG_COM_TIM14_IRQHandler
                0x08001c68                I2C3_ER_IRQHandler
                0x08001c68                EXTI0_IRQHandler
                0x08001c68                I2C2_EV_IRQHandler
                0x08001c68                DMA1_Stream2_IRQHandler
                0x08001c68                CAN1_RX0_IRQHandler
                0x08001c68                FPU_IRQHandler
                0x08001c68                OTG_HS_WKUP_IRQHandler
                0x08001c68                CAN2_SCE_IRQHandler
                0x08001c68                DMA2_Stream2_IRQHandler
                0x08001c68                SPI1_IRQHandler
                0x08001c68                TIM6_DAC_IRQHandler
                0x08001c68                TIM1_BRK_TIM9_IRQHandler
                0x08001c68                DCMI_IRQHandler
                0x08001c68                CAN2_RX0_IRQHandler
                0x08001c68                USART6_IRQHandler
                0x08001c68                USART3_IRQHandler
                0x08001c68                CRYP_IRQHandler
                0x08001c68                CAN1_RX1_IRQHandler
                0x08001c68                UART5_IRQHandler
                0x08001c68                DMA2_Stream0_IRQHandler
                0x08001c68                I2C1_EV_IRQHandler
                0x08001c68                DMA1_Stream6_IRQHandler
                0x08001c68                DMA1_Stream1_IRQHandler
                0x08001c68                UART4_IRQHandler
                0x08001c68                RCC_IRQHandler
                0x08001c68                EXTI15_10_IRQHandler
                0x08001c68                ADC_IRQHandler
                0x08001c68                DMA1_Stream7_IRQHandler
                0x08001c68                TIM7_IRQHandler
                0x08001c68                CAN2_TX_IRQHandler
                0x08001c68                DMA2_Stream7_IRQHandler
                0x08001c68                I2C3_EV_IRQHandler
                0x08001c68                EXTI9_5_IRQHandler
                0x08001c68                RTC_WKUP_IRQHandler
                0x08001c68                ETH_WKUP_IRQHandler
                0x08001c68                SPI2_IRQHandler
                0x08001c68                OTG_HS_EP1_IN_IRQHandler
                0x08001c68                DMA1_Stream0_IRQHandler
                0x08001c68                CAN1_TX_IRQHandler
                0x08001c68                EXTI4_IRQHandler
                0x08001c68                FSMC_IRQHandler
                0x08001c68                ETH_IRQHandler
                0x08001c68                OTG_HS_EP1_OUT_IRQHandler
                0x08001c68                WWDG_IRQHandler
                0x08001c68                TIM1_TRG_COM_TIM11_IRQHandler
                0x08001c68                OTG_HS_IRQHandler
                0x08001c68                EXTI1_IRQHandler
                0x08001c68                I2C2_ER_IRQHandler
                0x08001c68                DMA2_Stream1_IRQHandler
                0x08001c68                CAN1_SCE_IRQHandler
                0x08001c68                FLASH_IRQHandler
                0x08001c68                DMA2_Stream4_IRQHandler
                0x08001c68                USART1_IRQHandler
                0x08001c68                SPI3_IRQHandler
                0x08001c68                DMA1_Stream4_IRQHandler
                0x08001c68                I2C1_ER_IRQHandler
                0x08001c68                DMA2_Stream6_IRQHandler
                0x08001c68                DMA1_Stream3_IRQHandler
 .text.USBD_SetupStage
                0x08001c70       0x6c ..\obj\usbd_core.o
 .text.USBD_DataOutStage
                0x08001cdc       0xcc ..\obj\usbd_core.o
 .text.USBD_DataInStage
                0x08001da8      0x104 ..\obj\usbd_core.o
 .text.USBD_Reset
                0x08001eac       0x44 ..\obj\usbd_core.o
 .text.USBD_Resume
                0x08001ef0       0x24 ..\obj\usbd_core.o
 .text.USBD_Suspend
                0x08001f14       0x24 ..\obj\usbd_core.o
 .text.USBD_SOF
                0x08001f38       0x2c ..\obj\usbd_core.o
 .text.USBD_SetCfg
                0x08001f64       0x30 ..\obj\usbd_core.o
                0x08001f64                USBD_SetCfg
 .text.USBD_ClrCfg
                0x08001f94       0x28 ..\obj\usbd_core.o
                0x08001f94                USBD_ClrCfg
 .text.USBD_IsoINIncomplete
                0x08001fbc       0x20 ..\obj\usbd_core.o
 .text.USBD_IsoOUTIncomplete
                0x08001fdc       0x20 ..\obj\usbd_core.o
 .text._ZN15SerialInterface16serialReadStringEPc
                0x08001ffc       0x14 ..\obj\pin.o
                0x08001ffc                SerialInterface::serialReadString(char*)
 .text._ZN15SerialInterfaceC2Ev
                0x08002010       0x28 ..\obj\pin.o
                0x08002010                SerialInterface::SerialInterface()
                0x08002010                SerialInterface::SerialInterface()
 .text._ZN6Serial8ReceiverC2EPS_
                0x08002038       0x38 ..\obj\pin.o
                0x08002038                Serial::Receiver::Receiver(Serial*)
                0x08002038                Serial::Receiver::Receiver(Serial*)
 .text._ZN6Serial8Receiver14serialReadCharEc
                0x08002070       0x60 ..\obj\pin.o
                0x08002070                Serial::Receiver::serialReadChar(char)
 .text._ZN6Serial8Receiver13charAvailableEv
                0x080020d0       0x28 ..\obj\pin.o
                0x080020d0                Serial::Receiver::charAvailable()
 .text._ZN6Serial8Receiver15stringAvailableEv
                0x080020f8       0x1c ..\obj\pin.o
                0x080020f8                Serial::Receiver::stringAvailable()
 .text._ZN6Serial8Receiver8readCharEv
                0x08002114       0x1c ..\obj\pin.o
                0x08002114                Serial::Receiver::readChar()
 .text._ZN6Serial8Receiver10readStringEPc
                0x08002130       0xe8 ..\obj\pin.o
                0x08002130                Serial::Receiver::readString(char*)
 .text._ZN6Serial15stringAvailableEv
                0x08002218       0x28 ..\obj\pin.o
                0x08002218                Serial::stringAvailable()
 .text._ZN6Serial10readStringEPc
                0x08002240       0x34 ..\obj\pin.o
                0x08002240                Serial::readString(char*)
 .text._ZN6Serial13charAvailableEv
                0x08002274       0x28 ..\obj\pin.o
                0x08002274                Serial::charAvailable()
 .text._ZN6Serial8readCharEv
                0x0800229c       0x28 ..\obj\pin.o
                0x0800229c                Serial::readChar()
 .text._ZN6Serial11stringWriteEPc
                0x080022c4       0x40 ..\obj\pin.o
                0x080022c4                Serial::stringWrite(char*)
 .text._ZN6Serial5setupEiR15SerialInterfaceii
                0x08002304       0x34 ..\obj\pin.o
                0x08002304                Serial::setup(int, SerialInterface&, int, int)
 .text._ZN6Serial5setupEiii
                0x08002338       0x4c ..\obj\pin.o
                0x08002338                Serial::setup(int, int, int)
 .text._ZN7Digital14setupDigitalInEv
                0x08002384       0x34 ..\obj\pin.o
                0x08002384                Digital::setupDigitalIn()
 .text._ZN7Digital15setupDigitalOutEv
                0x080023b8       0x34 ..\obj\pin.o
                0x080023b8                Digital::setupDigitalOut()
 .text._ZN7Digital20setupDigitalInPullUpEv
                0x080023ec       0x34 ..\obj\pin.o
                0x080023ec                Digital::setupDigitalInPullUp()
 .text._ZN7Digital22setupDigitalInPullDownEv
                0x08002420       0x34 ..\obj\pin.o
                0x08002420                Digital::setupDigitalInPullDown()
 .text._ZN7Digital12digitalWriteEi
                0x08002454       0x68 ..\obj\pin.o
                0x08002454                Digital::digitalWrite(int)
 .text._ZN7Digital11digitalReadEv
                0x080024bc       0x40 ..\obj\pin.o
                0x080024bc                Digital::digitalRead()
 .text._ZN7Digital11digitalHighEv
                0x080024fc       0x1c ..\obj\pin.o
                0x080024fc                Digital::digitalHigh()
 .text._ZN7Digital10digitalLowEv
                0x08002518       0x1c ..\obj\pin.o
                0x08002518                Digital::digitalLow()
 .text._ZN7Digital13digitalToggleEv
                0x08002534       0x34 ..\obj\pin.o
                0x08002534                Digital::digitalToggle()
 .text._ZN6Analog13setupAnalogInEv
                0x08002568       0x1c ..\obj\pin.o
                0x08002568                Analog::setupAnalogIn()
 .text._ZN6Analog10analogReadEv
                0x08002584       0x20 ..\obj\pin.o
                0x08002584                Analog::analogRead()
 .text._ZN3Pwm11setupPwmOutEff
                0x080025a4       0x24 ..\obj\pin.o
                0x080025a4                Pwm::setupPwmOut(float, float)
 .text._ZN3Pwm8pwmWriteEf
                0x080025c8       0x20 ..\obj\pin.o
                0x080025c8                Pwm::pwmWrite(float)
 .text._ZN3Pwm8pwmWriteEv
                0x080025e8       0x20 ..\obj\pin.o
                0x080025e8                Pwm::pwmWrite()
 .text._ZN2A016analogResolutionEv
                0x08002608       0x20 ..\obj\pin.o
                0x08002608                A0::analogResolution()
                0x08002620                non-virtual thunk to A0::analogResolution()
 .text._ZN2A013analogVoltageEv
                0x08002628       0x24 ..\obj\pin.o
                0x08002628                A0::analogVoltage()
                0x08002644                non-virtual thunk to A0::analogVoltage()
 .text._ZN2A116analogResolutionEv
                0x0800264c       0x20 ..\obj\pin.o
                0x0800264c                A1::analogResolution()
                0x08002664                non-virtual thunk to A1::analogResolution()
 .text._ZN2A113analogVoltageEv
                0x0800266c       0x24 ..\obj\pin.o
                0x0800266c                A1::analogVoltage()
                0x08002688                non-virtual thunk to A1::analogVoltage()
 .text._ZN2A216analogResolutionEv
                0x08002690       0x20 ..\obj\pin.o
                0x08002690                A2::analogResolution()
                0x080026a8                non-virtual thunk to A2::analogResolution()
 .text._ZN2A213analogVoltageEv
                0x080026b0       0x24 ..\obj\pin.o
                0x080026b0                A2::analogVoltage()
                0x080026cc                non-virtual thunk to A2::analogVoltage()
 .text._ZN2A316analogResolutionEv
                0x080026d4       0x20 ..\obj\pin.o
                0x080026d4                A3::analogResolution()
                0x080026ec                non-virtual thunk to A3::analogResolution()
 .text._ZN2A313analogVoltageEv
                0x080026f4       0x24 ..\obj\pin.o
                0x080026f4                A3::analogVoltage()
                0x08002710                non-virtual thunk to A3::analogVoltage()
 .text._ZN2A416analogResolutionEv
                0x08002718       0x20 ..\obj\pin.o
                0x08002718                A4::analogResolution()
                0x08002730                non-virtual thunk to A4::analogResolution()
 .text._ZN2A413analogVoltageEv
                0x08002738       0x24 ..\obj\pin.o
                0x08002738                A4::analogVoltage()
                0x08002754                non-virtual thunk to A4::analogVoltage()
 .text._ZN4Led013_digitalWriteEv
                0x0800275c       0x20 ..\obj\pin.o
                0x0800275c                Led0::_digitalWrite()
 .text._ZN4Led013_digitalWriteEi
                0x0800277c       0x30 ..\obj\pin.o
                0x0800277c                Led0::_digitalWrite(int)
 .text._ZN4Led012_digitalReadEv
                0x080027ac       0x20 ..\obj\pin.o
                0x080027ac                Led0::_digitalRead()
 .text._ZN4Led015_setupDigitalInEv
                0x080027cc       0x28 ..\obj\pin.o
                0x080027cc                Led0::_setupDigitalIn()
 .text._ZN4Led016_setupDigitalOutEv
                0x080027f4       0x28 ..\obj\pin.o
                0x080027f4                Led0::_setupDigitalOut()
 .text._ZN4Led021_setupDigitalInPullUpEv
                0x0800281c       0x28 ..\obj\pin.o
                0x0800281c                Led0::_setupDigitalInPullUp()
 .text._ZN4Led023_setupDigitalInPullDownEv
                0x08002844       0x28 ..\obj\pin.o
                0x08002844                Led0::_setupDigitalInPullDown()
 .text._ZN4Led113_digitalWriteEv
                0x0800286c       0x20 ..\obj\pin.o
                0x0800286c                Led1::_digitalWrite()
 .text._ZN4Led113_digitalWriteEi
                0x0800288c       0x30 ..\obj\pin.o
                0x0800288c                Led1::_digitalWrite(int)
 .text._ZN4Led112_digitalReadEv
                0x080028bc       0x20 ..\obj\pin.o
                0x080028bc                Led1::_digitalRead()
 .text._ZN4Led115_setupDigitalInEv
                0x080028dc       0x28 ..\obj\pin.o
                0x080028dc                Led1::_setupDigitalIn()
 .text._ZN4Led116_setupDigitalOutEv
                0x08002904       0x28 ..\obj\pin.o
                0x08002904                Led1::_setupDigitalOut()
 .text._ZN4Led121_setupDigitalInPullUpEv
                0x0800292c       0x28 ..\obj\pin.o
                0x0800292c                Led1::_setupDigitalInPullUp()
 .text._ZN4Led123_setupDigitalInPullDownEv
                0x08002954       0x28 ..\obj\pin.o
                0x08002954                Led1::_setupDigitalInPullDown()
 .text._ZN4Led213_digitalWriteEv
                0x0800297c       0x20 ..\obj\pin.o
                0x0800297c                Led2::_digitalWrite()
 .text._ZN4Led213_digitalWriteEi
                0x0800299c       0x30 ..\obj\pin.o
                0x0800299c                Led2::_digitalWrite(int)
 .text._ZN4Led212_digitalReadEv
                0x080029cc       0x20 ..\obj\pin.o
                0x080029cc                Led2::_digitalRead()
 .text._ZN4Led215_setupDigitalInEv
                0x080029ec       0x28 ..\obj\pin.o
                0x080029ec                Led2::_setupDigitalIn()
 .text._ZN4Led216_setupDigitalOutEv
                0x08002a14       0x28 ..\obj\pin.o
                0x08002a14                Led2::_setupDigitalOut()
 .text._ZN4Led221_setupDigitalInPullUpEv
                0x08002a3c       0x28 ..\obj\pin.o
                0x08002a3c                Led2::_setupDigitalInPullUp()
 .text._ZN4Led223_setupDigitalInPullDownEv
                0x08002a64       0x28 ..\obj\pin.o
                0x08002a64                Led2::_setupDigitalInPullDown()
 .text._ZN4Led313_digitalWriteEv
                0x08002a8c       0x20 ..\obj\pin.o
                0x08002a8c                Led3::_digitalWrite()
 .text._ZN4Led313_digitalWriteEi
                0x08002aac       0x30 ..\obj\pin.o
                0x08002aac                Led3::_digitalWrite(int)
 .text._ZN4Led312_digitalReadEv
                0x08002adc       0x20 ..\obj\pin.o
                0x08002adc                Led3::_digitalRead()
 .text._ZN4Led315_setupDigitalInEv
                0x08002afc       0x28 ..\obj\pin.o
                0x08002afc                Led3::_setupDigitalIn()
 .text._ZN4Led316_setupDigitalOutEv
                0x08002b24       0x28 ..\obj\pin.o
                0x08002b24                Led3::_setupDigitalOut()
 .text._ZN4Led321_setupDigitalInPullUpEv
                0x08002b4c       0x28 ..\obj\pin.o
                0x08002b4c                Led3::_setupDigitalInPullUp()
 .text._ZN4Led323_setupDigitalInPullDownEv
                0x08002b74       0x28 ..\obj\pin.o
                0x08002b74                Led3::_setupDigitalInPullDown()
 .text._ZN3Sw013_digitalWriteEv
                0x08002b9c       0x20 ..\obj\pin.o
                0x08002b9c                Sw0::_digitalWrite()
 .text._ZN3Sw013_digitalWriteEi
                0x08002bbc       0x30 ..\obj\pin.o
                0x08002bbc                Sw0::_digitalWrite(int)
 .text._ZN3Sw012_digitalReadEv
                0x08002bec       0x20 ..\obj\pin.o
                0x08002bec                Sw0::_digitalRead()
 .text._ZN3Sw015_setupDigitalInEv
                0x08002c0c       0x28 ..\obj\pin.o
                0x08002c0c                Sw0::_setupDigitalIn()
 .text._ZN3Sw016_setupDigitalOutEv
                0x08002c34       0x18 ..\obj\pin.o
                0x08002c34                Sw0::_setupDigitalOut()
 .text._ZN3Sw021_setupDigitalInPullUpEv
                0x08002c4c       0x28 ..\obj\pin.o
                0x08002c4c                Sw0::_setupDigitalInPullUp()
 .text._ZN3Sw023_setupDigitalInPullDownEv
                0x08002c74       0x28 ..\obj\pin.o
                0x08002c74                Sw0::_setupDigitalInPullDown()
 .text._ZN3Sw113_digitalWriteEv
                0x08002c9c       0x20 ..\obj\pin.o
                0x08002c9c                Sw1::_digitalWrite()
 .text._ZN3Sw113_digitalWriteEi
                0x08002cbc       0x30 ..\obj\pin.o
                0x08002cbc                Sw1::_digitalWrite(int)
 .text._ZN3Sw112_digitalReadEv
                0x08002cec       0x20 ..\obj\pin.o
                0x08002cec                Sw1::_digitalRead()
 .text._ZN3Sw115_setupDigitalInEv
                0x08002d0c       0x28 ..\obj\pin.o
                0x08002d0c                Sw1::_setupDigitalIn()
 .text._ZN3Sw116_setupDigitalOutEv
                0x08002d34       0x18 ..\obj\pin.o
                0x08002d34                Sw1::_setupDigitalOut()
 .text._ZN3Sw121_setupDigitalInPullUpEv
                0x08002d4c       0x28 ..\obj\pin.o
                0x08002d4c                Sw1::_setupDigitalInPullUp()
 .text._ZN3Sw123_setupDigitalInPullDownEv
                0x08002d74       0x28 ..\obj\pin.o
                0x08002d74                Sw1::_setupDigitalInPullDown()
 .text._ZN3Sw213_digitalWriteEv
                0x08002d9c       0x20 ..\obj\pin.o
                0x08002d9c                Sw2::_digitalWrite()
 .text._ZN3Sw213_digitalWriteEi
                0x08002dbc       0x30 ..\obj\pin.o
                0x08002dbc                Sw2::_digitalWrite(int)
 .text._ZN3Sw212_digitalReadEv
                0x08002dec       0x20 ..\obj\pin.o
                0x08002dec                Sw2::_digitalRead()
 .text._ZN3Sw215_setupDigitalInEv
                0x08002e0c       0x28 ..\obj\pin.o
                0x08002e0c                Sw2::_setupDigitalIn()
 .text._ZN3Sw216_setupDigitalOutEv
                0x08002e34       0x18 ..\obj\pin.o
                0x08002e34                Sw2::_setupDigitalOut()
 .text._ZN3Sw221_setupDigitalInPullUpEv
                0x08002e4c       0x28 ..\obj\pin.o
                0x08002e4c                Sw2::_setupDigitalInPullUp()
 .text._ZN3Sw223_setupDigitalInPullDownEv
                0x08002e74       0x28 ..\obj\pin.o
                0x08002e74                Sw2::_setupDigitalInPullDown()
 .text._ZN3Sw313_digitalWriteEv
                0x08002e9c       0x20 ..\obj\pin.o
                0x08002e9c                Sw3::_digitalWrite()
 .text._ZN3Sw313_digitalWriteEi
                0x08002ebc       0x30 ..\obj\pin.o
                0x08002ebc                Sw3::_digitalWrite(int)
 .text._ZN3Sw312_digitalReadEv
                0x08002eec       0x20 ..\obj\pin.o
                0x08002eec                Sw3::_digitalRead()
 .text._ZN3Sw315_setupDigitalInEv
                0x08002f0c       0x28 ..\obj\pin.o
                0x08002f0c                Sw3::_setupDigitalIn()
 .text._ZN3Sw316_setupDigitalOutEv
                0x08002f34       0x18 ..\obj\pin.o
                0x08002f34                Sw3::_setupDigitalOut()
 .text._ZN3Sw321_setupDigitalInPullUpEv
                0x08002f4c       0x28 ..\obj\pin.o
                0x08002f4c                Sw3::_setupDigitalInPullUp()
 .text._ZN3Sw323_setupDigitalInPullDownEv
                0x08002f74       0x28 ..\obj\pin.o
                0x08002f74                Sw3::_setupDigitalInPullDown()
 .text._ZN6Buzzer13_digitalWriteEv
                0x08002f9c       0x20 ..\obj\pin.o
                0x08002f9c                Buzzer::_digitalWrite()
 .text._ZN6Buzzer13_digitalWriteEi
                0x08002fbc       0x2c ..\obj\pin.o
                0x08002fbc                Buzzer::_digitalWrite(int)
 .text._ZN6Buzzer12_digitalReadEv
                0x08002fe8       0x20 ..\obj\pin.o
                0x08002fe8                Buzzer::_digitalRead()
 .text._ZN6Buzzer15_setupDigitalInEv
                0x08003008       0x28 ..\obj\pin.o
                0x08003008                Buzzer::_setupDigitalIn()
 .text._ZN6Buzzer16_setupDigitalOutEv
                0x08003030       0x28 ..\obj\pin.o
                0x08003030                Buzzer::_setupDigitalOut()
 .text._ZN6Buzzer21_setupDigitalInPullUpEv
                0x08003058       0x28 ..\obj\pin.o
                0x08003058                Buzzer::_setupDigitalInPullUp()
 .text._ZN6Buzzer23_setupDigitalInPullDownEv
                0x08003080       0x28 ..\obj\pin.o
                0x08003080                Buzzer::_setupDigitalInPullDown()
 .text._ZN3CW013_digitalWriteEv
                0x080030a8       0x20 ..\obj\pin.o
                0x080030a8                CW0::_digitalWrite()
 .text._ZN3CW013_digitalWriteEi
                0x080030c8       0x2c ..\obj\pin.o
                0x080030c8                CW0::_digitalWrite(int)
 .text._ZN3CW012_digitalReadEv
                0x080030f4       0x20 ..\obj\pin.o
                0x080030f4                CW0::_digitalRead()
 .text._ZN3CW015_setupDigitalInEv
                0x08003114       0x28 ..\obj\pin.o
                0x08003114                CW0::_setupDigitalIn()
 .text._ZN3CW016_setupDigitalOutEv
                0x0800313c       0x28 ..\obj\pin.o
                0x0800313c                CW0::_setupDigitalOut()
 .text._ZN3CW021_setupDigitalInPullUpEv
                0x08003164       0x28 ..\obj\pin.o
                0x08003164                CW0::_setupDigitalInPullUp()
 .text._ZN3CW023_setupDigitalInPullDownEv
                0x0800318c       0x28 ..\obj\pin.o
                0x0800318c                CW0::_setupDigitalInPullDown()
 .text._ZN4CCW013_digitalWriteEv
                0x080031b4       0x20 ..\obj\pin.o
                0x080031b4                CCW0::_digitalWrite()
 .text._ZN4CCW013_digitalWriteEi
                0x080031d4       0x2c ..\obj\pin.o
                0x080031d4                CCW0::_digitalWrite(int)
 .text._ZN4CCW012_digitalReadEv
                0x08003200       0x20 ..\obj\pin.o
                0x08003200                CCW0::_digitalRead()
 .text._ZN4CCW015_setupDigitalInEv
                0x08003220       0x28 ..\obj\pin.o
                0x08003220                CCW0::_setupDigitalIn()
 .text._ZN4CCW016_setupDigitalOutEv
                0x08003248       0x28 ..\obj\pin.o
                0x08003248                CCW0::_setupDigitalOut()
 .text._ZN4CCW021_setupDigitalInPullUpEv
                0x08003270       0x28 ..\obj\pin.o
                0x08003270                CCW0::_setupDigitalInPullUp()
 .text._ZN4CCW023_setupDigitalInPullDownEv
                0x08003298       0x28 ..\obj\pin.o
                0x08003298                CCW0::_setupDigitalInPullDown()
 .text._ZN3CW113_digitalWriteEv
                0x080032c0       0x20 ..\obj\pin.o
                0x080032c0                CW1::_digitalWrite()
 .text._ZN3CW113_digitalWriteEi
                0x080032e0       0x30 ..\obj\pin.o
                0x080032e0                CW1::_digitalWrite(int)
 .text._ZN3CW112_digitalReadEv
                0x08003310       0x20 ..\obj\pin.o
                0x08003310                CW1::_digitalRead()
 .text._ZN3CW115_setupDigitalInEv
                0x08003330       0x28 ..\obj\pin.o
                0x08003330                CW1::_setupDigitalIn()
 .text._ZN3CW116_setupDigitalOutEv
                0x08003358       0x28 ..\obj\pin.o
                0x08003358                CW1::_setupDigitalOut()
 .text._ZN3CW121_setupDigitalInPullUpEv
                0x08003380       0x28 ..\obj\pin.o
                0x08003380                CW1::_setupDigitalInPullUp()
 .text._ZN3CW123_setupDigitalInPullDownEv
                0x080033a8       0x28 ..\obj\pin.o
                0x080033a8                CW1::_setupDigitalInPullDown()
 .text._ZN4CCW113_digitalWriteEv
                0x080033d0       0x20 ..\obj\pin.o
                0x080033d0                CCW1::_digitalWrite()
 .text._ZN4CCW113_digitalWriteEi
                0x080033f0       0x2c ..\obj\pin.o
                0x080033f0                CCW1::_digitalWrite(int)
 .text._ZN4CCW112_digitalReadEv
                0x0800341c       0x20 ..\obj\pin.o
                0x0800341c                CCW1::_digitalRead()
 .text._ZN4CCW115_setupDigitalInEv
                0x0800343c       0x28 ..\obj\pin.o
                0x0800343c                CCW1::_setupDigitalIn()
 .text._ZN4CCW116_setupDigitalOutEv
                0x08003464       0x28 ..\obj\pin.o
                0x08003464                CCW1::_setupDigitalOut()
 .text._ZN4CCW121_setupDigitalInPullUpEv
                0x0800348c       0x28 ..\obj\pin.o
                0x0800348c                CCW1::_setupDigitalInPullUp()
 .text._ZN4CCW123_setupDigitalInPullDownEv
                0x080034b4       0x28 ..\obj\pin.o
                0x080034b4                CCW1::_setupDigitalInPullDown()
 .text._ZN3CW213_digitalWriteEv
                0x080034dc       0x20 ..\obj\pin.o
                0x080034dc                CW2::_digitalWrite()
 .text._ZN3CW213_digitalWriteEi
                0x080034fc       0x2c ..\obj\pin.o
                0x080034fc                CW2::_digitalWrite(int)
 .text._ZN3CW212_digitalReadEv
                0x08003528       0x20 ..\obj\pin.o
                0x08003528                CW2::_digitalRead()
 .text._ZN3CW215_setupDigitalInEv
                0x08003548       0x28 ..\obj\pin.o
                0x08003548                CW2::_setupDigitalIn()
 .text._ZN3CW216_setupDigitalOutEv
                0x08003570       0x28 ..\obj\pin.o
                0x08003570                CW2::_setupDigitalOut()
 .text._ZN3CW221_setupDigitalInPullUpEv
                0x08003598       0x28 ..\obj\pin.o
                0x08003598                CW2::_setupDigitalInPullUp()
 .text._ZN3CW223_setupDigitalInPullDownEv
                0x080035c0       0x28 ..\obj\pin.o
                0x080035c0                CW2::_setupDigitalInPullDown()
 .text._ZN4CCW213_digitalWriteEv
                0x080035e8       0x20 ..\obj\pin.o
                0x080035e8                CCW2::_digitalWrite()
 .text._ZN4CCW213_digitalWriteEi
                0x08003608       0x2c ..\obj\pin.o
                0x08003608                CCW2::_digitalWrite(int)
 .text._ZN4CCW212_digitalReadEv
                0x08003634       0x20 ..\obj\pin.o
                0x08003634                CCW2::_digitalRead()
 .text._ZN4CCW215_setupDigitalInEv
                0x08003654       0x28 ..\obj\pin.o
                0x08003654                CCW2::_setupDigitalIn()
 .text._ZN4CCW216_setupDigitalOutEv
                0x0800367c       0x28 ..\obj\pin.o
                0x0800367c                CCW2::_setupDigitalOut()
 .text._ZN4CCW221_setupDigitalInPullUpEv
                0x080036a4       0x28 ..\obj\pin.o
                0x080036a4                CCW2::_setupDigitalInPullUp()
 .text._ZN4CCW223_setupDigitalInPullDownEv
                0x080036cc       0x28 ..\obj\pin.o
                0x080036cc                CCW2::_setupDigitalInPullDown()
 .text._ZN3CW313_digitalWriteEv
                0x080036f4       0x20 ..\obj\pin.o
                0x080036f4                CW3::_digitalWrite()
 .text._ZN3CW313_digitalWriteEi
                0x08003714       0x30 ..\obj\pin.o
                0x08003714                CW3::_digitalWrite(int)
 .text._ZN3CW312_digitalReadEv
                0x08003744       0x20 ..\obj\pin.o
                0x08003744                CW3::_digitalRead()
 .text._ZN3CW315_setupDigitalInEv
                0x08003764       0x28 ..\obj\pin.o
                0x08003764                CW3::_setupDigitalIn()
 .text._ZN3CW316_setupDigitalOutEv
                0x0800378c       0x28 ..\obj\pin.o
                0x0800378c                CW3::_setupDigitalOut()
 .text._ZN3CW321_setupDigitalInPullUpEv
                0x080037b4       0x28 ..\obj\pin.o
                0x080037b4                CW3::_setupDigitalInPullUp()
 .text._ZN3CW323_setupDigitalInPullDownEv
                0x080037dc       0x28 ..\obj\pin.o
                0x080037dc                CW3::_setupDigitalInPullDown()
 .text._ZN4CCW313_digitalWriteEv
                0x08003804       0x20 ..\obj\pin.o
                0x08003804                CCW3::_digitalWrite()
 .text._ZN4CCW313_digitalWriteEi
                0x08003824       0x2c ..\obj\pin.o
                0x08003824                CCW3::_digitalWrite(int)
 .text._ZN4CCW312_digitalReadEv
                0x08003850       0x20 ..\obj\pin.o
                0x08003850                CCW3::_digitalRead()
 .text._ZN4CCW315_setupDigitalInEv
                0x08003870       0x28 ..\obj\pin.o
                0x08003870                CCW3::_setupDigitalIn()
 .text._ZN4CCW316_setupDigitalOutEv
                0x08003898       0x28 ..\obj\pin.o
                0x08003898                CCW3::_setupDigitalOut()
 .text._ZN4CCW321_setupDigitalInPullUpEv
                0x080038c0       0x28 ..\obj\pin.o
                0x080038c0                CCW3::_setupDigitalInPullUp()
 .text._ZN4CCW323_setupDigitalInPullDownEv
                0x080038e8       0x28 ..\obj\pin.o
                0x080038e8                CCW3::_setupDigitalInPullDown()
 .text._ZN3CW413_digitalWriteEv
                0x08003910       0x20 ..\obj\pin.o
                0x08003910                CW4::_digitalWrite()
 .text._ZN3CW413_digitalWriteEi
                0x08003930       0x2c ..\obj\pin.o
                0x08003930                CW4::_digitalWrite(int)
 .text._ZN3CW412_digitalReadEv
                0x0800395c       0x20 ..\obj\pin.o
                0x0800395c                CW4::_digitalRead()
 .text._ZN3CW415_setupDigitalInEv
                0x0800397c       0x28 ..\obj\pin.o
                0x0800397c                CW4::_setupDigitalIn()
 .text._ZN3CW416_setupDigitalOutEv
                0x080039a4       0x28 ..\obj\pin.o
                0x080039a4                CW4::_setupDigitalOut()
 .text._ZN3CW421_setupDigitalInPullUpEv
                0x080039cc       0x28 ..\obj\pin.o
                0x080039cc                CW4::_setupDigitalInPullUp()
 .text._ZN3CW423_setupDigitalInPullDownEv
                0x080039f4       0x28 ..\obj\pin.o
                0x080039f4                CW4::_setupDigitalInPullDown()
 .text._ZN4CCW413_digitalWriteEv
                0x08003a1c       0x20 ..\obj\pin.o
                0x08003a1c                CCW4::_digitalWrite()
 .text._ZN4CCW413_digitalWriteEi
                0x08003a3c       0x2c ..\obj\pin.o
                0x08003a3c                CCW4::_digitalWrite(int)
 .text._ZN4CCW412_digitalReadEv
                0x08003a68       0x20 ..\obj\pin.o
                0x08003a68                CCW4::_digitalRead()
 .text._ZN4CCW415_setupDigitalInEv
                0x08003a88       0x28 ..\obj\pin.o
                0x08003a88                CCW4::_setupDigitalIn()
 .text._ZN4CCW416_setupDigitalOutEv
                0x08003ab0       0x28 ..\obj\pin.o
                0x08003ab0                CCW4::_setupDigitalOut()
 .text._ZN4CCW421_setupDigitalInPullUpEv
                0x08003ad8       0x28 ..\obj\pin.o
                0x08003ad8                CCW4::_setupDigitalInPullUp()
 .text._ZN4CCW423_setupDigitalInPullDownEv
                0x08003b00       0x28 ..\obj\pin.o
                0x08003b00                CCW4::_setupDigitalInPullDown()
 .text._ZN3CW513_digitalWriteEv
                0x08003b28       0x20 ..\obj\pin.o
                0x08003b28                CW5::_digitalWrite()
 .text._ZN3CW513_digitalWriteEi
                0x08003b48       0x30 ..\obj\pin.o
                0x08003b48                CW5::_digitalWrite(int)
 .text._ZN3CW512_digitalReadEv
                0x08003b78       0x20 ..\obj\pin.o
                0x08003b78                CW5::_digitalRead()
 .text._ZN3CW515_setupDigitalInEv
                0x08003b98       0x28 ..\obj\pin.o
                0x08003b98                CW5::_setupDigitalIn()
 .text._ZN3CW516_setupDigitalOutEv
                0x08003bc0       0x28 ..\obj\pin.o
                0x08003bc0                CW5::_setupDigitalOut()
 .text._ZN3CW521_setupDigitalInPullUpEv
                0x08003be8       0x28 ..\obj\pin.o
                0x08003be8                CW5::_setupDigitalInPullUp()
 .text._ZN3CW523_setupDigitalInPullDownEv
                0x08003c10       0x28 ..\obj\pin.o
                0x08003c10                CW5::_setupDigitalInPullDown()
 .text._ZN4CCW513_digitalWriteEv
                0x08003c38       0x20 ..\obj\pin.o
                0x08003c38                CCW5::_digitalWrite()
 .text._ZN4CCW513_digitalWriteEi
                0x08003c58       0x2c ..\obj\pin.o
                0x08003c58                CCW5::_digitalWrite(int)
 .text._ZN4CCW512_digitalReadEv
                0x08003c84       0x20 ..\obj\pin.o
                0x08003c84                CCW5::_digitalRead()
 .text._ZN4CCW515_setupDigitalInEv
                0x08003ca4       0x28 ..\obj\pin.o
                0x08003ca4                CCW5::_setupDigitalIn()
 .text._ZN4CCW516_setupDigitalOutEv
                0x08003ccc       0x28 ..\obj\pin.o
                0x08003ccc                CCW5::_setupDigitalOut()
 .text._ZN4CCW521_setupDigitalInPullUpEv
                0x08003cf4       0x28 ..\obj\pin.o
                0x08003cf4                CCW5::_setupDigitalInPullUp()
 .text._ZN4CCW523_setupDigitalInPullDownEv
                0x08003d1c       0x28 ..\obj\pin.o
                0x08003d1c                CCW5::_setupDigitalInPullDown()
 .text._ZN2A013_digitalWriteEv
                0x08003d44       0x20 ..\obj\pin.o
                0x08003d44                A0::_digitalWrite()
 .text._ZN2A013_digitalWriteEi
                0x08003d64       0x2c ..\obj\pin.o
                0x08003d64                A0::_digitalWrite(int)
 .text._ZN2A012_digitalReadEv
                0x08003d90       0x20 ..\obj\pin.o
                0x08003d90                A0::_digitalRead()
 .text._ZN2A015_setupDigitalInEv
                0x08003db0       0x28 ..\obj\pin.o
                0x08003db0                A0::_setupDigitalIn()
 .text._ZN2A016_setupDigitalOutEv
                0x08003dd8       0x2c ..\obj\pin.o
                0x08003dd8                A0::_setupDigitalOut()
 .text._ZN2A021_setupDigitalInPullUpEv
                0x08003e04       0x28 ..\obj\pin.o
                0x08003e04                A0::_setupDigitalInPullUp()
 .text._ZN2A023_setupDigitalInPullDownEv
                0x08003e2c       0x28 ..\obj\pin.o
                0x08003e2c                A0::_setupDigitalInPullDown()
 .text._ZN2A113_digitalWriteEv
                0x08003e54       0x20 ..\obj\pin.o
                0x08003e54                A1::_digitalWrite()
 .text._ZN2A113_digitalWriteEi
                0x08003e74       0x2c ..\obj\pin.o
                0x08003e74                A1::_digitalWrite(int)
 .text._ZN2A112_digitalReadEv
                0x08003ea0       0x20 ..\obj\pin.o
                0x08003ea0                A1::_digitalRead()
 .text._ZN2A115_setupDigitalInEv
                0x08003ec0       0x28 ..\obj\pin.o
                0x08003ec0                A1::_setupDigitalIn()
 .text._ZN2A116_setupDigitalOutEv
                0x08003ee8       0x2c ..\obj\pin.o
                0x08003ee8                A1::_setupDigitalOut()
 .text._ZN2A121_setupDigitalInPullUpEv
                0x08003f14       0x28 ..\obj\pin.o
                0x08003f14                A1::_setupDigitalInPullUp()
 .text._ZN2A123_setupDigitalInPullDownEv
                0x08003f3c       0x28 ..\obj\pin.o
                0x08003f3c                A1::_setupDigitalInPullDown()
 .text._ZN2A213_digitalWriteEv
                0x08003f64       0x20 ..\obj\pin.o
                0x08003f64                A2::_digitalWrite()
 .text._ZN2A213_digitalWriteEi
                0x08003f84       0x2c ..\obj\pin.o
                0x08003f84                A2::_digitalWrite(int)
 .text._ZN2A212_digitalReadEv
                0x08003fb0       0x20 ..\obj\pin.o
                0x08003fb0                A2::_digitalRead()
 .text._ZN2A215_setupDigitalInEv
                0x08003fd0       0x28 ..\obj\pin.o
                0x08003fd0                A2::_setupDigitalIn()
 .text._ZN2A216_setupDigitalOutEv
                0x08003ff8       0x2c ..\obj\pin.o
                0x08003ff8                A2::_setupDigitalOut()
 .text._ZN2A221_setupDigitalInPullUpEv
                0x08004024       0x28 ..\obj\pin.o
                0x08004024                A2::_setupDigitalInPullUp()
 .text._ZN2A223_setupDigitalInPullDownEv
                0x0800404c       0x28 ..\obj\pin.o
                0x0800404c                A2::_setupDigitalInPullDown()
 .text._ZN2A313_digitalWriteEv
                0x08004074       0x20 ..\obj\pin.o
                0x08004074                A3::_digitalWrite()
 .text._ZN2A313_digitalWriteEi
                0x08004094       0x2c ..\obj\pin.o
                0x08004094                A3::_digitalWrite(int)
 .text._ZN2A312_digitalReadEv
                0x080040c0       0x20 ..\obj\pin.o
                0x080040c0                A3::_digitalRead()
 .text._ZN2A315_setupDigitalInEv
                0x080040e0       0x28 ..\obj\pin.o
                0x080040e0                A3::_setupDigitalIn()
 .text._ZN2A316_setupDigitalOutEv
                0x08004108       0x2c ..\obj\pin.o
                0x08004108                A3::_setupDigitalOut()
 .text._ZN2A321_setupDigitalInPullUpEv
                0x08004134       0x28 ..\obj\pin.o
                0x08004134                A3::_setupDigitalInPullUp()
 .text._ZN2A323_setupDigitalInPullDownEv
                0x0800415c       0x28 ..\obj\pin.o
                0x0800415c                A3::_setupDigitalInPullDown()
 .text._ZN2A413_digitalWriteEv
                0x08004184       0x20 ..\obj\pin.o
                0x08004184                A4::_digitalWrite()
 .text._ZN2A413_digitalWriteEi
                0x080041a4       0x2c ..\obj\pin.o
                0x080041a4                A4::_digitalWrite(int)
 .text._ZN2A412_digitalReadEv
                0x080041d0       0x20 ..\obj\pin.o
                0x080041d0                A4::_digitalRead()
 .text._ZN2A415_setupDigitalInEv
                0x080041f0       0x28 ..\obj\pin.o
                0x080041f0                A4::_setupDigitalIn()
 .text._ZN2A416_setupDigitalOutEv
                0x08004218       0x2c ..\obj\pin.o
                0x08004218                A4::_setupDigitalOut()
 .text._ZN2A421_setupDigitalInPullUpEv
                0x08004244       0x28 ..\obj\pin.o
                0x08004244                A4::_setupDigitalInPullUp()
 .text._ZN2A423_setupDigitalInPullDownEv
                0x0800426c       0x28 ..\obj\pin.o
                0x0800426c                A4::_setupDigitalInPullDown()
 .text._ZN4Pwm013_digitalWriteEv
                0x08004294       0x20 ..\obj\pin.o
                0x08004294                Pwm0::_digitalWrite()
 .text._ZN4Pwm013_digitalWriteEi
                0x080042b4       0x30 ..\obj\pin.o
                0x080042b4                Pwm0::_digitalWrite(int)
 .text._ZN4Pwm012_digitalReadEv
                0x080042e4       0x20 ..\obj\pin.o
                0x080042e4                Pwm0::_digitalRead()
 .text._ZN4Pwm015_setupDigitalInEv
                0x08004304       0x28 ..\obj\pin.o
                0x08004304                Pwm0::_setupDigitalIn()
 .text._ZN4Pwm016_setupDigitalOutEv
                0x0800432c       0x30 ..\obj\pin.o
                0x0800432c                Pwm0::_setupDigitalOut()
 .text._ZN4Pwm021_setupDigitalInPullUpEv
                0x0800435c       0x28 ..\obj\pin.o
                0x0800435c                Pwm0::_setupDigitalInPullUp()
 .text._ZN4Pwm023_setupDigitalInPullDownEv
                0x08004384       0x28 ..\obj\pin.o
                0x08004384                Pwm0::_setupDigitalInPullDown()
 .text._ZN4Pwm113_digitalWriteEv
                0x080043ac       0x20 ..\obj\pin.o
                0x080043ac                Pwm1::_digitalWrite()
 .text._ZN4Pwm113_digitalWriteEi
                0x080043cc       0x2c ..\obj\pin.o
                0x080043cc                Pwm1::_digitalWrite(int)
 .text._ZN4Pwm112_digitalReadEv
                0x080043f8       0x20 ..\obj\pin.o
                0x080043f8                Pwm1::_digitalRead()
 .text._ZN4Pwm115_setupDigitalInEv
                0x08004418       0x28 ..\obj\pin.o
                0x08004418                Pwm1::_setupDigitalIn()
 .text._ZN4Pwm116_setupDigitalOutEv
                0x08004440       0x2c ..\obj\pin.o
                0x08004440                Pwm1::_setupDigitalOut()
 .text._ZN4Pwm121_setupDigitalInPullUpEv
                0x0800446c       0x28 ..\obj\pin.o
                0x0800446c                Pwm1::_setupDigitalInPullUp()
 .text._ZN4Pwm123_setupDigitalInPullDownEv
                0x08004494       0x28 ..\obj\pin.o
                0x08004494                Pwm1::_setupDigitalInPullDown()
 .text._ZN4Pwm213_digitalWriteEv
                0x080044bc       0x20 ..\obj\pin.o
                0x080044bc                Pwm2::_digitalWrite()
 .text._ZN4Pwm213_digitalWriteEi
                0x080044dc       0x2c ..\obj\pin.o
                0x080044dc                Pwm2::_digitalWrite(int)
 .text._ZN4Pwm212_digitalReadEv
                0x08004508       0x20 ..\obj\pin.o
                0x08004508                Pwm2::_digitalRead()
 .text._ZN4Pwm215_setupDigitalInEv
                0x08004528       0x28 ..\obj\pin.o
                0x08004528                Pwm2::_setupDigitalIn()
 .text._ZN4Pwm216_setupDigitalOutEv
                0x08004550       0x2c ..\obj\pin.o
                0x08004550                Pwm2::_setupDigitalOut()
 .text._ZN4Pwm221_setupDigitalInPullUpEv
                0x0800457c       0x28 ..\obj\pin.o
                0x0800457c                Pwm2::_setupDigitalInPullUp()
 .text._ZN4Pwm223_setupDigitalInPullDownEv
                0x080045a4       0x28 ..\obj\pin.o
                0x080045a4                Pwm2::_setupDigitalInPullDown()
 .text._ZN4Pwm313_digitalWriteEv
                0x080045cc       0x20 ..\obj\pin.o
                0x080045cc                Pwm3::_digitalWrite()
 .text._ZN4Pwm313_digitalWriteEi
                0x080045ec       0x30 ..\obj\pin.o
                0x080045ec                Pwm3::_digitalWrite(int)
 .text._ZN4Pwm312_digitalReadEv
                0x0800461c       0x20 ..\obj\pin.o
                0x0800461c                Pwm3::_digitalRead()
 .text._ZN4Pwm315_setupDigitalInEv
                0x0800463c       0x28 ..\obj\pin.o
                0x0800463c                Pwm3::_setupDigitalIn()
 .text._ZN4Pwm316_setupDigitalOutEv
                0x08004664       0x30 ..\obj\pin.o
                0x08004664                Pwm3::_setupDigitalOut()
 .text._ZN4Pwm321_setupDigitalInPullUpEv
                0x08004694       0x28 ..\obj\pin.o
                0x08004694                Pwm3::_setupDigitalInPullUp()
 .text._ZN4Pwm323_setupDigitalInPullDownEv
                0x080046bc       0x28 ..\obj\pin.o
                0x080046bc                Pwm3::_setupDigitalInPullDown()
 .text._ZN4Pwm413_digitalWriteEv
                0x080046e4       0x20 ..\obj\pin.o
                0x080046e4                Pwm4::_digitalWrite()
 .text._ZN4Pwm413_digitalWriteEi
                0x08004704       0x30 ..\obj\pin.o
                0x08004704                Pwm4::_digitalWrite(int)
 .text._ZN4Pwm412_digitalReadEv
                0x08004734       0x20 ..\obj\pin.o
                0x08004734                Pwm4::_digitalRead()
 .text._ZN4Pwm415_setupDigitalInEv
                0x08004754       0x28 ..\obj\pin.o
                0x08004754                Pwm4::_setupDigitalIn()
 .text._ZN4Pwm416_setupDigitalOutEv
                0x0800477c       0x30 ..\obj\pin.o
                0x0800477c                Pwm4::_setupDigitalOut()
 .text._ZN4Pwm421_setupDigitalInPullUpEv
                0x080047ac       0x28 ..\obj\pin.o
                0x080047ac                Pwm4::_setupDigitalInPullUp()
 .text._ZN4Pwm423_setupDigitalInPullDownEv
                0x080047d4       0x28 ..\obj\pin.o
                0x080047d4                Pwm4::_setupDigitalInPullDown()
 .text._ZN4Pwm513_digitalWriteEv
                0x080047fc       0x20 ..\obj\pin.o
                0x080047fc                Pwm5::_digitalWrite()
 .text._ZN4Pwm513_digitalWriteEi
                0x0800481c       0x30 ..\obj\pin.o
                0x0800481c                Pwm5::_digitalWrite(int)
 .text._ZN4Pwm512_digitalReadEv
                0x0800484c       0x20 ..\obj\pin.o
                0x0800484c                Pwm5::_digitalRead()
 .text._ZN4Pwm515_setupDigitalInEv
                0x0800486c       0x28 ..\obj\pin.o
                0x0800486c                Pwm5::_setupDigitalIn()
 .text._ZN4Pwm516_setupDigitalOutEv
                0x08004894       0x30 ..\obj\pin.o
                0x08004894                Pwm5::_setupDigitalOut()
 .text._ZN4Pwm521_setupDigitalInPullUpEv
                0x080048c4       0x28 ..\obj\pin.o
                0x080048c4                Pwm5::_setupDigitalInPullUp()
 .text._ZN4Pwm523_setupDigitalInPullDownEv
                0x080048ec       0x28 ..\obj\pin.o
                0x080048ec                Pwm5::_setupDigitalInPullDown()
 .text._ZN2A014_setupAnalogInEv
                0x08004914       0x24 ..\obj\pin.o
                0x08004914                A0::_setupAnalogIn()
 .text._ZThn8_N2A014_setupAnalogInEv
                0x08004938        0x8 ..\obj\pin.o
                0x08004938                non-virtual thunk to A0::_setupAnalogIn()
 .text._ZN2A011_analogReadEv
                0x08004940       0x40 ..\obj\pin.o
                0x08004940                A0::_analogRead()
 .text._ZThn8_N2A011_analogReadEv
                0x08004980        0x8 ..\obj\pin.o
                0x08004980                non-virtual thunk to A0::_analogRead()
 .text._ZN2A114_setupAnalogInEv
                0x08004988       0x24 ..\obj\pin.o
                0x08004988                A1::_setupAnalogIn()
 .text._ZThn8_N2A114_setupAnalogInEv
                0x080049ac        0x8 ..\obj\pin.o
                0x080049ac                non-virtual thunk to A1::_setupAnalogIn()
 .text._ZN2A111_analogReadEv
                0x080049b4       0x40 ..\obj\pin.o
                0x080049b4                A1::_analogRead()
 .text._ZThn8_N2A111_analogReadEv
                0x080049f4        0x8 ..\obj\pin.o
                0x080049f4                non-virtual thunk to A1::_analogRead()
 .text._ZN2A214_setupAnalogInEv
                0x080049fc       0x24 ..\obj\pin.o
                0x080049fc                A2::_setupAnalogIn()
 .text._ZThn8_N2A214_setupAnalogInEv
                0x08004a20        0x8 ..\obj\pin.o
                0x08004a20                non-virtual thunk to A2::_setupAnalogIn()
 .text._ZN2A211_analogReadEv
                0x08004a28       0x40 ..\obj\pin.o
                0x08004a28                A2::_analogRead()
 .text._ZThn8_N2A211_analogReadEv
                0x08004a68        0x8 ..\obj\pin.o
                0x08004a68                non-virtual thunk to A2::_analogRead()
 .text._ZN2A314_setupAnalogInEv
                0x08004a70       0x24 ..\obj\pin.o
                0x08004a70                A3::_setupAnalogIn()
 .text._ZThn8_N2A314_setupAnalogInEv
                0x08004a94        0x8 ..\obj\pin.o
                0x08004a94                non-virtual thunk to A3::_setupAnalogIn()
 .text._ZN2A311_analogReadEv
                0x08004a9c       0x40 ..\obj\pin.o
                0x08004a9c                A3::_analogRead()
 .text._ZThn8_N2A311_analogReadEv
                0x08004adc        0x8 ..\obj\pin.o
                0x08004adc                non-virtual thunk to A3::_analogRead()
 .text._ZN2A414_setupAnalogInEv
                0x08004ae4       0x24 ..\obj\pin.o
                0x08004ae4                A4::_setupAnalogIn()
 .text._ZThn8_N2A414_setupAnalogInEv
                0x08004b08        0x8 ..\obj\pin.o
                0x08004b08                non-virtual thunk to A4::_setupAnalogIn()
 .text._ZN2A411_analogReadEv
                0x08004b10       0x40 ..\obj\pin.o
                0x08004b10                A4::_analogRead()
 .text._ZThn8_N2A411_analogReadEv
                0x08004b50        0x8 ..\obj\pin.o
                0x08004b50                non-virtual thunk to A4::_analogRead()
 .text._ZN4Enc05setupEv
                0x08004b58       0x28 ..\obj\pin.o
                0x08004b58                Enc0::setup()
 .text._ZN4Enc05countEv
                0x08004b80       0x30 ..\obj\pin.o
                0x08004b80                Enc0::count()
 .text._ZN4Enc15setupEv
                0x08004bb0       0x24 ..\obj\pin.o
                0x08004bb0                Enc1::setup()
 .text._ZN4Enc15countEv
                0x08004bd4       0x30 ..\obj\pin.o
                0x08004bd4                Enc1::count()
 .text._ZN4Enc25setupEv
                0x08004c04       0x24 ..\obj\pin.o
                0x08004c04                Enc2::setup()
 .text._ZN4Enc25countEv
                0x08004c28       0x30 ..\obj\pin.o
                0x08004c28                Enc2::count()
 .text._ZN4Pwm012_setupPwmOutEff
                0x08004c58       0x48 ..\obj\pin.o
                0x08004c58                Pwm0::_setupPwmOut(float, float)
 .text._ZThn8_N4Pwm012_setupPwmOutEff
                0x08004ca0        0x8 ..\obj\pin.o
                0x08004ca0                non-virtual thunk to Pwm0::_setupPwmOut(float, float)
 .text._ZN4Pwm09_pwmWriteEf
                0x08004ca8       0x20 ..\obj\pin.o
                0x08004ca8                Pwm0::_pwmWrite(float)
 .text._ZThn8_N4Pwm09_pwmWriteEf
                0x08004cc8        0x8 ..\obj\pin.o
                0x08004cc8                non-virtual thunk to Pwm0::_pwmWrite(float)
 .text._ZN4Pwm09_pwmWriteEv
                0x08004cd0       0x20 ..\obj\pin.o
                0x08004cd0                Pwm0::_pwmWrite()
 .text._ZThn8_N4Pwm09_pwmWriteEv
                0x08004cf0        0x8 ..\obj\pin.o
                0x08004cf0                non-virtual thunk to Pwm0::_pwmWrite()
 .text._ZN4Pwm112_setupPwmOutEff
                0x08004cf8       0x44 ..\obj\pin.o
                0x08004cf8                Pwm1::_setupPwmOut(float, float)
 .text._ZThn8_N4Pwm112_setupPwmOutEff
                0x08004d3c        0x8 ..\obj\pin.o
                0x08004d3c                non-virtual thunk to Pwm1::_setupPwmOut(float, float)
 .text._ZN4Pwm19_pwmWriteEf
                0x08004d44       0x20 ..\obj\pin.o
                0x08004d44                Pwm1::_pwmWrite(float)
 .text._ZThn8_N4Pwm19_pwmWriteEf
                0x08004d64        0x8 ..\obj\pin.o
                0x08004d64                non-virtual thunk to Pwm1::_pwmWrite(float)
 .text._ZN4Pwm19_pwmWriteEv
                0x08004d6c       0x20 ..\obj\pin.o
                0x08004d6c                Pwm1::_pwmWrite()
 .text._ZThn8_N4Pwm19_pwmWriteEv
                0x08004d8c        0x8 ..\obj\pin.o
                0x08004d8c                non-virtual thunk to Pwm1::_pwmWrite()
 .text._ZN4Pwm212_setupPwmOutEff
                0x08004d94       0x44 ..\obj\pin.o
                0x08004d94                Pwm2::_setupPwmOut(float, float)
 .text._ZThn8_N4Pwm212_setupPwmOutEff
                0x08004dd8        0x8 ..\obj\pin.o
                0x08004dd8                non-virtual thunk to Pwm2::_setupPwmOut(float, float)
 .text._ZN4Pwm29_pwmWriteEf
                0x08004de0       0x20 ..\obj\pin.o
                0x08004de0                Pwm2::_pwmWrite(float)
 .text._ZThn8_N4Pwm29_pwmWriteEf
                0x08004e00        0x8 ..\obj\pin.o
                0x08004e00                non-virtual thunk to Pwm2::_pwmWrite(float)
 .text._ZN4Pwm29_pwmWriteEv
                0x08004e08       0x20 ..\obj\pin.o
                0x08004e08                Pwm2::_pwmWrite()
 .text._ZThn8_N4Pwm29_pwmWriteEv
                0x08004e28        0x8 ..\obj\pin.o
                0x08004e28                non-virtual thunk to Pwm2::_pwmWrite()
 .text._ZN4Pwm312_setupPwmOutEff
                0x08004e30       0x48 ..\obj\pin.o
                0x08004e30                Pwm3::_setupPwmOut(float, float)
 .text._ZThn8_N4Pwm312_setupPwmOutEff
                0x08004e78        0x8 ..\obj\pin.o
                0x08004e78                non-virtual thunk to Pwm3::_setupPwmOut(float, float)
 .text._ZN4Pwm39_pwmWriteEf
                0x08004e80       0x20 ..\obj\pin.o
                0x08004e80                Pwm3::_pwmWrite(float)
 .text._ZThn8_N4Pwm39_pwmWriteEf
                0x08004ea0        0x8 ..\obj\pin.o
                0x08004ea0                non-virtual thunk to Pwm3::_pwmWrite(float)
 .text._ZN4Pwm39_pwmWriteEv
                0x08004ea8       0x20 ..\obj\pin.o
                0x08004ea8                Pwm3::_pwmWrite()
 .text._ZThn8_N4Pwm39_pwmWriteEv
                0x08004ec8        0x8 ..\obj\pin.o
                0x08004ec8                non-virtual thunk to Pwm3::_pwmWrite()
 .text._ZN4Pwm412_setupPwmOutEff
                0x08004ed0       0x48 ..\obj\pin.o
                0x08004ed0                Pwm4::_setupPwmOut(float, float)
 .text._ZThn8_N4Pwm412_setupPwmOutEff
                0x08004f18        0x8 ..\obj\pin.o
                0x08004f18                non-virtual thunk to Pwm4::_setupPwmOut(float, float)
 .text._ZN4Pwm49_pwmWriteEf
                0x08004f20       0x20 ..\obj\pin.o
                0x08004f20                Pwm4::_pwmWrite(float)
 .text._ZThn8_N4Pwm49_pwmWriteEf
                0x08004f40        0x8 ..\obj\pin.o
                0x08004f40                non-virtual thunk to Pwm4::_pwmWrite(float)
 .text._ZN4Pwm49_pwmWriteEv
                0x08004f48       0x20 ..\obj\pin.o
                0x08004f48                Pwm4::_pwmWrite()
 .text._ZThn8_N4Pwm49_pwmWriteEv
                0x08004f68        0x8 ..\obj\pin.o
                0x08004f68                non-virtual thunk to Pwm4::_pwmWrite()
 .text._ZN4Pwm512_setupPwmOutEff
                0x08004f70       0x48 ..\obj\pin.o
                0x08004f70                Pwm5::_setupPwmOut(float, float)
 .text._ZThn8_N4Pwm512_setupPwmOutEff
                0x08004fb8        0x8 ..\obj\pin.o
                0x08004fb8                non-virtual thunk to Pwm5::_setupPwmOut(float, float)
 .text._ZN4Pwm59_pwmWriteEf
                0x08004fc0       0x20 ..\obj\pin.o
                0x08004fc0                Pwm5::_pwmWrite(float)
 .text._ZThn8_N4Pwm59_pwmWriteEf
                0x08004fe0        0x8 ..\obj\pin.o
                0x08004fe0                non-virtual thunk to Pwm5::_pwmWrite(float)
 .text._ZN4Pwm59_pwmWriteEv
                0x08004fe8       0x20 ..\obj\pin.o
                0x08004fe8                Pwm5::_pwmWrite()
 .text._ZThn8_N4Pwm59_pwmWriteEv
                0x08005008        0x8 ..\obj\pin.o
                0x08005008                non-virtual thunk to Pwm5::_pwmWrite()
 .text._ZN4Led212_setupPwmOutEff
                0x08005010       0x48 ..\obj\pin.o
                0x08005010                Led2::_setupPwmOut(float, float)
 .text._ZThn8_N4Led212_setupPwmOutEff
                0x08005058        0x8 ..\obj\pin.o
                0x08005058                non-virtual thunk to Led2::_setupPwmOut(float, float)
 .text._ZN4Led29_pwmWriteEf
                0x08005060       0x20 ..\obj\pin.o
                0x08005060                Led2::_pwmWrite(float)
 .text._ZThn8_N4Led29_pwmWriteEf
                0x08005080        0x8 ..\obj\pin.o
                0x08005080                non-virtual thunk to Led2::_pwmWrite(float)
 .text._ZN4Led29_pwmWriteEv
                0x08005088       0x20 ..\obj\pin.o
                0x08005088                Led2::_pwmWrite()
 .text._ZThn8_N4Led29_pwmWriteEv
                0x080050a8        0x8 ..\obj\pin.o
                0x080050a8                non-virtual thunk to Led2::_pwmWrite()
 .text._ZN4Led312_setupPwmOutEff
                0x080050b0       0x48 ..\obj\pin.o
                0x080050b0                Led3::_setupPwmOut(float, float)
 .text._ZThn8_N4Led312_setupPwmOutEff
                0x080050f8        0x8 ..\obj\pin.o
                0x080050f8                non-virtual thunk to Led3::_setupPwmOut(float, float)
 .text._ZN4Led39_pwmWriteEf
                0x08005100       0x20 ..\obj\pin.o
                0x08005100                Led3::_pwmWrite(float)
 .text._ZThn8_N4Led39_pwmWriteEf
                0x08005120        0x8 ..\obj\pin.o
                0x08005120                non-virtual thunk to Led3::_pwmWrite(float)
 .text._ZN4Led39_pwmWriteEv
                0x08005128       0x20 ..\obj\pin.o
                0x08005128                Led3::_pwmWrite()
 .text._ZThn8_N4Led39_pwmWriteEv
                0x08005148        0x8 ..\obj\pin.o
                0x08005148                non-virtual thunk to Led3::_pwmWrite()
 .text._ZN6Buzzer12_setupPwmOutEff
                0x08005150       0x44 ..\obj\pin.o
                0x08005150                Buzzer::_setupPwmOut(float, float)
 .text._ZThn8_N6Buzzer12_setupPwmOutEff
                0x08005194        0x8 ..\obj\pin.o
                0x08005194                non-virtual thunk to Buzzer::_setupPwmOut(float, float)
 .text._ZN6Buzzer9_pwmWriteEf
                0x0800519c       0x20 ..\obj\pin.o
                0x0800519c                Buzzer::_pwmWrite(float)
 .text._ZThn8_N6Buzzer9_pwmWriteEf
                0x080051bc        0x8 ..\obj\pin.o
                0x080051bc                non-virtual thunk to Buzzer::_pwmWrite(float)
 .text._ZN6Buzzer9_pwmWriteEv
                0x080051c4       0x20 ..\obj\pin.o
                0x080051c4                Buzzer::_pwmWrite()
 .text._ZThn8_N6Buzzer9_pwmWriteEv
                0x080051e4        0x8 ..\obj\pin.o
                0x080051e4                non-virtual thunk to Buzzer::_pwmWrite()
 .text._ZN7Serial06_setupEiR15SerialInterfaceii
                0x080051ec       0x4c ..\obj\pin.o
                0x080051ec                Serial0::_setup(int, SerialInterface&, int, int)
 .text._ZN7Serial09charWriteEc
                0x08005238       0x3c ..\obj\pin.o
                0x08005238                Serial0::charWrite(char)
 .text._Z17serial0_interruptv
                0x08005274       0x2c ..\obj\pin.o
                0x08005274                serial0_interrupt()
 .text.USART2_IRQHandler
                0x080052a0        0xc ..\obj\pin.o
                0x080052a0                USART2_IRQHandler
 .text._ZN7Serial16_setupEiR15SerialInterfaceii
                0x080052ac       0x50 ..\obj\pin.o
                0x080052ac                Serial1::_setup(int, SerialInterface&, int, int)
 .text._ZN7Serial19charWriteEc
                0x080052fc       0x3c ..\obj\pin.o
                0x080052fc                Serial1::charWrite(char)
 .text.std_char_out
                0x08005338       0x3c ..\obj\pin.o
                0x08005338                std_char_out
 .text.std_char_out_setup
                0x08005374       0x60 ..\obj\pin.o
                0x08005374                std_char_out_setup
 .text._ZN10RingBufferIcLi256EEC2Ev
                0x080053d4       0x28 ..\obj\pin.o
                0x080053d4                RingBuffer<char, 256>::RingBuffer()
                0x080053d4                RingBuffer<char, 256>::RingBuffer()
 .text._ZN10RingBufferIcLi256EE5writeEc
                0x080053fc       0x60 ..\obj\pin.o
                0x080053fc                RingBuffer<char, 256>::write(char)
 .text._ZN10RingBufferIcLi256EE7isEmptyEv
                0x0800545c       0x2c ..\obj\pin.o
                0x0800545c                RingBuffer<char, 256>::isEmpty()
 .text._ZN10RingBufferIcLi256EE4readEv
                0x08005488       0x5c ..\obj\pin.o
                0x08005488                RingBuffer<char, 256>::read()
 .text._ZN7EncoderC2Ev
                0x080054e4       0x34 ..\obj\main.o
                0x080054e4                Encoder::Encoder()
                0x080054e4                Encoder::Encoder()
 .text._ZN7DigitalC2Ev
                0x08005518       0x20 ..\obj\main.o
                0x08005518                Digital::Digital()
                0x08005518                Digital::Digital()
 .text._ZN3PwmC2Ev
                0x08005538       0x20 ..\obj\main.o
                0x08005538                Pwm::Pwm()
                0x08005538                Pwm::Pwm()
 .text._ZN4Pwm0C2Ev
                0x08005558       0x40 ..\obj\main.o
                0x08005558                Pwm0::Pwm0()
                0x08005558                Pwm0::Pwm0()
 .text._ZN4Pwm1C2Ev
                0x08005598       0x40 ..\obj\main.o
                0x08005598                Pwm1::Pwm1()
                0x08005598                Pwm1::Pwm1()
 .text._ZN4Pwm2C2Ev
                0x080055d8       0x40 ..\obj\main.o
                0x080055d8                Pwm2::Pwm2()
                0x080055d8                Pwm2::Pwm2()
 .text._ZN4JKIT2MCEv
                0x08005618      0x4a0 ..\obj\main.o
                0x08005618                JKIT::MC()
 .text._ZN4JKIT2ENEv
                0x08005ab8      0x538 ..\obj\main.o
                0x08005ab8                JKIT::EN()
 .text._ZN3CW0C2Ev
                0x08005ff0       0x24 ..\obj\main.o
                0x08005ff0                CW0::CW0()
                0x08005ff0                CW0::CW0()
 .text._ZN4CCW0C2Ev
                0x08006014       0x24 ..\obj\main.o
                0x08006014                CCW0::CCW0()
                0x08006014                CCW0::CCW0()
 .text._ZN3CW1C2Ev
                0x08006038       0x24 ..\obj\main.o
                0x08006038                CW1::CW1()
                0x08006038                CW1::CW1()
 .text._ZN4CCW1C2Ev
                0x0800605c       0x24 ..\obj\main.o
                0x0800605c                CCW1::CCW1()
                0x0800605c                CCW1::CCW1()
 .text._ZN3CW2C2Ev
                0x08006080       0x24 ..\obj\main.o
                0x08006080                CW2::CW2()
                0x08006080                CW2::CW2()
 .text._ZN4CCW2C2Ev
                0x080060a4       0x24 ..\obj\main.o
                0x080060a4                CCW2::CCW2()
                0x080060a4                CCW2::CCW2()
 .text._ZN4Enc0C2Ev
                0x080060c8       0x24 ..\obj\main.o
                0x080060c8                Enc0::Enc0()
                0x080060c8                Enc0::Enc0()
 .text._ZN4Enc1C2Ev
                0x080060ec       0x24 ..\obj\main.o
                0x080060ec                Enc1::Enc1()
                0x080060ec                Enc1::Enc1()
 .text._ZN4Enc2C2Ev
                0x08006110       0x24 ..\obj\main.o
                0x08006110                Enc2::Enc2()
                0x08006110                Enc2::Enc2()
 .text._ZN6SerialC2Ev
                0x08006134       0x20 ..\obj\main.o
                0x08006134                Serial::Serial()
                0x08006134                Serial::Serial()
 .text._ZN7Serial0C2Ev
                0x08006154       0x24 ..\obj\main.o
                0x08006154                Serial0::Serial0()
                0x08006154                Serial0::Serial0()
 .text._ZN4JKITC2Ev
                0x08006178      0x274 ..\obj\main.o
                0x08006178                JKIT::JKIT()
                0x08006178                JKIT::JKIT()
 .text.main     0x080063ec       0x24 ..\obj\main.o
                0x080063ec                main
 .text.RCC_GetClocksFreq
                0x08006410      0x154 ..\obj\stm32f4xx_rcc.o
                0x08006410                RCC_GetClocksFreq
 .text.RCC_AHB1PeriphClockCmd
                0x08006564       0x3c ..\obj\stm32f4xx_rcc.o
                0x08006564                RCC_AHB1PeriphClockCmd
 .text.RCC_APB1PeriphClockCmd
                0x080065a0       0x3c ..\obj\stm32f4xx_rcc.o
                0x080065a0                RCC_APB1PeriphClockCmd
 .text.RCC_APB2PeriphClockCmd
                0x080065dc       0x3c ..\obj\stm32f4xx_rcc.o
                0x080065dc                RCC_APB2PeriphClockCmd
 .text.RCC_APB2PeriphResetCmd
                0x08006618       0x3c ..\obj\stm32f4xx_rcc.o
                0x08006618                RCC_APB2PeriphResetCmd
 .text.system_setup
                0x08006654       0x2c ..\obj\system.o
                0x08006654                system_setup
 .text.ADC_DeInit
                0x08006680       0x1c ..\obj\stm32f4xx_adc.o
                0x08006680                ADC_DeInit
 .text.ADC_Init
                0x0800669c       0xa8 ..\obj\stm32f4xx_adc.o
                0x0800669c                ADC_Init
 .text.ADC_StructInit
                0x08006744       0x3c ..\obj\stm32f4xx_adc.o
                0x08006744                ADC_StructInit
 .text.ADC_CommonInit
                0x08006780       0x50 ..\obj\stm32f4xx_adc.o
                0x08006780                ADC_CommonInit
 .text.ADC_CommonStructInit
                0x080067d0       0x2c ..\obj\stm32f4xx_adc.o
                0x080067d0                ADC_CommonStructInit
 .text.ADC_Cmd  0x080067fc       0x38 ..\obj\stm32f4xx_adc.o
                0x080067fc                ADC_Cmd
 .text.ADC_RegularChannelConfig
                0x08006834      0x194 ..\obj\stm32f4xx_adc.o
                0x08006834                ADC_RegularChannelConfig
 .text.ADC_SoftwareStartConv
                0x080069c8       0x20 ..\obj\stm32f4xx_adc.o
                0x080069c8                ADC_SoftwareStartConv
 .text.ADC_DMACmd
                0x080069e8       0x38 ..\obj\stm32f4xx_adc.o
                0x080069e8                ADC_DMACmd
 .text.ADC_DMARequestAfterLastTransferCmd
                0x08006a20       0x38 ..\obj\stm32f4xx_adc.o
                0x08006a20                ADC_DMARequestAfterLastTransferCmd
 .text.Select_ADC_channel
                0x08006a58      0x100 ..\obj\config_adc.o
                0x08006a58                Select_ADC_channel
 .text.Init_ADC1
                0x08006b58      0x1d0 ..\obj\config_adc.o
                0x08006b58                Init_ADC1
 .text.get_ADC1_value
                0x08006d28       0x64 ..\obj\config_adc.o
                0x08006d28                get_ADC1_value
 .text.NMI_Handler
                0x08006d8c       0x1c ..\obj\error.o
                0x08006d8c                NMI_Handler
 .text.HardFault_Handler
                0x08006da8       0x1c ..\obj\error.o
                0x08006da8                HardFault_Handler
 .text.MemManage_Handler
                0x08006dc4       0x1c ..\obj\error.o
                0x08006dc4                MemManage_Handler
 .text.BusFault_Handler
                0x08006de0       0x1c ..\obj\error.o
                0x08006de0                BusFault_Handler
 .text.UsageFault_Handler
                0x08006dfc       0x1c ..\obj\error.o
                0x08006dfc                UsageFault_Handler
 .text.SVC_Handler
                0x08006e18       0x1c ..\obj\error.o
                0x08006e18                SVC_Handler
 .text.DebugMon_Handler
                0x08006e34       0x1c ..\obj\error.o
                0x08006e34                DebugMon_Handler
 .text.PendSV_Handler
                0x08006e50       0x1c ..\obj\error.o
                0x08006e50                PendSV_Handler
 .text.NVIC_SetPriority
                0x08006e6c       0x54 ..\obj\config_systick.o
 .text.SysTick_Config
                0x08006ec0       0x44 ..\obj\config_systick.o
 .text.Init_SysTick
                0x08006f04       0x44 ..\obj\config_systick.o
                0x08006f04                Init_SysTick
 .text.SD_ProcessIRQSrc
                0x08006f48       0xc8 ..\obj\stm32_ub_sdcard.o
                0x08006f48                SD_ProcessIRQSrc
 .text.SD_ProcessDMAIRQ
                0x08007010       0x30 ..\obj\stm32_ub_sdcard.o
                0x08007010                SD_ProcessDMAIRQ
 .text.SDIO_IRQHandler
                0x08007040        0xc ..\obj\stm32_ub_sdcard.o
                0x08007040                SDIO_IRQHandler
 .text.DMA2_Stream3_IRQHandler
                0x0800704c        0xc ..\obj\stm32_ub_sdcard.o
                0x0800704c                DMA2_Stream3_IRQHandler
 .text.GPIO_Init
                0x08007058      0x11c ..\obj\stm32f4xx_gpio.o
                0x08007058                GPIO_Init
 .text.GPIO_StructInit
                0x08007174       0x34 ..\obj\stm32f4xx_gpio.o
                0x08007174                GPIO_StructInit
 .text.GPIO_ReadInputDataBit
                0x080071a8       0x34 ..\obj\stm32f4xx_gpio.o
                0x080071a8                GPIO_ReadInputDataBit
 .text.GPIO_ReadOutputDataBit
                0x080071dc       0x34 ..\obj\stm32f4xx_gpio.o
                0x080071dc                GPIO_ReadOutputDataBit
 .text.GPIO_SetBits
                0x08007210       0x1c ..\obj\stm32f4xx_gpio.o
                0x08007210                GPIO_SetBits
 .text.GPIO_ResetBits
                0x0800722c       0x1c ..\obj\stm32f4xx_gpio.o
                0x0800722c                GPIO_ResetBits
 .text.GPIO_PinAFConfig
                0x08007248       0x90 ..\obj\stm32f4xx_gpio.o
                0x08007248                GPIO_PinAFConfig
 .text.SystemInit
                0x080072d8       0x58 ..\obj\system_stm32f4xx.o
                0x080072d8                SystemInit
 .text.SystemCoreClockUpdate
                0x08007330       0xf8 ..\obj\system_stm32f4xx.o
                0x08007330                SystemCoreClockUpdate
 .text.SetSysClock
                0x08007428       0xf4 ..\obj\system_stm32f4xx.o
 .text._sbrk    0x0800751c       0x40 ..\obj\syscalls.o
                0x0800751c                _sbrk
 .text._close   0x0800755c       0x18 ..\obj\syscalls.o
                0x0800755c                _close
 .text._fstat   0x08007574       0x20 ..\obj\syscalls.o
                0x08007574                _fstat
 .text._isatty  0x08007594       0x18 ..\obj\syscalls.o
                0x08007594                _isatty
 .text._lseek   0x080075ac       0x1c ..\obj\syscalls.o
                0x080075ac                _lseek
 .text._read    0x080075c8       0x1c ..\obj\syscalls.o
                0x080075c8                _read
 .text._write   0x080075e4       0x38 ..\obj\syscalls.o
                0x080075e4                _write
 .text.abort    0x0800761c        0x8 ..\obj\syscalls.o
                0x0800761c                abort
 .text.DMA_DeInit
                0x08007624      0x1a4 ..\obj\stm32f4xx_dma.o
                0x08007624                DMA_DeInit
 .text.DMA_Init
                0x080077c8       0xac ..\obj\stm32f4xx_dma.o
                0x080077c8                DMA_Init
 .text.DMA_StructInit
                0x08007874       0x6c ..\obj\stm32f4xx_dma.o
                0x08007874                DMA_StructInit
 .text.DMA_Cmd  0x080078e0       0x38 ..\obj\stm32f4xx_dma.o
                0x080078e0                DMA_Cmd
 .text.DMA_ClearFlag
                0x08007918       0x5c ..\obj\stm32f4xx_dma.o
                0x08007918                DMA_ClearFlag
 .text.USB_OTG_BSP_uDelay
                0x08007974       0x48 ..\obj\usb_bsp.o
                0x08007974                USB_OTG_BSP_uDelay
 .text.USBD_StdDevReq
                0x080079bc       0xa0 ..\obj\usbd_req.o
                0x080079bc                USBD_StdDevReq
 .text.USBD_StdItfReq
                0x08007a5c       0x68 ..\obj\usbd_req.o
                0x08007a5c                USBD_StdItfReq
 .text.USBD_StdEPReq
                0x08007ac4      0x1b0 ..\obj\usbd_req.o
                0x08007ac4                USBD_StdEPReq
 .text.USBD_GetDescriptor
                0x08007c74      0x1b8 ..\obj\usbd_req.o
 .text.USBD_SetAddress
                0x08007e2c       0x7c ..\obj\usbd_req.o
 .text.USBD_SetConfig
                0x08007ea8       0xf4 ..\obj\usbd_req.o
 .text.USBD_GetConfig
                0x08007f9c       0x60 ..\obj\usbd_req.o
 .text.USBD_GetStatus
                0x08007ffc       0x50 ..\obj\usbd_req.o
 .text.USBD_SetFeature
                0x0800804c       0xcc ..\obj\usbd_req.o
 .text.USBD_ClrFeature
                0x08008118       0x50 ..\obj\usbd_req.o
 .text.USBD_ParseSetupRequest
                0x08008168       0x90 ..\obj\usbd_req.o
                0x08008168                USBD_ParseSetupRequest
 .text.USBD_CtlError
                0x080081f8       0x48 ..\obj\usbd_req.o
                0x080081f8                USBD_CtlError
 .text.USBD_OTG_ISR_Handler
                0x08008240      0x15c ..\obj\usb_dcd_int.o
                0x08008240                USBD_OTG_ISR_Handler
 .text.DCD_HandleResume_ISR
                0x0800839c       0x80 ..\obj\usb_dcd_int.o
 .text.DCD_HandleUSBSuspend_ISR
                0x0800841c       0x9c ..\obj\usb_dcd_int.o
 .text.DCD_HandleInEP_ISR
                0x080084b8      0x1ec ..\obj\usb_dcd_int.o
 .text.DCD_HandleOutEP_ISR
                0x080086a4      0x178 ..\obj\usb_dcd_int.o
 .text.DCD_HandleSof_ISR
                0x0800881c       0x34 ..\obj\usb_dcd_int.o
 .text.DCD_HandleRxStatusQueueLevel_ISR
                0x08008850      0x104 ..\obj\usb_dcd_int.o
 .text.DCD_WriteEmptyTxFifo
                0x08008954       0xe4 ..\obj\usb_dcd_int.o
 .text.DCD_HandleUsbReset_ISR
                0x08008a38      0x138 ..\obj\usb_dcd_int.o
 .text.DCD_HandleEnumDone_ISR
                0x08008b70       0x78 ..\obj\usb_dcd_int.o
 .text.DCD_IsoINIncomplete_ISR
                0x08008be8       0x34 ..\obj\usb_dcd_int.o
 .text.DCD_IsoOUTIncomplete_ISR
                0x08008c1c       0x34 ..\obj\usb_dcd_int.o
 .text.DCD_ReadDevInEP
                0x08008c50       0x50 ..\obj\usb_dcd_int.o
 .text.EXTI_ClearITPendingBit
                0x08008ca0       0x1c ..\obj\stm32f4xx_exti.o
                0x08008ca0                EXTI_ClearITPendingBit
 .text.Analysis_GPIO_Pin
                0x08008cbc      0x168 ..\obj\name_converter.o
                0x08008cbc                Analysis_GPIO_Pin
 .text.GPIO_af_USART_select
                0x08008e24       0x84 ..\obj\name_converter.o
                0x08008e24                GPIO_af_USART_select
 .text.USART_irqn_select
                0x08008ea8       0x84 ..\obj\name_converter.o
                0x08008ea8                USART_irqn_select
 .text.Tim_irqn_select
                0x08008f2c       0x94 ..\obj\name_converter.o
                0x08008f2c                Tim_irqn_select
 .text.RCC_PeriphClock_TIM
                0x08008fc0      0x1b0 ..\obj\name_converter.o
                0x08008fc0                RCC_PeriphClock_TIM
 .text.RCC_PeriphClock_USART
                0x08009170      0x12c ..\obj\name_converter.o
                0x08009170                RCC_PeriphClock_USART
 .text.NVIC_Configuration
                0x0800929c       0x2c ..\obj\name_converter.o
                0x0800929c                NVIC_Configuration
 .text.Pin_select_source
                0x080092c8       0xec ..\obj\name_converter.o
                0x080092c8                Pin_select_source
 .text.Tim_select_af
                0x080093b4       0xb8 ..\obj\name_converter.o
                0x080093b4                Tim_select_af
 .text.NVIC_PriorityGroupConfig
                0x0800946c       0x24 ..\obj\misc.o
                0x0800946c                NVIC_PriorityGroupConfig
 .text.NVIC_Init
                0x08009490       0xc0 ..\obj\misc.o
                0x08009490                NVIC_Init
 .text.DCD_EP_Open
                0x08009550       0xa8 ..\obj\usb_dcd.o
                0x08009550                DCD_EP_Open
 .text.DCD_EP_PrepareRx
                0x080095f8       0x84 ..\obj\usb_dcd.o
                0x080095f8                DCD_EP_PrepareRx
 .text.DCD_EP_Tx
                0x0800967c       0x78 ..\obj\usb_dcd.o
                0x0800967c                DCD_EP_Tx
 .text.DCD_EP_Stall
                0x080096f4       0x74 ..\obj\usb_dcd.o
                0x080096f4                DCD_EP_Stall
 .text.DCD_EP_ClrStall
                0x08009768       0x74 ..\obj\usb_dcd.o
                0x08009768                DCD_EP_ClrStall
 .text.DCD_EP_SetAddress
                0x080097dc       0x3c ..\obj\usb_dcd.o
                0x080097dc                DCD_EP_SetAddress
 .text._ZN15SerialInterface14serialReadCharEc
                0x08009818       0xd4 ..\obj\serial.o
                0x08009818                SerialInterface::serialReadChar(char)
 .text._ZN6Serial6printfEPKcz
                0x080098ec       0x48 ..\obj\serial.o
                0x080098ec                Serial::printf(char const*, ...)
 .text.USBD_CtlSendData
                0x08009934       0x40 ..\obj\usbd_ioreq.o
                0x08009934                USBD_CtlSendData
 .text.USBD_CtlContinueSendData
                0x08009974       0x28 ..\obj\usbd_ioreq.o
                0x08009974                USBD_CtlContinueSendData
 .text.USBD_CtlContinueRx
                0x0800999c       0x28 ..\obj\usbd_ioreq.o
                0x0800999c                USBD_CtlContinueRx
 .text.USBD_CtlSendStatus
                0x080099c4       0x30 ..\obj\usbd_ioreq.o
                0x080099c4                USBD_CtlSendStatus
 .text.USBD_CtlReceiveStatus
                0x080099f4       0x30 ..\obj\usbd_ioreq.o
                0x080099f4                USBD_CtlReceiveStatus
 .text.Init_USART
                0x08009a24       0xdc ..\obj\config_usart.o
                0x08009a24                Init_USART
 .text.TIM_TimeBaseInit
                0x08009b00       0xd4 ..\obj\stm32f4xx_tim.o
                0x08009b00                TIM_TimeBaseInit
 .text.TIM_PrescalerConfig
                0x08009bd4       0x28 ..\obj\stm32f4xx_tim.o
                0x08009bd4                TIM_PrescalerConfig
 .text.TIM_SetCounter
                0x08009bfc       0x1c ..\obj\stm32f4xx_tim.o
                0x08009bfc                TIM_SetCounter
 .text.TIM_GetCounter
                0x08009c18       0x18 ..\obj\stm32f4xx_tim.o
                0x08009c18                TIM_GetCounter
 .text.TIM_ARRPreloadConfig
                0x08009c30       0x40 ..\obj\stm32f4xx_tim.o
                0x08009c30                TIM_ARRPreloadConfig
 .text.TIM_Cmd  0x08009c70       0x40 ..\obj\stm32f4xx_tim.o
                0x08009c70                TIM_Cmd
 .text.TIM_OC1Init
                0x08009cb0       0xf4 ..\obj\stm32f4xx_tim.o
                0x08009cb0                TIM_OC1Init
 .text.TIM_OC2Init
                0x08009da4      0x110 ..\obj\stm32f4xx_tim.o
                0x08009da4                TIM_OC2Init
 .text.TIM_OC3Init
                0x08009eb4      0x10c ..\obj\stm32f4xx_tim.o
                0x08009eb4                TIM_OC3Init
 .text.TIM_OC4Init
                0x08009fc0       0xcc ..\obj\stm32f4xx_tim.o
                0x08009fc0                TIM_OC4Init
 .text.TIM_OC1PreloadConfig
                0x0800a08c       0x38 ..\obj\stm32f4xx_tim.o
                0x0800a08c                TIM_OC1PreloadConfig
 .text.TIM_OC2PreloadConfig
                0x0800a0c4       0x3c ..\obj\stm32f4xx_tim.o
                0x0800a0c4                TIM_OC2PreloadConfig
 .text.TIM_OC3PreloadConfig
                0x0800a100       0x38 ..\obj\stm32f4xx_tim.o
                0x0800a100                TIM_OC3PreloadConfig
 .text.TIM_OC4PreloadConfig
                0x0800a138       0x3c ..\obj\stm32f4xx_tim.o
                0x0800a138                TIM_OC4PreloadConfig
 .text.TIM_BDTRConfig
                0x0800a174       0x50 ..\obj\stm32f4xx_tim.o
                0x0800a174                TIM_BDTRConfig
 .text.TIM_BDTRStructInit
                0x0800a1c4       0x3c ..\obj\stm32f4xx_tim.o
                0x0800a1c4                TIM_BDTRStructInit
 .text.TIM_CtrlPWMOutputs
                0x0800a200       0x4c ..\obj\stm32f4xx_tim.o
                0x0800a200                TIM_CtrlPWMOutputs
 .text.TIM_ITConfig
                0x0800a24c       0x48 ..\obj\stm32f4xx_tim.o
                0x0800a24c                TIM_ITConfig
 .text.TIM_ClearITPendingBit
                0x0800a294       0x20 ..\obj\stm32f4xx_tim.o
                0x0800a294                TIM_ClearITPendingBit
 .text.TIM_EncoderInterfaceConfig
                0x0800a2b4       0x98 ..\obj\stm32f4xx_tim.o
                0x0800a2b4                TIM_EncoderInterfaceConfig
 .text.cos      0x0800a34c       0x88 c:/program files (x86)/gnu tools arm embedded/4.9 2014q4/bin/../lib/gcc/arm-none-eabi/4.9.3/../../../../arm-none-eabi/lib/armv7e-m\libm.a(lib_a-s_cos.o)
                0x0800a34c                cos
 .text.sin      0x0800a3d4       0x94 c:/program files (x86)/gnu tools arm embedded/4.9 2014q4/bin/../lib/gcc/arm-none-eabi/4.9.3/../../../../arm-none-eabi/lib/armv7e-m\libm.a(lib_a-s_sin.o)
                0x0800a3d4                sin
 .text.hypot    0x0800a468       0xb0 c:/program files (x86)/gnu tools arm embedded/4.9 2014q4/bin/../lib/gcc/arm-none-eabi/4.9.3/../../../../arm-none-eabi/lib/armv7e-m\libm.a(lib_a-w_hypot.o)
                0x0800a468                hypot
 .text.pow      0x0800a518      0x2ec c:/program files (x86)/gnu tools arm embedded/4.9 2014q4/bin/../lib/gcc/arm-none-eabi/4.9.3/../../../../arm-none-eabi/lib/armv7e-m\libm.a(lib_a-w_pow.o)
                0x0800a518                pow
 .text.hypotf   0x0800a804       0xb0 c:/program files (x86)/gnu tools arm embedded/4.9 2014q4/bin/../lib/gcc/arm-none-eabi/4.9.3/../../../../arm-none-eabi/lib/armv7e-m\libm.a(lib_a-wf_hypot.o)
                0x0800a804                hypotf
 .text.__ieee754_hypot
                0x0800a8b4      0x264 c:/program files (x86)/gnu tools arm embedded/4.9 2014q4/bin/../lib/gcc/arm-none-eabi/4.9.3/../../../../arm-none-eabi/lib/armv7e-m\libm.a(lib_a-e_hypot.o)
                0x0800a8b4                __ieee754_hypot
 .text.__ieee754_pow
                0x0800ab18      0xaa8 c:/program files (x86)/gnu tools arm embedded/4.9 2014q4/bin/../lib/gcc/arm-none-eabi/4.9.3/../../../../arm-none-eabi/lib/armv7e-m\libm.a(lib_a-e_pow.o)
                0x0800ab18                __ieee754_pow
 .text.__ieee754_rem_pio2
                0x0800b5c0      0x448 c:/program files (x86)/gnu tools arm embedded/4.9 2014q4/bin/../lib/gcc/arm-none-eabi/4.9.3/../../../../arm-none-eabi/lib/armv7e-m\libm.a(lib_a-e_rem_pio2.o)
                0x0800b5c0                __ieee754_rem_pio2
 .text.__ieee754_sqrt
                0x0800ba08      0x188 c:/program files (x86)/gnu tools arm embedded/4.9 2014q4/bin/../lib/gcc/arm-none-eabi/4.9.3/../../../../arm-none-eabi/lib/armv7e-m\libm.a(lib_a-e_sqrt.o)
                0x0800ba08                __ieee754_sqrt
 .text.__ieee754_hypotf
                0x0800bb90      0x180 c:/program files (x86)/gnu tools arm embedded/4.9 2014q4/bin/../lib/gcc/arm-none-eabi/4.9.3/../../../../arm-none-eabi/lib/armv7e-m\libm.a(lib_a-ef_hypot.o)
                0x0800bb90                __ieee754_hypotf
 .text.__ieee754_sqrtf
                0x0800bd10       0xa8 c:/program files (x86)/gnu tools arm embedded/4.9 2014q4/bin/../lib/gcc/arm-none-eabi/4.9.3/../../../../arm-none-eabi/lib/armv7e-m\libm.a(lib_a-ef_sqrt.o)
                0x0800bd10                __ieee754_sqrtf
 .text.__kernel_cos
                0x0800bdb8      0x248 c:/program files (x86)/gnu tools arm embedded/4.9 2014q4/bin/../lib/gcc/arm-none-eabi/4.9.3/../../../../arm-none-eabi/lib/armv7e-m\libm.a(lib_a-k_cos.o)
                0x0800bdb8                __kernel_cos
 .text.__kernel_rem_pio2