Archive member included because of file (symbol)

c:/program files (x86)/gnu tools arm embedded/4.9 2014q4/bin/../lib/gcc/arm-none-eabi/4.9.3/../../../../arm-none-eabi/lib/armv7e-m\libm.a(lib_a-s_ceil.o)
                              ..\obj\main.o (ceil)
c:/program files (x86)/gnu tools arm embedded/4.9 2014q4/bin/../lib/gcc/arm-none-eabi/4.9.3/../../../../arm-none-eabi/lib/armv7e-m\libm.a(lib_a-s_cos.o)
                              ..\obj\utilplus.o (cos)
c:/program files (x86)/gnu tools arm embedded/4.9 2014q4/bin/../lib/gcc/arm-none-eabi/4.9.3/../../../../arm-none-eabi/lib/armv7e-m\libm.a(lib_a-s_sin.o)
                              ..\obj\utilplus.o (sin)
c:/program files (x86)/gnu tools arm embedded/4.9 2014q4/bin/../lib/gcc/arm-none-eabi/4.9.3/../../../../arm-none-eabi/lib/armv7e-m\libm.a(lib_a-sf_cos.o)
                              ..\obj\utilplus.o (cosf)
c:/program files (x86)/gnu tools arm embedded/4.9 2014q4/bin/../lib/gcc/arm-none-eabi/4.9.3/../../../../arm-none-eabi/lib/armv7e-m\libm.a(lib_a-sf_sin.o)
                              ..\obj\utilplus.o (sinf)
c:/program files (x86)/gnu tools arm embedded/4.9 2014q4/bin/../lib/gcc/arm-none-eabi/4.9.3/../../../../arm-none-eabi/lib/armv7e-m\libm.a(lib_a-w_hypot.o)
                              ..\obj\main.o (hypot)
c:/program files (x86)/gnu tools arm embedded/4.9 2014q4/bin/../lib/gcc/arm-none-eabi/4.9.3/../../../../arm-none-eabi/lib/armv7e-m\libm.a(lib_a-w_pow.o)
                              ..\obj\name_converter.o (pow)
c:/program files (x86)/gnu tools arm embedded/4.9 2014q4/bin/../lib/gcc/arm-none-eabi/4.9.3/../../../../arm-none-eabi/lib/armv7e-m\libm.a(lib_a-wf_acos.o)
                              ..\obj\utilplus.o (acosf)
c:/program files (x86)/gnu tools arm embedded/4.9 2014q4/bin/../lib/gcc/arm-none-eabi/4.9.3/../../../../arm-none-eabi/lib/armv7e-m\libm.a(lib_a-wf_atan2.o)
                              ..\obj\utilplus.o (atan2f)
c:/program files (x86)/gnu tools arm embedded/4.9 2014q4/bin/../lib/gcc/arm-none-eabi/4.9.3/../../../../arm-none-eabi/lib/armv7e-m\libm.a(lib_a-wf_hypot.o)
                              ..\obj\main.o (hypotf)
c:/program files (x86)/gnu tools arm embedded/4.9 2014q4/bin/../lib/gcc/arm-none-eabi/4.9.3/../../../../arm-none-eabi/lib/armv7e-m\libm.a(lib_a-wf_pow.o)
                              ..\obj\utilplus.o (powf)
c:/program files (x86)/gnu tools arm embedded/4.9 2014q4/bin/../lib/gcc/arm-none-eabi/4.9.3/../../../../arm-none-eabi/lib/armv7e-m\libm.a(lib_a-wf_sqrt.o)
                              ..\obj\utilplus.o (sqrtf)
c:/program files (x86)/gnu tools arm embedded/4.9 2014q4/bin/../lib/gcc/arm-none-eabi/4.9.3/../../../../arm-none-eabi/lib/armv7e-m\libm.a(lib_a-e_hypot.o)
                              c:/program files (x86)/gnu tools arm embedded/4.9 2014q4/bin/../lib/gcc/arm-none-eabi/4.9.3/../../../../arm-none-eabi/lib/armv7e-m\libm.a(lib_a-w_hypot.o) (__ieee754_hypot)
c:/program files (x86)/gnu tools arm embedded/4.9 2014q4/bin/../lib/gcc/arm-none-eabi/4.9.3/../../../../arm-none-eabi/lib/armv7e-m\libm.a(lib_a-e_pow.o)
                              c:/program files (x86)/gnu tools arm embedded/4.9 2014q4/bin/../lib/gcc/arm-none-eabi/4.9.3/../../../../arm-none-eabi/lib/armv7e-m\libm.a(lib_a-w_pow.o) (__ieee754_pow)
c:/program files (x86)/gnu tools arm embedded/4.9 2014q4/bin/../lib/gcc/arm-none-eabi/4.9.3/../../../../arm-none-eabi/lib/armv7e-m\libm.a(lib_a-e_rem_pio2.o)
                              c:/program files (x86)/gnu tools arm embedded/4.9 2014q4/bin/../lib/gcc/arm-none-eabi/4.9.3/../../../../arm-none-eabi/lib/armv7e-m\libm.a(lib_a-s_cos.o) (__ieee754_rem_pio2)
c:/program files (x86)/gnu tools arm embedded/4.9 2014q4/bin/../lib/gcc/arm-none-eabi/4.9.3/../../../../arm-none-eabi/lib/armv7e-m\libm.a(lib_a-e_sqrt.o)
                              c:/program files (x86)/gnu tools arm embedded/4.9 2014q4/bin/../lib/gcc/arm-none-eabi/4.9.3/../../../../arm-none-eabi/lib/armv7e-m\libm.a(lib_a-e_hypot.o) (__ieee754_sqrt)
c:/program files (x86)/gnu tools arm embedded/4.9 2014q4/bin/../lib/gcc/arm-none-eabi/4.9.3/../../../../arm-none-eabi/lib/armv7e-m\libm.a(lib_a-ef_acos.o)
                              c:/program files (x86)/gnu tools arm embedded/4.9 2014q4/bin/../lib/gcc/arm-none-eabi/4.9.3/../../../../arm-none-eabi/lib/armv7e-m\libm.a(lib_a-wf_acos.o) (__ieee754_acosf)
c:/program files (x86)/gnu tools arm embedded/4.9 2014q4/bin/../lib/gcc/arm-none-eabi/4.9.3/../../../../arm-none-eabi/lib/armv7e-m\libm.a(lib_a-ef_atan2.o)
                              c:/program files (x86)/gnu tools arm embedded/4.9 2014q4/bin/../lib/gcc/arm-none-eabi/4.9.3/../../../../arm-none-eabi/lib/armv7e-m\libm.a(lib_a-wf_atan2.o) (__ieee754_atan2f)
c:/program files (x86)/gnu tools arm embedded/4.9 2014q4/bin/../lib/gcc/arm-none-eabi/4.9.3/../../../../arm-none-eabi/lib/armv7e-m\libm.a(lib_a-ef_hypot.o)
[...]
Memory Configuration

Name             Origin             Length             Attributes
rom              0x08000000         0x00100000         xr
ram              0x20000000         0x00020000         xrw
ram1             0x10000000         0x00010000         xrw
*default*        0x00000000         0xffffffff

Linker script and memory map

LOAD c:/program files (x86)/gnu tools arm embedded/4.9 2014q4/bin/../lib/gcc/arm-none-eabi/4.9.3/armv7e-m/crti.o
LOAD c:/program files (x86)/gnu tools arm embedded/4.9 2014q4/bin/../lib/gcc/arm-none-eabi/4.9.3/armv7e-m/crtbegin.o
LOAD c:/program files (x86)/gnu tools arm embedded/4.9 2014q4/bin/../lib/gcc/arm-none-eabi/4.9.3/../../../../arm-none-eabi/lib/armv7e-m/crt0.o
                0x20020000                _eram = 0x20020000

.text           0x08000000    0x23520
 *(.isr_vector)
 .isr_vector    0x08000000      0x188 ..\obj\startup_stm32f4xx.o
                0x08000000                g_pfnVectors
 *(.text*)
 .text          0x08000188       0x5c c:/program files (x86)/gnu tools arm embedded/4.9 2014q4/bin/../lib/gcc/arm-none-eabi/4.9.3/armv7e-m/crtbegin.o
 .text.Set_duty
                0x080001e4       0xc4 ..\obj\config_pwm.o
                0x080001e4                Set_duty
 .text.Read_duty
                0x080002a8       0x68 ..\obj\config_pwm.o
                0x080002a8                Read_duty
 .text.Init_PWM
                0x08000310      0x2b4 ..\obj\config_pwm.o
                0x08000310                Init_PWM
 .text.USB_OTG_WritePacket
                0x080005c4       0x78 ..\obj\usb_core.o
                0x080005c4                USB_OTG_WritePacket
 .text.USB_OTG_ReadPacket
                0x0800063c       0x58 ..\obj\usb_core.o
                0x0800063c                USB_OTG_ReadPacket
 .text.USB_OTG_FlushTxFifo
                0x08000694       0x7c ..\obj\usb_core.o
                0x08000694                USB_OTG_FlushTxFifo
 .text.USB_OTG_GetMode
                0x08000710       0x20 ..\obj\usb_core.o
                0x08000710                USB_OTG_GetMode
 .text.USB_OTG_IsDeviceMode
                0x08000730       0x24 ..\obj\usb_core.o
                0x08000730                USB_OTG_IsDeviceMode
 .text.USB_OTG_ReadCoreItr
                0x08000754       0x30 ..\obj\usb_core.o
                0x08000754                USB_OTG_ReadCoreItr
 .text.USB_OTG_GetDeviceSpeed
                0x08000784       0x48 ..\obj\usb_core.o
                0x08000784                USB_OTG_GetDeviceSpeed
 .text.USB_OTG_EP0Activate
                0x080007cc       0x78 ..\obj\usb_core.o
                0x080007cc                USB_OTG_EP0Activate
 .text.USB_OTG_EPActivate
                0x08000844       0xdc ..\obj\usb_core.o
                0x08000844                USB_OTG_EPActivate
 .text.USB_OTG_EPStartXfer
                0x08000920      0x280 ..\obj\usb_core.o
                0x08000920                USB_OTG_EPStartXfer
 .text.USB_OTG_EP0StartXfer
                0x08000ba0      0x1d4 ..\obj\usb_core.o
                0x08000ba0                USB_OTG_EP0StartXfer
 .text.USB_OTG_EPSetStall
                0x08000d74       0x88 ..\obj\usb_core.o
                0x08000d74                USB_OTG_EPSetStall
 .text.USB_OTG_EPClearStall
                0x08000dfc       0x78 ..\obj\usb_core.o
                0x08000dfc                USB_OTG_EPClearStall
 .text.USB_OTG_ReadDevAllOutEp_itr
                0x08000e74       0x2c ..\obj\usb_core.o
                0x08000e74                USB_OTG_ReadDevAllOutEp_itr
 .text.USB_OTG_ReadDevOutEP_itr
                0x08000ea0       0x38 ..\obj\usb_core.o
                0x08000ea0                USB_OTG_ReadDevOutEP_itr
 .text.USB_OTG_ReadDevAllInEPItr
                0x08000ed8       0x2c ..\obj\usb_core.o
                0x08000ed8                USB_OTG_ReadDevAllInEPItr
 .text.USB_OTG_EP0_OutStart
                0x08000f04       0x70 ..\obj\usb_core.o
                0x08000f04                USB_OTG_EP0_OutStart
 .text.USB_OTG_UngateClock
                0x08000f74       0x54 ..\obj\usb_core.o
                0x08000f74                USB_OTG_UngateClock
 .text.Init_port
                0x08000fc8       0xc4 ..\obj\config_port.o
                0x08000fc8                Init_port
 .text.SDIO_ITConfig
                0x0800108c       0x3c ..\obj\stm32f4xx_sdio.o
                0x0800108c                SDIO_ITConfig
 .text.SDIO_GetITStatus
                0x080010c8       0x34 ..\obj\stm32f4xx_sdio.o
                0x080010c8                SDIO_GetITStatus
 .text.SDIO_ClearITPendingBit
                0x080010fc       0x1c ..\obj\stm32f4xx_sdio.o
                0x080010fc                SDIO_ClearITPendingBit
 .text._ZN6MiniMDC2ER7DigitalS1_R3Pwm
                0x08001118       0x30 ..\obj\mini_md.o
                0x08001118                MiniMD::MiniMD(Digital&, Digital&, Pwm&)
                0x08001118                MiniMD::MiniMD(Digital&, Digital&, Pwm&)
 .text._ZN6MiniMD5setupEf
                0x08001148       0x98 ..\obj\mini_md.o
                0x08001148                MiniMD::setup(float)
 .text._ZN6MiniMD4dutyEf
                0x080011e0       0x28 ..\obj\mini_md.o
                0x080011e0                MiniMD::duty(float)
 .text._ZN6MiniMD5cycleEv
                0x08001208      0x104 ..\obj\mini_md.o
                0x08001208                MiniMD::cycle()
 .text.TIM1_UP_TIM10_IRQHandler
                0x0800130c       0x48 ..\obj\config_encoder.o
                0x0800130c                TIM1_UP_TIM10_IRQHandler
 .text.TIM2_IRQHandler
                0x08001354       0x4c ..\obj\config_encoder.o
                0x08001354                TIM2_IRQHandler
 .text.TIM3_IRQHandler
                0x080013a0       0x48 ..\obj\config_encoder.o
                0x080013a0                TIM3_IRQHandler
 .text.TIM4_IRQHandler
                0x080013e8       0x48 ..\obj\config_encoder.o
                0x080013e8                TIM4_IRQHandler
 .text.TIM5_IRQHandler
                0x08001430       0x48 ..\obj\config_encoder.o
                0x08001430                TIM5_IRQHandler
 .text.TIM8_UP_TIM13_IRQHandler
                0x08001478       0x48 ..\obj\config_encoder.o
                0x08001478                TIM8_UP_TIM13_IRQHandler
 .text.TIM8_BRK_TIM12_IRQHandler
                0x080014c0       0x48 ..\obj\config_encoder.o
                0x080014c0                TIM8_BRK_TIM12_IRQHandler
 .text.tim1_count
                0x08001508       0x20 ..\obj\config_encoder.o
                0x08001508                tim1_count
 .text.tim2_count
                0x08001528       0x20 ..\obj\config_encoder.o
                0x08001528                tim2_count
 .text.tim3_count
                0x08001548       0x20 ..\obj\config_encoder.o
                0x08001548                tim3_count
 .text.tim4_count
                0x08001568       0x20 ..\obj\config_encoder.o
                0x08001568                tim4_count
 .text.tim5_count
                0x08001588       0x20 ..\obj\config_encoder.o
                0x08001588                tim5_count
 .text.tim8_count
                0x080015a8       0x20 ..\obj\config_encoder.o
                0x080015a8                tim8_count
 .text.tim12_count
                0x080015c8       0x20 ..\obj\config_encoder.o
                0x080015c8                tim12_count
 .text.Init_encoder
                0x080015e8      0x118 ..\obj\config_encoder.o
                0x080015e8                Init_encoder
 .text.Select_encoder_count
                0x08001700       0x9c ..\obj\config_encoder.o
                0x08001700                Select_encoder_count
 .text.Reset_encoder_over_under_flow
                0x0800179c       0xa0 ..\obj\config_encoder.o
                0x0800179c                Reset_encoder_over_under_flow
 .text.OTG_FS_IRQHandler
                0x0800183c       0x10 ..\obj\config_usb.o
                0x0800183c                OTG_FS_IRQHandler
 .text.OTG_FS_WKUP_IRQHandler
                0x0800184c       0x34 ..\obj\config_usb.o
                0x0800184c                OTG_FS_WKUP_IRQHandler
 .text.USART_Init
                0x08001880      0x178 ..\obj\stm32f4xx_usart.o
                0x08001880                USART_Init
 .text.USART_Cmd
                0x080019f8       0x40 ..\obj\stm32f4xx_usart.o
                0x080019f8                USART_Cmd
 .text.USART_SendData
                0x08001a38       0x24 ..\obj\stm32f4xx_usart.o
                0x08001a38                USART_SendData
 .text.USART_ReceiveData
                0x08001a5c       0x20 ..\obj\stm32f4xx_usart.o
                0x08001a5c                USART_ReceiveData
 .text.USART_ITConfig
                0x08001a7c       0x90 ..\obj\stm32f4xx_usart.o
                0x08001a7c                USART_ITConfig
 .text.USART_GetFlagStatus
                0x08001b0c       0x38 ..\obj\stm32f4xx_usart.o
                0x08001b0c                USART_GetFlagStatus
 .text.constrain
                0x08001b44       0x3c ..\obj\util.o
                0x08001b44                constrain
 .text.uchar4_to_int
                0x08001b80       0x30 ..\obj\util.o
                0x08001b80                uchar4_to_int
 .text.ushort_to_uchar2
                0x08001bb0       0x28 ..\obj\util.o
                0x08001bb0                ushort_to_uchar2
 .text.CAN_DeInit
                0x08001bd8       0x44 ..\obj\stm32f4xx_can.o
                0x08001bd8                CAN_DeInit
 .text.CAN_Init
                0x08001c1c      0x1a4 ..\obj\stm32f4xx_can.o
                0x08001c1c                CAN_Init
 .text.CAN_FilterInit
                0x08001dc0      0x174 ..\obj\stm32f4xx_can.o
                0x08001dc0                CAN_FilterInit
 .text.CAN_StructInit
                0x08001f34       0x54 ..\obj\stm32f4xx_can.o
                0x08001f34                CAN_StructInit
 .text.CAN_Transmit
                0x08001f88      0x190 ..\obj\stm32f4xx_can.o
                0x08001f88                CAN_Transmit
 .text.CAN_TransmitStatus
                0x08002118       0xd4 ..\obj\stm32f4xx_can.o
                0x08002118                CAN_TransmitStatus
 .text.CAN_Receive
                0x080021ec      0x170 ..\obj\stm32f4xx_can.o
                0x080021ec                CAN_Receive
 .text.CAN_ITConfig
                0x0800235c       0x3c ..\obj\stm32f4xx_can.o
                0x0800235c                CAN_ITConfig
 .text.CAN_GetITStatus
                0x08002398      0x194 ..\obj\stm32f4xx_can.o
                0x08002398                CAN_GetITStatus
 .text.CheckITStatus
                0x0800252c       0x30 ..\obj\stm32f4xx_can.o
 .text.SysTick_Handler
                0x0800255c       0x24 ..\obj\mcutime.o
                0x0800255c                SysTick_Handler
 .text.millis   0x08002580       0x28 ..\obj\mcutime.o
                0x08002580                millis
 .text.micros   0x080025a8       0x30 ..\obj\mcutime.o
                0x080025a8                micros
 .text.timer_setup
                0x080025d8       0x10 ..\obj\mcutime.o
                0x080025d8                timer_setup
 .text.Init_CAN
                0x080025e8      0x168 ..\obj\config_can.o
                0x080025e8                Init_CAN
 .text.Init_CANfilter
                0x08002750       0xe4 ..\obj\config_can.o
                0x08002750                Init_CANfilter
 .text.send_can1
                0x08002834       0x2c ..\obj\config_can.o
                0x08002834                send_can1
 .text.Default_Reset_Handler
                0x08002860       0x5c ..\obj\startup_stm32f4xx.o
                0x08002860                Default_Reset_Handler
                0x08002860                Reset_Handler
 .text.Default_Handler
                0x080028bc        0x8 ..\obj\startup_stm32f4xx.o
                0x080028bc                RTC_Alarm_IRQHandler
                0x080028bc                HASH_RNG_IRQHandler
                0x080028bc                EXTI2_IRQHandler
                0x080028bc                TIM8_CC_IRQHandler
                0x080028bc                TIM1_CC_IRQHandler
                0x080028bc                DMA2_Stream5_IRQHandler
                0x080028bc                DMA1_Stream5_IRQHandler
                0x080028bc                PVD_IRQHandler
                0x080028bc                TAMP_STAMP_IRQHandler
                0x080028bc                CAN2_RX1_IRQHandler
                0x080028bc                EXTI3_IRQHandler
                0x080028bc                TIM8_TRG_COM_TIM14_IRQHandler
                0x080028bc                I2C3_ER_IRQHandler
                0x080028bc                EXTI0_IRQHandler
                0x080028bc                I2C2_EV_IRQHandler
                0x080028bc                DMA1_Stream2_IRQHandler
                0x080028bc                FPU_IRQHandler
                0x080028bc                OTG_HS_WKUP_IRQHandler
                0x080028bc                CAN2_SCE_IRQHandler
                0x080028bc                DMA2_Stream2_IRQHandler
                0x080028bc                SPI1_IRQHandler
                0x080028bc                TIM6_DAC_IRQHandler
                0x080028bc                TIM1_BRK_TIM9_IRQHandler
                0x080028bc                DCMI_IRQHandler
                0x080028bc                CAN2_RX0_IRQHandler
                0x080028bc                USART6_IRQHandler
                0x080028bc                CRYP_IRQHandler
                0x080028bc                CAN1_RX1_IRQHandler
                0x080028bc                UART5_IRQHandler
                0x080028bc                DMA2_Stream0_IRQHandler
                0x080028bc                I2C1_EV_IRQHandler
                0x080028bc                DMA1_Stream6_IRQHandler
                0x080028bc                DMA1_Stream1_IRQHandler
                0x080028bc                UART4_IRQHandler
                0x080028bc                RCC_IRQHandler
                0x080028bc                EXTI15_10_IRQHandler
                0x080028bc                ADC_IRQHandler
                0x080028bc                DMA1_Stream7_IRQHandler
                0x080028bc                TIM7_IRQHandler
                0x080028bc                CAN2_TX_IRQHandler
                0x080028bc                DMA2_Stream7_IRQHandler
                0x080028bc                I2C3_EV_IRQHandler
                0x080028bc                EXTI9_5_IRQHandler
                0x080028bc                RTC_WKUP_IRQHandler
                0x080028bc                ETH_WKUP_IRQHandler
                0x080028bc                SPI2_IRQHandler
                0x080028bc                OTG_HS_EP1_IN_IRQHandler
                0x080028bc                DMA1_Stream0_IRQHandler
                0x080028bc                CAN1_TX_IRQHandler
                0x080028bc                EXTI4_IRQHandler
                0x080028bc                FSMC_IRQHandler
                0x080028bc                ETH_IRQHandler
                0x080028bc                OTG_HS_EP1_OUT_IRQHandler
                0x080028bc                WWDG_IRQHandler
                0x080028bc                TIM1_TRG_COM_TIM11_IRQHandler
                0x080028bc                OTG_HS_IRQHandler
                0x080028bc                EXTI1_IRQHandler
                0x080028bc                I2C2_ER_IRQHandler
                0x080028bc                DMA2_Stream1_IRQHandler
                0x080028bc                CAN1_SCE_IRQHandler
                0x080028bc                FLASH_IRQHandler
                0x080028bc                DMA2_Stream4_IRQHandler
                0x080028bc                USART1_IRQHandler
                0x080028bc                SPI3_IRQHandler
                0x080028bc                DMA1_Stream4_IRQHandler
                0x080028bc                I2C1_ER_IRQHandler
                0x080028bc                DMA2_Stream6_IRQHandler
                0x080028bc                DMA1_Stream3_IRQHandler
 .text.USBD_SetupStage
                0x080028c4       0x6c ..\obj\usbd_core.o
 .text.USBD_DataOutStage
                0x08002930       0xcc ..\obj\usbd_core.o
 .text.USBD_DataInStage
                0x080029fc      0x104 ..\obj\usbd_core.o
 .text.USBD_Reset
                0x08002b00       0x44 ..\obj\usbd_core.o
 .text.USBD_Resume
                0x08002b44       0x24 ..\obj\usbd_core.o
 .text.USBD_Suspend
                0x08002b68       0x24 ..\obj\usbd_core.o
 .text.USBD_SOF
                0x08002b8c       0x2c ..\obj\usbd_core.o
 .text.USBD_SetCfg
                0x08002bb8       0x30 ..\obj\usbd_core.o
                0x08002bb8                USBD_SetCfg
 .text.USBD_ClrCfg
                0x08002be8       0x28 ..\obj\usbd_core.o
                0x08002be8                USBD_ClrCfg
 .text.USBD_IsoINIncomplete
                0x08002c10       0x20 ..\obj\usbd_core.o
 .text.USBD_IsoOUTIncomplete
                0x08002c30       0x20 ..\obj\usbd_core.o
 .text._ZN15SerialInterface20serialInterfaceSetupEPFvcE
                0x08002c50       0x24 ..\obj\pin.o
                0x08002c50                SerialInterface::serialInterfaceSetup(void (*)(char))
 .text._ZN15SerialInterface16serialReadStringEPc
                0x08002c74       0x14 ..\obj\pin.o
                0x08002c74                SerialInterface::serialReadString(char*)
 .text._ZN15SerialInterfaceC2Ev
                0x08002c88       0x28 ..\obj\pin.o
                0x08002c88                SerialInterface::SerialInterface()
                0x08002c88                SerialInterface::SerialInterface()
 .text._ZN6Serial8ReceiverC2EPS_
                0x08002cb0       0x38 ..\obj\pin.o
                0x08002cb0                Serial::Receiver::Receiver(Serial*)
                0x08002cb0                Serial::Receiver::Receiver(Serial*)
 .text._ZN6Serial8Receiver14serialReadCharEc
                0x08002ce8       0x60 ..\obj\pin.o
                0x08002ce8                Serial::Receiver::serialReadChar(char)
 .text._ZN6Serial8Receiver13charAvailableEv
                0x08002d48       0x28 ..\obj\pin.o
                0x08002d48                Serial::Receiver::charAvailable()
 .text._ZN6Serial8Receiver15stringAvailableEv
                0x08002d70       0x1c ..\obj\pin.o
                0x08002d70                Serial::Receiver::stringAvailable()
 .text._ZN6Serial8Receiver8readCharEv
                0x08002d8c       0x1c ..\obj\pin.o
                0x08002d8c                Serial::Receiver::readChar()
 .text._ZN6Serial8Receiver10readStringEPc
                0x08002da8       0xe8 ..\obj\pin.o
                0x08002da8                Serial::Receiver::readString(char*)
 .text._ZN6Serial15stringAvailableEv
                0x08002e90       0x28 ..\obj\pin.o
                0x08002e90                Serial::stringAvailable()
 .text._ZN6Serial10readStringEPc
                0x08002eb8       0x34 ..\obj\pin.o
                0x08002eb8                Serial::readString(char*)
 .text._ZN6Serial13charAvailableEv
                0x08002eec       0x28 ..\obj\pin.o
                0x08002eec                Serial::charAvailable()
 .text._ZN6Serial8readCharEv
                0x08002f14       0x28 ..\obj\pin.o
                0x08002f14                Serial::readChar()
 .text._ZN6Serial11stringWriteEPc
                0x08002f3c       0x40 ..\obj\pin.o
                0x08002f3c                Serial::stringWrite(char*)
 .text._ZN6Serial5setupEiR15SerialInterfaceii
                0x08002f7c       0x34 ..\obj\pin.o
                0x08002f7c                Serial::setup(int, SerialInterface&, int, int)
 .text._ZN6Serial5setupEiii
                0x08002fb0       0x4c ..\obj\pin.o
                0x08002fb0                Serial::setup(int, int, int)
 .text._ZN7Digital14setupDigitalInEv
                0x08002ffc       0x34 ..\obj\pin.o
                0x08002ffc                Digital::setupDigitalIn()
 .text._ZN7Digital15setupDigitalOutEv
                0x08003030       0x34 ..\obj\pin.o
                0x08003030                Digital::setupDigitalOut()
 .text._ZN7Digital20setupDigitalInPullUpEv
                0x08003064       0x34 ..\obj\pin.o
                0x08003064                Digital::setupDigitalInPullUp()
 .text._ZN7Digital22setupDigitalInPullDownEv
                0x08003098       0x34 ..\obj\pin.o
                0x08003098                Digital::setupDigitalInPullDown()
 .text._ZN7Digital12digitalWriteEi
                0x080030cc       0x68 ..\obj\pin.o
                0x080030cc                Digital::digitalWrite(int)
 .text._ZN7Digital11digitalReadEv
                0x08003134       0x40 ..\obj\pin.o
                0x08003134                Digital::digitalRead()
 .text._ZN7Digital11digitalHighEv
                0x08003174       0x1c ..\obj\pin.o
                0x08003174                Digital::digitalHigh()
 .text._ZN7Digital10digitalLowEv
                0x08003190       0x1c ..\obj\pin.o
                0x08003190                Digital::digitalLow()
 .text._ZN7Digital13digitalToggleEv
                0x080031ac       0x34 ..\obj\pin.o
                0x080031ac                Digital::digitalToggle()
 .text._ZN6Analog13setupAnalogInEv
                0x080031e0       0x1c ..\obj\pin.o
                0x080031e0                Analog::setupAnalogIn()
 .text._ZN6Analog10analogReadEv
                0x080031fc       0x20 ..\obj\pin.o
                0x080031fc                Analog::analogRead()
 .text._ZN3Pwm11setupPwmOutEff
                0x0800321c       0x24 ..\obj\pin.o
                0x0800321c                Pwm::setupPwmOut(float, float)
 .text._ZN3Pwm8pwmWriteEf
                0x08003240       0x20 ..\obj\pin.o
                0x08003240                Pwm::pwmWrite(float)
 .text._ZN3Pwm8pwmWriteEv
                0x08003260       0x20 ..\obj\pin.o
                0x08003260                Pwm::pwmWrite()
 .text._ZN2A016analogResolutionEv
                0x08003280       0x20 ..\obj\pin.o
                0x08003280                A0::analogResolution()
                0x08003298                non-virtual thunk to A0::analogResolution()
 .text._ZN2A013analogVoltageEv
                0x080032a0       0x24 ..\obj\pin.o
                0x080032a0                A0::analogVoltage()
                0x080032bc                non-virtual thunk to A0::analogVoltage()
 .text._ZN2A116analogResolutionEv
                0x080032c4       0x20 ..\obj\pin.o
                0x080032c4                A1::analogResolution()
                0x080032dc                non-virtual thunk to A1::analogResolution()
 .text._ZN2A113analogVoltageEv
                0x080032e4       0x24 ..\obj\pin.o
                0x080032e4                A1::analogVoltage()
                0x08003300                non-virtual thunk to A1::analogVoltage()
 .text._ZN2A216analogResolutionEv
                0x08003308       0x20 ..\obj\pin.o
                0x08003308                A2::analogResolution()
                0x08003320                non-virtual thunk to A2::analogResolution()
 .text._ZN2A213analogVoltageEv
                0x08003328       0x24 ..\obj\pin.o
                0x08003328                A2::analogVoltage()
                0x08003344                non-virtual thunk to A2::analogVoltage()
 .text._ZN2A316analogResolutionEv
                0x0800334c       0x20 ..\obj\pin.o
                0x0800334c                A3::analogResolution()
                0x08003364                non-virtual thunk to A3::analogResolution()
 .text._ZN2A313analogVoltageEv
                0x0800336c       0x24 ..\obj\pin.o
                0x0800336c                A3::analogVoltage()
                0x08003388                non-virtual thunk to A3::analogVoltage()
 .text._ZN2A416analogResolutionEv
                0x08003390       0x20 ..\obj\pin.o
                0x08003390                A4::analogResolution()
                0x080033a8                non-virtual thunk to A4::analogResolution()
 .text._ZN2A413analogVoltageEv
                0x080033b0       0x24 ..\obj\pin.o
                0x080033b0                A4::analogVoltage()
                0x080033cc                non-virtual thunk to A4::analogVoltage()
 .text._ZN4Led013_digitalWriteEv
                0x080033d4       0x20 ..\obj\pin.o
                0x080033d4                Led0::_digitalWrite()
 .text._ZN4Led013_digitalWriteEi
                0x080033f4       0x30 ..\obj\pin.o
                0x080033f4                Led0::_digitalWrite(int)
 .text._ZN4Led012_digitalReadEv
                0x08003424       0x20 ..\obj\pin.o
                0x08003424                Led0::_digitalRead()
 .text._ZN4Led015_setupDigitalInEv
                0x08003444       0x28 ..\obj\pin.o
                0x08003444                Led0::_setupDigitalIn()
 .text._ZN4Led016_setupDigitalOutEv
                0x0800346c       0x28 ..\obj\pin.o
                0x0800346c                Led0::_setupDigitalOut()
 .text._ZN4Led021_setupDigitalInPullUpEv
                0x08003494       0x28 ..\obj\pin.o
                0x08003494                Led0::_setupDigitalInPullUp()
 .text._ZN4Led023_setupDigitalInPullDownEv
                0x080034bc       0x28 ..\obj\pin.o
                0x080034bc                Led0::_setupDigitalInPullDown()
 .text._ZN4Led113_digitalWriteEv
                0x080034e4       0x20 ..\obj\pin.o
                0x080034e4                Led1::_digitalWrite()
 .text._ZN4Led113_digitalWriteEi
                0x08003504       0x30 ..\obj\pin.o
                0x08003504                Led1::_digitalWrite(int)
 .text._ZN4Led112_digitalReadEv
                0x08003534       0x20 ..\obj\pin.o
                0x08003534                Led1::_digitalRead()
 .text._ZN4Led115_setupDigitalInEv
                0x08003554       0x28 ..\obj\pin.o
                0x08003554                Led1::_setupDigitalIn()
 .text._ZN4Led116_setupDigitalOutEv
                0x0800357c       0x28 ..\obj\pin.o
                0x0800357c                Led1::_setupDigitalOut()
 .text._ZN4Led121_setupDigitalInPullUpEv
                0x080035a4       0x28 ..\obj\pin.o
                0x080035a4                Led1::_setupDigitalInPullUp()
 .text._ZN4Led123_setupDigitalInPullDownEv
                0x080035cc       0x28 ..\obj\pin.o
                0x080035cc                Led1::_setupDigitalInPullDown()
 .text._ZN4Led213_digitalWriteEv
                0x080035f4       0x20 ..\obj\pin.o
                0x080035f4                Led2::_digitalWrite()
 .text._ZN4Led213_digitalWriteEi
                0x08003614       0x30 ..\obj\pin.o
                0x08003614                Led2::_digitalWrite(int)
 .text._ZN4Led212_digitalReadEv
                0x08003644       0x20 ..\obj\pin.o
                0x08003644                Led2::_digitalRead()
 .text._ZN4Led215_setupDigitalInEv
                0x08003664       0x28 ..\obj\pin.o
                0x08003664                Led2::_setupDigitalIn()
 .text._ZN4Led216_setupDigitalOutEv
                0x0800368c       0x28 ..\obj\pin.o
                0x0800368c                Led2::_setupDigitalOut()
 .text._ZN4Led221_setupDigitalInPullUpEv
                0x080036b4       0x28 ..\obj\pin.o
                0x080036b4                Led2::_setupDigitalInPullUp()
 .text._ZN4Led223_setupDigitalInPullDownEv
                0x080036dc       0x28 ..\obj\pin.o
                0x080036dc                Led2::_setupDigitalInPullDown()
 .text._ZN4Led313_digitalWriteEv
                0x08003704       0x20 ..\obj\pin.o
                0x08003704                Led3::_digitalWrite()
 .text._ZN4Led313_digitalWriteEi
                0x08003724       0x30 ..\obj\pin.o
                0x08003724                Led3::_digitalWrite(int)
 .text._ZN4Led312_digitalReadEv
                0x08003754       0x20 ..\obj\pin.o
                0x08003754                Led3::_digitalRead()
 .text._ZN4Led315_setupDigitalInEv
                0x08003774       0x28 ..\obj\pin.o
                0x08003774                Led3::_setupDigitalIn()
 .text._ZN4Led316_setupDigitalOutEv
                0x0800379c       0x28 ..\obj\pin.o
                0x0800379c                Led3::_setupDigitalOut()
 .text._ZN4Led321_setupDigitalInPullUpEv
                0x080037c4       0x28 ..\obj\pin.o
                0x080037c4                Led3::_setupDigitalInPullUp()
 .text._ZN4Led323_setupDigitalInPullDownEv
                0x080037ec       0x28 ..\obj\pin.o
                0x080037ec                Led3::_setupDigitalInPullDown()
 .text._ZN3Sw013_digitalWriteEv
                0x08003814       0x20 ..\obj\pin.o
                0x08003814                Sw0::_digitalWrite()
 .text._ZN3Sw013_digitalWriteEi
                0x08003834       0x30 ..\obj\pin.o
                0x08003834                Sw0::_digitalWrite(int)
 .text._ZN3Sw012_digitalReadEv
                0x08003864       0x20 ..\obj\pin.o
                0x08003864                Sw0::_digitalRead()
 .text._ZN3Sw015_setupDigitalInEv
                0x08003884       0x28 ..\obj\pin.o
                0x08003884                Sw0::_setupDigitalIn()
 .text._ZN3Sw016_setupDigitalOutEv
                0x080038ac       0x18 ..\obj\pin.o
                0x080038ac                Sw0::_setupDigitalOut()
 .text._ZN3Sw021_setupDigitalInPullUpEv
                0x080038c4       0x28 ..\obj\pin.o
                0x080038c4                Sw0::_setupDigitalInPullUp()
 .text._ZN3Sw023_setupDigitalInPullDownEv
                0x080038ec       0x28 ..\obj\pin.o
                0x080038ec                Sw0::_setupDigitalInPullDown()
 .text._ZN3Sw113_digitalWriteEv
                0x08003914       0x20 ..\obj\pin.o
                0x08003914                Sw1::_digitalWrite()
 .text._ZN3Sw113_digitalWriteEi
                0x08003934       0x30 ..\obj\pin.o
                0x08003934                Sw1::_digitalWrite(int)
 .text._ZN3Sw112_digitalReadEv
                0x08003964       0x20 ..\obj\pin.o
                0x08003964                Sw1::_digitalRead()
 .text._ZN3Sw115_setupDigitalInEv
                0x08003984       0x28 ..\obj\pin.o
                0x08003984                Sw1::_setupDigitalIn()
 .text._ZN3Sw116_setupDigitalOutEv
                0x080039ac       0x18 ..\obj\pin.o
                0x080039ac                Sw1::_setupDigitalOut()
 .text._ZN3Sw121_setupDigitalInPullUpEv
                0x080039c4       0x28 ..\obj\pin.o
                0x080039c4                Sw1::_setupDigitalInPullUp()
 .text._ZN3Sw123_setupDigitalInPullDownEv
                0x080039ec       0x28 ..\obj\pin.o
                0x080039ec                Sw1::_setupDigitalInPullDown()
 .text._ZN3Sw213_digitalWriteEv
                0x08003a14       0x20 ..\obj\pin.o
                0x08003a14                Sw2::_digitalWrite()
 .text._ZN3Sw213_digitalWriteEi
                0x08003a34       0x30 ..\obj\pin.o
                0x08003a34                Sw2::_digitalWrite(int)
 .text._ZN3Sw212_digitalReadEv
                0x08003a64       0x20 ..\obj\pin.o
                0x08003a64                Sw2::_digitalRead()
 .text._ZN3Sw215_setupDigitalInEv
                0x08003a84       0x28 ..\obj\pin.o
                0x08003a84                Sw2::_setupDigitalIn()
 .text._ZN3Sw216_setupDigitalOutEv
                0x08003aac       0x18 ..\obj\pin.o
                0x08003aac                Sw2::_setupDigitalOut()
 .text._ZN3Sw221_setupDigitalInPullUpEv
                0x08003ac4       0x28 ..\obj\pin.o
                0x08003ac4                Sw2::_setupDigitalInPullUp()
 .text._ZN3Sw223_setupDigitalInPullDownEv
                0x08003aec       0x28 ..\obj\pin.o
                0x08003aec                Sw2::_setupDigitalInPullDown()
 .text._ZN3Sw313_digitalWriteEv
                0x08003b14       0x20 ..\obj\pin.o
                0x08003b14                Sw3::_digitalWrite()
 .text._ZN3Sw313_digitalWriteEi
                0x08003b34       0x30 ..\obj\pin.o
                0x08003b34                Sw3::_digitalWrite(int)
 .text._ZN3Sw312_digitalReadEv
                0x08003b64       0x20 ..\obj\pin.o
                0x08003b64                Sw3::_digitalRead()
 .text._ZN3Sw315_setupDigitalInEv
                0x08003b84       0x28 ..\obj\pin.o
                0x08003b84                Sw3::_setupDigitalIn()
 .text._ZN3Sw316_setupDigitalOutEv
                0x08003bac       0x18 ..\obj\pin.o
                0x08003bac                Sw3::_setupDigitalOut()
 .text._ZN3Sw321_setupDigitalInPullUpEv
                0x08003bc4       0x28 ..\obj\pin.o
                0x08003bc4                Sw3::_setupDigitalInPullUp()
 .text._ZN3Sw323_setupDigitalInPullDownEv
                0x08003bec       0x28 ..\obj\pin.o
                0x08003bec                Sw3::_setupDigitalInPullDown()
 .text._ZN6Buzzer13_digitalWriteEv
                0x08003c14       0x20 ..\obj\pin.o
                0x08003c14                Buzzer::_digitalWrite()
 .text._ZN6Buzzer13_digitalWriteEi
                0x08003c34       0x2c ..\obj\pin.o
                0x08003c34                Buzzer::_digitalWrite(int)
 .text._ZN6Buzzer12_digitalReadEv
                0x08003c60       0x20 ..\obj\pin.o
                0x08003c60                Buzzer::_digitalRead()
 .text._ZN6Buzzer15_setupDigitalInEv
                0x08003c80       0x28 ..\obj\pin.o
                0x08003c80                Buzzer::_setupDigitalIn()
 .text._ZN6Buzzer16_setupDigitalOutEv
                0x08003ca8       0x28 ..\obj\pin.o
                0x08003ca8                Buzzer::_setupDigitalOut()
 .text._ZN6Buzzer21_setupDigitalInPullUpEv
                0x08003cd0       0x28 ..\obj\pin.o
                0x08003cd0                Buzzer::_setupDigitalInPullUp()
 .text._ZN6Buzzer23_setupDigitalInPullDownEv
                0x08003cf8       0x28 ..\obj\pin.o
                0x08003cf8                Buzzer::_setupDigitalInPullDown()
 .text._ZN3CW013_digitalWriteEv
                0x08003d20       0x20 ..\obj\pin.o
                0x08003d20                CW0::_digitalWrite()
 .text._ZN3CW013_digitalWriteEi
                0x08003d40       0x2c ..\obj\pin.o
                0x08003d40                CW0::_digitalWrite(int)
 .text._ZN3CW012_digitalReadEv
                0x08003d6c       0x20 ..\obj\pin.o
                0x08003d6c                CW0::_digitalRead()
 .text._ZN3CW015_setupDigitalInEv
                0x08003d8c       0x28 ..\obj\pin.o
                0x08003d8c                CW0::_setupDigitalIn()
 .text._ZN3CW016_setupDigitalOutEv
                0x08003db4       0x28 ..\obj\pin.o
                0x08003db4                CW0::_setupDigitalOut()
 .text._ZN3CW021_setupDigitalInPullUpEv
                0x08003ddc       0x28 ..\obj\pin.o
                0x08003ddc                CW0::_setupDigitalInPullUp()
 .text._ZN3CW023_setupDigitalInPullDownEv
                0x08003e04       0x28 ..\obj\pin.o
                0x08003e04                CW0::_setupDigitalInPullDown()
 .text._ZN4CCW013_digitalWriteEv
                0x08003e2c       0x20 ..\obj\pin.o
                0x08003e2c                CCW0::_digitalWrite()
 .text._ZN4CCW013_digitalWriteEi
                0x08003e4c       0x2c ..\obj\pin.o
                0x08003e4c                CCW0::_digitalWrite(int)
 .text._ZN4CCW012_digitalReadEv
                0x08003e78       0x20 ..\obj\pin.o
                0x08003e78                CCW0::_digitalRead()
 .text._ZN4CCW015_setupDigitalInEv
                0x08003e98       0x28 ..\obj\pin.o
                0x08003e98                CCW0::_setupDigitalIn()
 .text._ZN4CCW016_setupDigitalOutEv
                0x08003ec0       0x28 ..\obj\pin.o
                0x08003ec0                CCW0::_setupDigitalOut()
 .text._ZN4CCW021_setupDigitalInPullUpEv
                0x08003ee8       0x28 ..\obj\pin.o
                0x08003ee8                CCW0::_setupDigitalInPullUp()
 .text._ZN4CCW023_setupDigitalInPullDownEv
                0x08003f10       0x28 ..\obj\pin.o
                0x08003f10                CCW0::_setupDigitalInPullDown()
 .text._ZN3CW113_digitalWriteEv
                0x08003f38       0x20 ..\obj\pin.o
                0x08003f38                CW1::_digitalWrite()
 .text._ZN3CW113_digitalWriteEi
                0x08003f58       0x30 ..\obj\pin.o
                0x08003f58                CW1::_digitalWrite(int)
 .text._ZN3CW112_digitalReadEv
                0x08003f88       0x20 ..\obj\pin.o
                0x08003f88                CW1::_digitalRead()
 .text._ZN3CW115_setupDigitalInEv
                0x08003fa8       0x28 ..\obj\pin.o
                0x08003fa8                CW1::_setupDigitalIn()
 .text._ZN3CW116_setupDigitalOutEv
                0x08003fd0       0x28 ..\obj\pin.o
                0x08003fd0                CW1::_setupDigitalOut()
 .text._ZN3CW121_setupDigitalInPullUpEv
                0x08003ff8       0x28 ..\obj\pin.o
                0x08003ff8                CW1::_setupDigitalInPullUp()
 .text._ZN3CW123_setupDigitalInPullDownEv
                0x08004020       0x28 ..\obj\pin.o
                0x08004020                CW1::_setupDigitalInPullDown()
 .text._ZN4CCW113_digitalWriteEv
                0x08004048       0x20 ..\obj\pin.o
                0x08004048                CCW1::_digitalWrite()
 .text._ZN4CCW113_digitalWriteEi
                0x08004068       0x2c ..\obj\pin.o
                0x08004068                CCW1::_digitalWrite(int)
 .text._ZN4CCW112_digitalReadEv
                0x08004094       0x20 ..\obj\pin.o
                0x08004094                CCW1::_digitalRead()
 .text._ZN4CCW115_setupDigitalInEv
                0x080040b4       0x28 ..\obj\pin.o
                0x080040b4                CCW1::_setupDigitalIn()
 .text._ZN4CCW116_setupDigitalOutEv
                0x080040dc       0x28 ..\obj\pin.o
                0x080040dc                CCW1::_setupDigitalOut()
 .text._ZN4CCW121_setupDigitalInPullUpEv
                0x08004104       0x28 ..\obj\pin.o
                0x08004104                CCW1::_setupDigitalInPullUp()
 .text._ZN4CCW123_setupDigitalInPullDownEv
                0x0800412c       0x28 ..\obj\pin.o
                0x0800412c                CCW1::_setupDigitalInPullDown()
 .text._ZN3CW213_digitalWriteEv
                0x08004154       0x20 ..\obj\pin.o
                0x08004154                CW2::_digitalWrite()
 .text._ZN3CW213_digitalWriteEi
                0x08004174       0x2c ..\obj\pin.o
                0x08004174                CW2::_digitalWrite(int)
 .text._ZN3CW212_digitalReadEv
                0x080041a0       0x20 ..\obj\pin.o
                0x080041a0                CW2::_digitalRead()
 .text._ZN3CW215_setupDigitalInEv
                0x080041c0       0x28 ..\obj\pin.o
                0x080041c0                CW2::_setupDigitalIn()
 .text._ZN3CW216_setupDigitalOutEv
                0x080041e8       0x28 ..\obj\pin.o
                0x080041e8                CW2::_setupDigitalOut()
 .text._ZN3CW221_setupDigitalInPullUpEv
                0x08004210       0x28 ..\obj\pin.o
                0x08004210                CW2::_setupDigitalInPullUp()
 .text._ZN3CW223_setupDigitalInPullDownEv
                0x08004238       0x28 ..\obj\pin.o
                0x08004238                CW2::_setupDigitalInPullDown()
 .text._ZN4CCW213_digitalWriteEv
                0x08004260       0x20 ..\obj\pin.o
                0x08004260                CCW2::_digitalWrite()
 .text._ZN4CCW213_digitalWriteEi
                0x08004280       0x2c ..\obj\pin.o
                0x08004280                CCW2::_digitalWrite(int)
 .text._ZN4CCW212_digitalReadEv
                0x080042ac       0x20 ..\obj\pin.o
                0x080042ac                CCW2::_digitalRead()
 .text._ZN4CCW215_setupDigitalInEv
                0x080042cc       0x28 ..\obj\pin.o
                0x080042cc                CCW2::_setupDigitalIn()
 .text._ZN4CCW216_setupDigitalOutEv
                0x080042f4       0x28 ..\obj\pin.o
                0x080042f4                CCW2::_setupDigitalOut()
 .text._ZN4CCW221_setupDigitalInPullUpEv
                0x0800431c       0x28 ..\obj\pin.o
                0x0800431c                CCW2::_setupDigitalInPullUp()
 .text._ZN4CCW223_setupDigitalInPullDownEv
                0x08004344       0x28 ..\obj\pin.o
                0x08004344                CCW2::_setupDigitalInPullDown()
 .text._ZN3CW313_digitalWriteEv
                0x0800436c       0x20 ..\obj\pin.o
                0x0800436c                CW3::_digitalWrite()
 .text._ZN3CW313_digitalWriteEi
                0x0800438c       0x30 ..\obj\pin.o
                0x0800438c                CW3::_digitalWrite(int)
 .text._ZN3CW312_digitalReadEv
                0x080043bc       0x20 ..\obj\pin.o
                0x080043bc                CW3::_digitalRead()
 .text._ZN3CW315_setupDigitalInEv
                0x080043dc       0x28 ..\obj\pin.o
                0x080043dc                CW3::_setupDigitalIn()
 .text._ZN3CW316_setupDigitalOutEv
                0x08004404       0x28 ..\obj\pin.o
                0x08004404                CW3::_setupDigitalOut()
 .text._ZN3CW321_setupDigitalInPullUpEv
                0x0800442c       0x28 ..\obj\pin.o
                0x0800442c                CW3::_setupDigitalInPullUp()
 .text._ZN3CW323_setupDigitalInPullDownEv
                0x08004454       0x28 ..\obj\pin.o
                0x08004454                CW3::_setupDigitalInPullDown()
 .text._ZN4CCW313_digitalWriteEv
                0x0800447c       0x20 ..\obj\pin.o
                0x0800447c                CCW3::_digitalWrite()
 .text._ZN4CCW313_digitalWriteEi
                0x0800449c       0x2c ..\obj\pin.o
                0x0800449c                CCW3::_digitalWrite(int)
 .text._ZN4CCW312_digitalReadEv
                0x080044c8       0x20 ..\obj\pin.o
                0x080044c8                CCW3::_digitalRead()
 .text._ZN4CCW315_setupDigitalInEv
                0x080044e8       0x28 ..\obj\pin.o
                0x080044e8                CCW3::_setupDigitalIn()
 .text._ZN4CCW316_setupDigitalOutEv
                0x08004510       0x28 ..\obj\pin.o
                0x08004510                CCW3::_setupDigitalOut()
 .text._ZN4CCW321_setupDigitalInPullUpEv
                0x08004538       0x28 ..\obj\pin.o
                0x08004538                CCW3::_setupDigitalInPullUp()
 .text._ZN4CCW323_setupDigitalInPullDownEv
                0x08004560       0x28 ..\obj\pin.o
                0x08004560                CCW3::_setupDigitalInPullDown()
 .text._ZN3CW413_digitalWriteEv
                0x08004588       0x20 ..\obj\pin.o
                0x08004588                CW4::_digitalWrite()
 .text._ZN3CW413_digitalWriteEi
                0x080045a8       0x2c ..\obj\pin.o
                0x080045a8                CW4::_digitalWrite(int)
 .text._ZN3CW412_digitalReadEv
                0x080045d4       0x20 ..\obj\pin.o
                0x080045d4                CW4::_digitalRead()
 .text._ZN3CW415_setupDigitalInEv
                0x080045f4       0x28 ..\obj\pin.o
                0x080045f4                CW4::_setupDigitalIn()
 .text._ZN3CW416_setupDigitalOutEv
                0x0800461c       0x28 ..\obj\pin.o
                0x0800461c                CW4::_setupDigitalOut()
 .text._ZN3CW421_setupDigitalInPullUpEv
                0x08004644       0x28 ..\obj\pin.o
                0x08004644                CW4::_setupDigitalInPullUp()
 .text._ZN3CW423_setupDigitalInPullDownEv
                0x0800466c       0x28 ..\obj\pin.o
                0x0800466c                CW4::_setupDigitalInPullDown()
 .text._ZN4CCW413_digitalWriteEv
                0x08004694       0x20 ..\obj\pin.o
                0x08004694                CCW4::_digitalWrite()
 .text._ZN4CCW413_digitalWriteEi
                0x080046b4       0x2c ..\obj\pin.o
                0x080046b4                CCW4::_digitalWrite(int)
 .text._ZN4CCW412_digitalReadEv
                0x080046e0       0x20 ..\obj\pin.o
                0x080046e0                CCW4::_digitalRead()
 .text._ZN4CCW415_setupDigitalInEv
                0x08004700       0x28 ..\obj\pin.o
                0x08004700                CCW4::_setupDigitalIn()
 .text._ZN4CCW416_setupDigitalOutEv
                0x08004728       0x28 ..\obj\pin.o
                0x08004728                CCW4::_setupDigitalOut()
 .text._ZN4CCW421_setupDigitalInPullUpEv
                0x08004750       0x28 ..\obj\pin.o
                0x08004750                CCW4::_setupDigitalInPullUp()
 .text._ZN4CCW423_setupDigitalInPullDownEv
                0x08004778       0x28 ..\obj\pin.o
                0x08004778                CCW4::_setupDigitalInPullDown()
 .text._ZN3CW513_digitalWriteEv
                0x080047a0       0x20 ..\obj\pin.o
                0x080047a0                CW5::_digitalWrite()
 .text._ZN3CW513_digitalWriteEi
                0x080047c0       0x30 ..\obj\pin.o
                0x080047c0                CW5::_digitalWrite(int)
 .text._ZN3CW512_digitalReadEv
                0x080047f0       0x20 ..\obj\pin.o
                0x080047f0                CW5::_digitalRead()
 .text._ZN3CW515_setupDigitalInEv
                0x08004810       0x28 ..\obj\pin.o
                0x08004810                CW5::_setupDigitalIn()
 .text._ZN3CW516_setupDigitalOutEv
                0x08004838       0x28 ..\obj\pin.o
                0x08004838                CW5::_setupDigitalOut()
 .text._ZN3CW521_setupDigitalInPullUpEv
                0x08004860       0x28 ..\obj\pin.o
                0x08004860                CW5::_setupDigitalInPullUp()
 .text._ZN3CW523_setupDigitalInPullDownEv
                0x08004888       0x28 ..\obj\pin.o
                0x08004888                CW5::_setupDigitalInPullDown()
 .text._ZN4CCW513_digitalWriteEv
                0x080048b0       0x20 ..\obj\pin.o
                0x080048b0                CCW5::_digitalWrite()
 .text._ZN4CCW513_digitalWriteEi
                0x080048d0       0x2c ..\obj\pin.o
                0x080048d0                CCW5::_digitalWrite(int)
 .text._ZN4CCW512_digitalReadEv
                0x080048fc       0x20 ..\obj\pin.o
                0x080048fc                CCW5::_digitalRead()
 .text._ZN4CCW515_setupDigitalInEv
                0x0800491c       0x28 ..\obj\pin.o
                0x0800491c                CCW5::_setupDigitalIn()
 .text._ZN4CCW516_setupDigitalOutEv
                0x08004944       0x28 ..\obj\pin.o
                0x08004944                CCW5::_setupDigitalOut()
 .text._ZN4CCW521_setupDigitalInPullUpEv
                0x0800496c       0x28 ..\obj\pin.o
                0x0800496c                CCW5::_setupDigitalInPullUp()
 .text._ZN4CCW523_setupDigitalInPullDownEv
                0x08004994       0x28 ..\obj\pin.o
                0x08004994                CCW5::_setupDigitalInPullDown()
 .text._ZN2A013_digitalWriteEv
                0x080049bc       0x20 ..\obj\pin.o
                0x080049bc                A0::_digitalWrite()
 .text._ZN2A013_digitalWriteEi
                0x080049dc       0x2c ..\obj\pin.o
                0x080049dc                A0::_digitalWrite(int)
 .text._ZN2A012_digitalReadEv
                0x08004a08       0x20 ..\obj\pin.o
                0x08004a08                A0::_digitalRead()
 .text._ZN2A015_setupDigitalInEv
                0x08004a28       0x28 ..\obj\pin.o
                0x08004a28                A0::_setupDigitalIn()
 .text._ZN2A016_setupDigitalOutEv
                0x08004a50       0x2c ..\obj\pin.o
                0x08004a50                A0::_setupDigitalOut()
 .text._ZN2A021_setupDigitalInPullUpEv
                0x08004a7c       0x28 ..\obj\pin.o
                0x08004a7c                A0::_setupDigitalInPullUp()
 .text._ZN2A023_setupDigitalInPullDownEv
                0x08004aa4       0x28 ..\obj\pin.o
                0x08004aa4                A0::_setupDigitalInPullDown()
 .text._ZN2A113_digitalWriteEv
                0x08004acc       0x20 ..\obj\pin.o
                0x08004acc                A1::_digitalWrite()
 .text._ZN2A113_digitalWriteEi
                0x08004aec       0x2c ..\obj\pin.o
                0x08004aec                A1::_digitalWrite(int)
 .text._ZN2A112_digitalReadEv
                0x08004b18       0x20 ..\obj\pin.o
                0x08004b18                A1::_digitalRead()
 .text._ZN2A115_setupDigitalInEv
                0x08004b38       0x28 ..\obj\pin.o
                0x08004b38                A1::_setupDigitalIn()
 .text._ZN2A116_setupDigitalOutEv
                0x08004b60       0x2c ..\obj\pin.o
                0x08004b60                A1::_setupDigitalOut()
 .text._ZN2A121_setupDigitalInPullUpEv
                0x08004b8c       0x28 ..\obj\pin.o
                0x08004b8c                A1::_setupDigitalInPullUp()
 .text._ZN2A123_setupDigitalInPullDownEv
                0x08004bb4       0x28 ..\obj\pin.o
                0x08004bb4                A1::_setupDigitalInPullDown()
 .text._ZN2A213_digitalWriteEv
                0x08004bdc       0x20 ..\obj\pin.o
                0x08004bdc                A2::_digitalWrite()
 .text._ZN2A213_digitalWriteEi
                0x08004bfc       0x2c ..\obj\pin.o
                0x08004bfc                A2::_digitalWrite(int)
 .text._ZN2A212_digitalReadEv
                0x08004c28       0x20 ..\obj\pin.o
                0x08004c28                A2::_digitalRead()
 .text._ZN2A215_setupDigitalInEv
                0x08004c48       0x28 ..\obj\pin.o
                0x08004c48                A2::_setupDigitalIn()
 .text._ZN2A216_setupDigitalOutEv
                0x08004c70       0x2c ..\obj\pin.o
                0x08004c70                A2::_setupDigitalOut()
 .text._ZN2A221_setupDigitalInPullUpEv
                0x08004c9c       0x28 ..\obj\pin.o
                0x08004c9c                A2::_setupDigitalInPullUp()
 .text._ZN2A223_setupDigitalInPullDownEv
                0x08004cc4       0x28 ..\obj\pin.o
                0x08004cc4                A2::_setupDigitalInPullDown()
 .text._ZN2A313_digitalWriteEv
                0x08004cec       0x20 ..\obj\pin.o
                0x08004cec                A3::_digitalWrite()
 .text._ZN2A313_digitalWriteEi
                0x08004d0c       0x2c ..\obj\pin.o
                0x08004d0c                A3::_digitalWrite(int)
 .text._ZN2A312_digitalReadEv
                0x08004d38       0x20 ..\obj\pin.o
                0x08004d38                A3::_digitalRead()
 .text._ZN2A315_setupDigitalInEv
                0x08004d58       0x28 ..\obj\pin.o
                0x08004d58                A3::_setupDigitalIn()
 .text._ZN2A316_setupDigitalOutEv
                0x08004d80       0x2c ..\obj\pin.o
                0x08004d80                A3::_setupDigitalOut()
 .text._ZN2A321_setupDigitalInPullUpEv
                0x08004dac       0x28 ..\obj\pin.o
                0x08004dac                A3::_setupDigitalInPullUp()
 .text._ZN2A323_setupDigitalInPullDownEv
                0x08004dd4       0x28 ..\obj\pin.o
                0x08004dd4                A3::_setupDigitalInPullDown()
 .text._ZN2A413_digitalWriteEv
                0x08004dfc       0x20 ..\obj\pin.o
                0x08004dfc                A4::_digitalWrite()
 .text._ZN2A413_digitalWriteEi
                0x08004e1c       0x2c ..\obj\pin.o
                0x08004e1c                A4::_digitalWrite(int)
 .text._ZN2A412_digitalReadEv
                0x08004e48       0x20 ..\obj\pin.o
                0x08004e48                A4::_digitalRead()
 .text._ZN2A415_setupDigitalInEv
                0x08004e68       0x28 ..\obj\pin.o
                0x08004e68                A4::_setupDigitalIn()
 .text._ZN2A416_setupDigitalOutEv
                0x08004e90       0x2c ..\obj\pin.o
                0x08004e90                A4::_setupDigitalOut()
 .text._ZN2A421_setupDigitalInPullUpEv
                0x08004ebc       0x28 ..\obj\pin.o
                0x08004ebc                A4::_setupDigitalInPullUp()
 .text._ZN2A423_setupDigitalInPullDownEv
                0x08004ee4       0x28 ..\obj\pin.o
                0x08004ee4                A4::_setupDigitalInPullDown()
 .text._ZN4Pwm013_digitalWriteEv
                0x08004f0c       0x20 ..\obj\pin.o
                0x08004f0c                Pwm0::_digitalWrite()
 .text._ZN4Pwm013_digitalWriteEi
                0x08004f2c       0x30 ..\obj\pin.o
                0x08004f2c                Pwm0::_digitalWrite(int)
 .text._ZN4Pwm012_digitalReadEv
                0x08004f5c       0x20 ..\obj\pin.o
                0x08004f5c                Pwm0::_digitalRead()
 .text._ZN4Pwm015_setupDigitalInEv
                0x08004f7c       0x28 ..\obj\pin.o
                0x08004f7c                Pwm0::_setupDigitalIn()
 .text._ZN4Pwm016_setupDigitalOutEv
                0x08004fa4       0x30 ..\obj\pin.o
                0x08004fa4                Pwm0::_setupDigitalOut()
 .text._ZN4Pwm021_setupDigitalInPullUpEv
                0x08004fd4       0x28 ..\obj\pin.o
                0x08004fd4                Pwm0::_setupDigitalInPullUp()
 .text._ZN4Pwm023_setupDigitalInPullDownEv
                0x08004ffc       0x28 ..\obj\pin.o
                0x08004ffc                Pwm0::_setupDigitalInPullDown()
 .text._ZN4Pwm113_digitalWriteEv
                0x08005024       0x20 ..\obj\pin.o
                0x08005024                Pwm1::_digitalWrite()
 .text._ZN4Pwm113_digitalWriteEi
                0x08005044       0x2c ..\obj\pin.o
                0x08005044                Pwm1::_digitalWrite(int)
 .text._ZN4Pwm112_digitalReadEv
                0x08005070       0x20 ..\obj\pin.o
                0x08005070                Pwm1::_digitalRead()
 .text._ZN4Pwm115_setupDigitalInEv
                0x08005090       0x28 ..\obj\pin.o
                0x08005090                Pwm1::_setupDigitalIn()
 .text._ZN4Pwm116_setupDigitalOutEv
                0x080050b8       0x2c ..\obj\pin.o
                0x080050b8                Pwm1::_setupDigitalOut()
 .text._ZN4Pwm121_setupDigitalInPullUpEv
                0x080050e4       0x28 ..\obj\pin.o
                0x080050e4                Pwm1::_setupDigitalInPullUp()
 .text._ZN4Pwm123_setupDigitalInPullDownEv
                0x0800510c       0x28 ..\obj\pin.o
                0x0800510c                Pwm1::_setupDigitalInPullDown()
 .text._ZN4Pwm213_digitalWriteEv
                0x08005134       0x20 ..\obj\pin.o
                0x08005134                Pwm2::_digitalWrite()
 .text._ZN4Pwm213_digitalWriteEi
                0x08005154       0x2c ..\obj\pin.o
                0x08005154                Pwm2::_digitalWrite(int)
 .text._ZN4Pwm212_digitalReadEv
                0x08005180       0x20 ..\obj\pin.o
                0x08005180                Pwm2::_digitalRead()
 .text._ZN4Pwm215_setupDigitalInEv
                0x080051a0       0x28 ..\obj\pin.o
                0x080051a0                Pwm2::_setupDigitalIn()
 .text._ZN4Pwm216_setupDigitalOutEv
                0x080051c8       0x2c ..\obj\pin.o
                0x080051c8                Pwm2::_setupDigitalOut()
 .text._ZN4Pwm221_setupDigitalInPullUpEv
                0x080051f4       0x28 ..\obj\pin.o
                0x080051f4                Pwm2::_setupDigitalInPullUp()
 .text._ZN4Pwm223_setupDigitalInPullDownEv
                0x0800521c       0x28 ..\obj\pin.o
                0x0800521c                Pwm2::_setupDigitalInPullDown()
 .text._ZN4Pwm313_digitalWriteEv
                0x08005244       0x20 ..\obj\pin.o
                0x08005244                Pwm3::_digitalWrite()
 .text._ZN4Pwm313_digitalWriteEi
                0x08005264       0x30 ..\obj\pin.o
                0x08005264                Pwm3::_digitalWrite(int)
 .text._ZN4Pwm312_digitalReadEv
                0x08005294       0x20 ..\obj\pin.o
                0x08005294                Pwm3::_digitalRead()
 .text._ZN4Pwm315_setupDigitalInEv
                0x080052b4       0x28 ..\obj\pin.o
                0x080052b4                Pwm3::_setupDigitalIn()
 .text._ZN4Pwm316_setupDigitalOutEv
                0x080052dc       0x30 ..\obj\pin.o
                0x080052dc                Pwm3::_setupDigitalOut()
 .text._ZN4Pwm321_setupDigitalInPullUpEv
                0x0800530c       0x28 ..\obj\pin.o
                0x0800530c                Pwm3::_setupDigitalInPullUp()
 .text._ZN4Pwm323_setupDigitalInPullDownEv
                0x08005334       0x28 ..\obj\pin.o
                0x08005334                Pwm3::_setupDigitalInPullDown()
 .text._ZN4Pwm413_digitalWriteEv
                0x0800535c       0x20 ..\obj\pin.o
                0x0800535c                Pwm4::_digitalWrite()
 .text._ZN4Pwm413_digitalWriteEi
                0x0800537c       0x30 ..\obj\pin.o
                0x0800537c                Pwm4::_digitalWrite(int)
 .text._ZN4Pwm412_digitalReadEv
                0x080053ac       0x20 ..\obj\pin.o
                0x080053ac                Pwm4::_digitalRead()
 .text._ZN4Pwm415_setupDigitalInEv
                0x080053cc       0x28 ..\obj\pin.o
                0x080053cc                Pwm4::_setupDigitalIn()
 .text._ZN4Pwm416_setupDigitalOutEv
                0x080053f4       0x30 ..\obj\pin.o
                0x080053f4                Pwm4::_setupDigitalOut()
 .text._ZN4Pwm421_setupDigitalInPullUpEv
                0x08005424       0x28 ..\obj\pin.o
                0x08005424                Pwm4::_setupDigitalInPullUp()
 .text._ZN4Pwm423_setupDigitalInPullDownEv
                0x0800544c       0x28 ..\obj\pin.o
                0x0800544c                Pwm4::_setupDigitalInPullDown()
 .text._ZN4Pwm513_digitalWriteEv
                0x08005474       0x20 ..\obj\pin.o
                0x08005474                Pwm5::_digitalWrite()
 .text._ZN4Pwm513_digitalWriteEi
                0x08005494       0x30 ..\obj\pin.o
                0x08005494                Pwm5::_digitalWrite(int)
 .text._ZN4Pwm512_digitalReadEv
                0x080054c4       0x20 ..\obj\pin.o
                0x080054c4                Pwm5::_digitalRead()
 .text._ZN4Pwm515_setupDigitalInEv
                0x080054e4       0x28 ..\obj\pin.o
                0x080054e4                Pwm5::_setupDigitalIn()
 .text._ZN4Pwm516_setupDigitalOutEv
                0x0800550c       0x30 ..\obj\pin.o
                0x0800550c                Pwm5::_setupDigitalOut()
 .text._ZN4Pwm521_setupDigitalInPullUpEv
                0x0800553c       0x28 ..\obj\pin.o
                0x0800553c                Pwm5::_setupDigitalInPullUp()
 .text._ZN4Pwm523_setupDigitalInPullDownEv
                0x08005564       0x28 ..\obj\pin.o
                0x08005564                Pwm5::_setupDigitalInPullDown()
 .text._ZN2A014_setupAnalogInEv
                0x0800558c       0x24 ..\obj\pin.o
                0x0800558c                A0::_setupAnalogIn()
 .text._ZThn8_N2A014_setupAnalogInEv
                0x080055b0        0x8 ..\obj\pin.o
                0x080055b0                non-virtual thunk to A0::_setupAnalogIn()
 .text._ZN2A011_analogReadEv
                0x080055b8       0x40 ..\obj\pin.o
                0x080055b8                A0::_analogRead()
 .text._ZThn8_N2A011_analogReadEv
                0x080055f8        0x8 ..\obj\pin.o
                0x080055f8                non-virtual thunk to A0::_analogRead()
 .text._ZN2A114_setupAnalogInEv
                0x08005600       0x24 ..\obj\pin.o
                0x08005600                A1::_setupAnalogIn()
 .text._ZThn8_N2A114_setupAnalogInEv
                0x08005624        0x8 ..\obj\pin.o
                0x08005624                non-virtual thunk to A1::_setupAnalogIn()
 .text._ZN2A111_analogReadEv
                0x0800562c       0x40 ..\obj\pin.o
                0x0800562c                A1::_analogRead()
 .text._ZThn8_N2A111_analogReadEv
                0x0800566c        0x8 ..\obj\pin.o
                0x0800566c                non-virtual thunk to A1::_analogRead()
 .text._ZN2A214_setupAnalogInEv
                0x08005674       0x24 ..\obj\pin.o
                0x08005674                A2::_setupAnalogIn()
 .text._ZThn8_N2A214_setupAnalogInEv
                0x08005698        0x8 ..\obj\pin.o
                0x08005698                non-virtual thunk to A2::_setupAnalogIn()
 .text._ZN2A211_analogReadEv
                0x080056a0       0x40 ..\obj\pin.o
                0x080056a0                A2::_analogRead()
 .text._ZThn8_N2A211_analogReadEv
                0x080056e0        0x8 ..\obj\pin.o
                0x080056e0                non-virtual thunk to A2::_analogRead()
 .text._ZN2A314_setupAnalogInEv
                0x080056e8       0x24 ..\obj\pin.o
                0x080056e8                A3::_setupAnalogIn()
 .text._ZThn8_N2A314_setupAnalogInEv
                0x0800570c        0x8 ..\obj\pin.o
                0x0800570c                non-virtual thunk to A3::_setupAnalogIn()
 .text._ZN2A311_analogReadEv
                0x08005714       0x40 ..\obj\pin.o
                0x08005714                A3::_analogRead()
 .text._ZThn8_N2A311_analogReadEv
                0x08005754        0x8 ..\obj\pin.o
                0x08005754                non-virtual thunk to A3::_analogRead()
 .text._ZN2A414_setupAnalogInEv
                0x0800575c       0x24 ..\obj\pin.o
                0x0800575c                A4::_setupAnalogIn()
 .text._ZThn8_N2A414_setupAnalogInEv
                0x08005780        0x8 ..\obj\pin.o
                0x08005780                non-virtual thunk to A4::_setupAnalogIn()
 .text._ZN2A411_analogReadEv
                0x08005788       0x40 ..\obj\pin.o
                0x08005788                A4::_analogRead()
 .text._ZThn8_N2A411_analogReadEv
                0x080057c8        0x8 ..\obj\pin.o
                0x080057c8                non-virtual thunk to A4::_analogRead()
 .text._ZN4Enc05setupEv
                0x080057d0       0x28 ..\obj\pin.o
                0x080057d0                Enc0::setup()
 .text._ZN4Enc05countEv
                0x080057f8       0x30 ..\obj\pin.o
                0x080057f8                Enc0::count()
 .text._ZN4Enc15setupEv
                0x08005828       0x24 ..\obj\pin.o
                0x08005828                Enc1::setup()
 .text._ZN4Enc15countEv
                0x0800584c       0x30 ..\obj\pin.o
                0x0800584c                Enc1::count()
 .text._ZN4Enc25setupEv
                0x0800587c       0x24 ..\obj\pin.o
                0x0800587c                Enc2::setup()
 .text._ZN4Enc25countEv
                0x080058a0       0x30 ..\obj\pin.o
                0x080058a0                Enc2::count()
 .text._ZN4Pwm012_setupPwmOutEff
                0x080058d0       0x48 ..\obj\pin.o
                0x080058d0                Pwm0::_setupPwmOut(float, float)
 .text._ZThn8_N4Pwm012_setupPwmOutEff
                0x08005918        0x8 ..\obj\pin.o
                0x08005918                non-virtual thunk to Pwm0::_setupPwmOut(float, float)
 .text._ZN4Pwm09_pwmWriteEf
                0x08005920       0x20 ..\obj\pin.o
                0x08005920                Pwm0::_pwmWrite(float)
 .text._ZThn8_N4Pwm09_pwmWriteEf
                0x08005940        0x8 ..\obj\pin.o
                0x08005940                non-virtual thunk to Pwm0::_pwmWrite(float)
 .text._ZN4Pwm09_pwmWriteEv
                0x08005948       0x20 ..\obj\pin.o
                0x08005948                Pwm0::_pwmWrite()
 .text._ZThn8_N4Pwm09_pwmWriteEv
                0x08005968        0x8 ..\obj\pin.o
                0x08005968                non-virtual thunk to Pwm0::_pwmWrite()
 .text._ZN4Pwm112_setupPwmOutEff
                0x08005970       0x44 ..\obj\pin.o
                0x08005970                Pwm1::_setupPwmOut(float, float)
 .text._ZThn8_N4Pwm112_setupPwmOutEff
                0x080059b4        0x8 ..\obj\pin.o
                0x080059b4                non-virtual thunk to Pwm1::_setupPwmOut(float, float)
 .text._ZN4Pwm19_pwmWriteEf
                0x080059bc       0x20 ..\obj\pin.o
                0x080059bc                Pwm1::_pwmWrite(float)
 .text._ZThn8_N4Pwm19_pwmWriteEf
                0x080059dc        0x8 ..\obj\pin.o
                0x080059dc                non-virtual thunk to Pwm1::_pwmWrite(float)
 .text._ZN4Pwm19_pwmWriteEv
                0x080059e4       0x20 ..\obj\pin.o
                0x080059e4                Pwm1::_pwmWrite()
 .text._ZThn8_N4Pwm19_pwmWriteEv
                0x08005a04        0x8 ..\obj\pin.o
                0x08005a04                non-virtual thunk to Pwm1::_pwmWrite()
 .text._ZN4Pwm212_setupPwmOutEff
                0x08005a0c       0x44 ..\obj\pin.o
                0x08005a0c                Pwm2::_setupPwmOut(float, float)
 .text._ZThn8_N4Pwm212_setupPwmOutEff
                0x08005a50        0x8 ..\obj\pin.o
                0x08005a50                non-virtual thunk to Pwm2::_setupPwmOut(float, float)
 .text._ZN4Pwm29_pwmWriteEf
                0x08005a58       0x20 ..\obj\pin.o
                0x08005a58                Pwm2::_pwmWrite(float)
 .text._ZThn8_N4Pwm29_pwmWriteEf
                0x08005a78        0x8 ..\obj\pin.o
                0x08005a78                non-virtual thunk to Pwm2::_pwmWrite(float)
 .text._ZN4Pwm29_pwmWriteEv
                0x08005a80       0x20 ..\obj\pin.o
                0x08005a80                Pwm2::_pwmWrite()
 .text._ZThn8_N4Pwm29_pwmWriteEv
                0x08005aa0        0x8 ..\obj\pin.o
                0x08005aa0                non-virtual thunk to Pwm2::_pwmWrite()
 .text._ZN4Pwm312_setupPwmOutEff
                0x08005aa8       0x48 ..\obj\pin.o
                0x08005aa8                Pwm3::_setupPwmOut(float, float)
 .text._ZThn8_N4Pwm312_setupPwmOutEff
                0x08005af0        0x8 ..\obj\pin.o
                0x08005af0                non-virtual thunk to Pwm3::_setupPwmOut(float, float)
 .text._ZN4Pwm39_pwmWriteEf
                0x08005af8       0x20 ..\obj\pin.o
                0x08005af8                Pwm3::_pwmWrite(float)
 .text._ZThn8_N4Pwm39_pwmWriteEf
                0x08005b18        0x8 ..\obj\pin.o
                0x08005b18                non-virtual thunk to Pwm3::_pwmWrite(float)
 .text._ZN4Pwm39_pwmWriteEv
                0x08005b20       0x20 ..\obj\pin.o
                0x08005b20                Pwm3::_pwmWrite()
 .text._ZThn8_N4Pwm39_pwmWriteEv
                0x08005b40        0x8 ..\obj\pin.o
                0x08005b40                non-virtual thunk to Pwm3::_pwmWrite()
 .text._ZN4Pwm412_setupPwmOutEff
                0x08005b48       0x48 ..\obj\pin.o
                0x08005b48                Pwm4::_setupPwmOut(float, float)
 .text._ZThn8_N4Pwm412_setupPwmOutEff
                0x08005b90        0x8 ..\obj\pin.o
                0x08005b90                non-virtual thunk to Pwm4::_setupPwmOut(float, float)
 .text._ZN4Pwm49_pwmWriteEf
                0x08005b98       0x20 ..\obj\pin.o
                0x08005b98                Pwm4::_pwmWrite(float)
 .text._ZThn8_N4Pwm49_pwmWriteEf
                0x08005bb8        0x8 ..\obj\pin.o
                0x08005bb8                non-virtual thunk to Pwm4::_pwmWrite(float)
 .text._ZN4Pwm49_pwmWriteEv
                0x08005bc0       0x20 ..\obj\pin.o
                0x08005bc0                Pwm4::_pwmWrite()
 .text._ZThn8_N4Pwm49_pwmWriteEv
                0x08005be0        0x8 ..\obj\pin.o
                0x08005be0                non-virtual thunk to Pwm4::_pwmWrite()
 .text._ZN4Pwm512_setupPwmOutEff
                0x08005be8       0x48 ..\obj\pin.o
                0x08005be8                Pwm5::_setupPwmOut(float, float)
 .text._ZThn8_N4Pwm512_setupPwmOutEff
                0x08005c30        0x8 ..\obj\pin.o
                0x08005c30                non-virtual thunk to Pwm5::_setupPwmOut(float, float)
 .text._ZN4Pwm59_pwmWriteEf
                0x08005c38       0x20 ..\obj\pin.o
                0x08005c38                Pwm5::_pwmWrite(float)
 .text._ZThn8_N4Pwm59_pwmWriteEf
                0x08005c58        0x8 ..\obj\pin.o
                0x08005c58                non-virtual thunk to Pwm5::_pwmWrite(float)
 .text._ZN4Pwm59_pwmWriteEv
                0x08005c60       0x20 ..\obj\pin.o
                0x08005c60                Pwm5::_pwmWrite()
 .text._ZThn8_N4Pwm59_pwmWriteEv
                0x08005c80        0x8 ..\obj\pin.o
                0x08005c80                non-virtual thunk to Pwm5::_pwmWrite()
 .text._ZN4Led212_setupPwmOutEff
                0x08005c88       0x48 ..\obj\pin.o
                0x08005c88                Led2::_setupPwmOut(float, float)
 .text._ZThn8_N4Led212_setupPwmOutEff
                0x08005cd0        0x8 ..\obj\pin.o
                0x08005cd0                non-virtual thunk to Led2::_setupPwmOut(float, float)
 .text._ZN4Led29_pwmWriteEf
                0x08005cd8       0x20 ..\obj\pin.o
                0x08005cd8                Led2::_pwmWrite(float)
 .text._ZThn8_N4Led29_pwmWriteEf
                0x08005cf8        0x8 ..\obj\pin.o
                0x08005cf8                non-virtual thunk to Led2::_pwmWrite(float)
 .text._ZN4Led29_pwmWriteEv
                0x08005d00       0x20 ..\obj\pin.o
                0x08005d00                Led2::_pwmWrite()
 .text._ZThn8_N4Led29_pwmWriteEv
                0x08005d20        0x8 ..\obj\pin.o
                0x08005d20                non-virtual thunk to Led2::_pwmWrite()
 .text._ZN4Led312_setupPwmOutEff
                0x08005d28       0x48 ..\obj\pin.o
                0x08005d28                Led3::_setupPwmOut(float, float)
 .text._ZThn8_N4Led312_setupPwmOutEff
                0x08005d70        0x8 ..\obj\pin.o
                0x08005d70                non-virtual thunk to Led3::_setupPwmOut(float, float)
 .text._ZN4Led39_pwmWriteEf
                0x08005d78       0x20 ..\obj\pin.o
                0x08005d78                Led3::_pwmWrite(float)
 .text._ZThn8_N4Led39_pwmWriteEf
                0x08005d98        0x8 ..\obj\pin.o
                0x08005d98                non-virtual thunk to Led3::_pwmWrite(float)
 .text._ZN4Led39_pwmWriteEv
                0x08005da0       0x20 ..\obj\pin.o
                0x08005da0                Led3::_pwmWrite()
 .text._ZThn8_N4Led39_pwmWriteEv
                0x08005dc0        0x8 ..\obj\pin.o
                0x08005dc0                non-virtual thunk to Led3::_pwmWrite()
 .text._ZN6Buzzer12_setupPwmOutEff
                0x08005dc8       0x44 ..\obj\pin.o
                0x08005dc8                Buzzer::_setupPwmOut(float, float)
 .text._ZThn8_N6Buzzer12_setupPwmOutEff
                0x08005e0c        0x8 ..\obj\pin.o
                0x08005e0c                non-virtual thunk to Buzzer::_setupPwmOut(float, float)
 .text._ZN6Buzzer9_pwmWriteEf
                0x08005e14       0x20 ..\obj\pin.o
                0x08005e14                Buzzer::_pwmWrite(float)
 .text._ZThn8_N6Buzzer9_pwmWriteEf
                0x08005e34        0x8 ..\obj\pin.o
                0x08005e34                non-virtual thunk to Buzzer::_pwmWrite(float)
 .text._ZN6Buzzer9_pwmWriteEv
                0x08005e3c       0x20 ..\obj\pin.o
                0x08005e3c                Buzzer::_pwmWrite()
 .text._ZThn8_N6Buzzer9_pwmWriteEv
                0x08005e5c        0x8 ..\obj\pin.o
                0x08005e5c                non-virtual thunk to Buzzer::_pwmWrite()
 .text._ZN7Serial06_setupEiR15SerialInterfaceii
                0x08005e64       0x5c ..\obj\pin.o
                0x08005e64                Serial0::_setup(int, SerialInterface&, int, int)
 .text._ZN7Serial09charWriteEc
                0x08005ec0       0x1c ..\obj\pin.o
                0x08005ec0                Serial0::charWrite(char)
 .text._Z17serial0_interruptv
                0x08005edc       0x2c ..\obj\pin.o
                0x08005edc                serial0_interrupt()
 .text._ZN7Serial08transmitEc
                0x08005f08       0x3c ..\obj\pin.o
                0x08005f08                Serial0::transmit(char)
 .text.USART2_IRQHandler
                0x08005f44        0xc ..\obj\pin.o
                0x08005f44                USART2_IRQHandler
 .text._ZN7Serial16_setupEiR15SerialInterfaceii
                0x08005f50       0x60 ..\obj\pin.o
                0x08005f50                Serial1::_setup(int, SerialInterface&, int, int)
 .text._Z17serial1_interruptv
                0x08005fb0       0x2c ..\obj\pin.o
                0x08005fb0                serial1_interrupt()
 .text.USART3_IRQHandler
                0x08005fdc        0xc ..\obj\pin.o
                0x08005fdc                USART3_IRQHandler
 .text._ZN7Serial19charWriteEc
                0x08005fe8       0x1c ..\obj\pin.o
                0x08005fe8                Serial1::charWrite(char)
 .text._ZN7Serial18transmitEc
                0x08006004       0x3c ..\obj\pin.o
                0x08006004                Serial1::transmit(char)
 .text.std_char_out
                0x08006040       0x3c ..\obj\pin.o
                0x08006040                std_char_out
 .text.std_char_out_setup
                0x0800607c       0x60 ..\obj\pin.o
                0x0800607c                std_char_out_setup
 .text._ZN3CanC2Ev
                0x080060dc       0x20 ..\obj\pin.o
                0x080060dc                Can::Can()
                0x080060dc                Can::Can()
 .text._ZN4Can0C2Ev
                0x080060fc       0x34 ..\obj\pin.o
                0x080060fc                Can0::Can0()
                0x080060fc                Can0::Can0()
 .text._ZN4Can05setupEv
                0x08006130       0x74 ..\obj\pin.o
                0x08006130                Can0::setup()
 .text._ZN4Can013setupLoopBackEv
                0x080061a4       0x58 ..\obj\pin.o
                0x080061a4                Can0::setupLoopBack()
 .text._ZN4Can012addInterfaceER12CanInterface
                0x080061fc       0x44 ..\obj\pin.o
                0x080061fc                Can0::addInterface(CanInterface&)
 .text._ZN4Can05setIdEi
                0x08006240       0xa8 ..\obj\pin.o
                0x08006240                Can0::setId(int)
 .text._ZN4Can08setIdAllEv
                0x080062e8       0x38 ..\obj\pin.o
                0x080062e8                Can0::setIdAll()
 .text._ZN4Can04readEiiPh
                0x08006320       0x80 ..\obj\pin.o
                0x08006320                Can0::read(int, int, unsigned char*)
 .text._ZN4Can05writeEiiPh
                0x080063a0       0xe4 ..\obj\pin.o
                0x080063a0                Can0::write(int, int, unsigned char*)
 .text._Z14Can0_Interruptv
                0x08006484       0x48 ..\obj\pin.o
                0x08006484                Can0_Interrupt()
 .text.CAN1_RX0_IRQHandler
                0x080064cc        0xc ..\obj\pin.o
                0x080064cc                CAN1_RX0_IRQHandler
 .text._ZN10RingBufferIcLi256EEC2Ev
                0x080064d8       0x28 ..\obj\pin.o
                0x080064d8                RingBuffer<char, 256>::RingBuffer()
                0x080064d8                RingBuffer<char, 256>::RingBuffer()
 .text._ZN10RingBufferIcLi256EE5writeEc
                0x08006500       0x60 ..\obj\pin.o
                0x08006500                RingBuffer<char, 256>::write(char)
 .text._ZN10RingBufferIcLi256EE7isEmptyEv
                0x08006560       0x2c ..\obj\pin.o
                0x08006560                RingBuffer<char, 256>::isEmpty()
 .text._ZN10RingBufferIcLi256EE4readEv
                0x0800658c       0x5c ..\obj\pin.o
                0x0800658c                RingBuffer<char, 256>::read()
 .text._ZN7EncoderC2Ev
                0x080065e8       0x34 ..\obj\main.o
                0x080065e8                Encoder::Encoder()
                0x080065e8                Encoder::Encoder()
 .text._ZN7DigitalC2Ev
                0x0800661c       0x20 ..\obj\main.o
                0x0800661c                Digital::Digital()
                0x0800661c                Digital::Digital()
 .text._ZN3PwmC2Ev
                0x0800663c       0x20 ..\obj\main.o
                0x0800663c                Pwm::Pwm()
                0x0800663c                Pwm::Pwm()
 .text._ZN4Pwm0C2Ev
                0x0800665c       0x40 ..\obj\main.o
                0x0800665c                Pwm0::Pwm0()
                0x0800665c                Pwm0::Pwm0()
 .text._ZN4Pwm1C2Ev
                0x0800669c       0x40 ..\obj\main.o
                0x0800669c                Pwm1::Pwm1()
                0x0800669c                Pwm1::Pwm1()
 .text._ZN4Pwm2C2Ev
                0x080066dc       0x40 ..\obj\main.o
                0x080066dc                Pwm2::Pwm2()
                0x080066dc                Pwm2::Pwm2()
 *fill*         0x0800671c        0x4 
 .text._ZN5ROBOT12targetOutputEv
                0x08006720      0x2e8 ..\obj\main.o
                0x08006720                ROBOT::targetOutput()
 .text._ZN5ROBOT9angleLockEv
                0x08006a08       0xe0 ..\obj\main.o
                0x08006a08                ROBOT::angleLock()
 .text._ZN5ROBOT5totalEv
                0x08006ae8      0x1fc ..\obj\main.o
                0x08006ae8                ROBOT::total()
 *fill*         0x08006ce4        0x4 
 .text._ZN5ROBOT12selfLocationEv
                0x08006ce8      0x6d8 ..\obj\main.o
                0x08006ce8                ROBOT::selfLocation()
 .text._ZN6BuzzerC2Ev
                0x080073c0       0x38 ..\obj\main.o
                0x080073c0                Buzzer::Buzzer()
                0x080073c0                Buzzer::Buzzer()
 .text._ZN3CW0C2Ev
                0x080073f8       0x24 ..\obj\main.o
                0x080073f8                CW0::CW0()
                0x080073f8                CW0::CW0()
 .text._ZN4CCW0C2Ev
                0x0800741c       0x24 ..\obj\main.o
                0x0800741c                CCW0::CCW0()
                0x0800741c                CCW0::CCW0()
 .text._ZN3CW1C2Ev
                0x08007440       0x24 ..\obj\main.o
                0x08007440                CW1::CW1()
                0x08007440                CW1::CW1()
 .text._ZN4CCW1C2Ev
                0x08007464       0x24 ..\obj\main.o
                0x08007464                CCW1::CCW1()
                0x08007464                CCW1::CCW1()
 .text._ZN3CW2C2Ev
                0x08007488       0x24 ..\obj\main.o
                0x08007488                CW2::CW2()
                0x08007488                CW2::CW2()
 .text._ZN4CCW2C2Ev
                0x080074ac       0x24 ..\obj\main.o
                0x080074ac                CCW2::CCW2()
                0x080074ac                CCW2::CCW2()
 .text._ZN4Enc0C2Ev
                0x080074d0       0x24 ..\obj\main.o
                0x080074d0                Enc0::Enc0()
                0x080074d0                Enc0::Enc0()
 .text._ZN4Enc1C2Ev
                0x080074f4       0x24 ..\obj\main.o
                0x080074f4                Enc1::Enc1()
                0x080074f4                Enc1::Enc1()
 .text._ZN4Enc2C2Ev
                0x08007518       0x24 ..\obj\main.o
                0x08007518                Enc2::Enc2()
                0x08007518                Enc2::Enc2()
 .text._ZN6SerialC2Ev
                0x0800753c       0x20 ..\obj\main.o
                0x0800753c                Serial::Serial()
                0x0800753c                Serial::Serial()
 .text._ZN7Serial0C2Ev
                0x0800755c       0x24 ..\obj\main.o
                0x0800755c                Serial0::Serial0()
                0x0800755c                Serial0::Serial0()
 .text._ZN5ROBOTC2Ev
                0x08007580      0x2b4 ..\obj\main.o
                0x08007580                ROBOT::ROBOT()
                0x08007580                ROBOT::ROBOT()
 .text.main     0x08007834       0x90 ..\obj\main.o
                0x08007834                main
 .text.RCC_GetClocksFreq
                0x080078c4      0x154 ..\obj\stm32f4xx_rcc.o
                0x080078c4                RCC_GetClocksFreq
 .text.RCC_AHB1PeriphClockCmd
                0x08007a18       0x3c ..\obj\stm32f4xx_rcc.o
                0x08007a18                RCC_AHB1PeriphClockCmd
 .text.RCC_APB1PeriphClockCmd
                0x08007a54       0x3c ..\obj\stm32f4xx_rcc.o
                0x08007a54                RCC_APB1PeriphClockCmd
 .text.RCC_APB2PeriphClockCmd
                0x08007a90       0x3c ..\obj\stm32f4xx_rcc.o
                0x08007a90                RCC_APB2PeriphClockCmd
 .text.RCC_APB1PeriphResetCmd
                0x08007acc       0x3c ..\obj\stm32f4xx_rcc.o
                0x08007acc                RCC_APB1PeriphResetCmd
 .text.RCC_APB2PeriphResetCmd
                0x08007b08       0x3c ..\obj\stm32f4xx_rcc.o
                0x08007b08                RCC_APB2PeriphResetCmd
 .text.system_setup
                0x08007b44       0x2c ..\obj\system.o
                0x08007b44                system_setup
 .text.ADC_DeInit
                0x08007b70       0x1c ..\obj\stm32f4xx_adc.o
                0x08007b70                ADC_DeInit
 .text.ADC_Init
                0x08007b8c       0xa8 ..\obj\stm32f4xx_adc.o
                0x08007b8c                ADC_Init
 .text.ADC_StructInit
                0x08007c34       0x3c ..\obj\stm32f4xx_adc.o
                0x08007c34                ADC_StructInit
 .text.ADC_CommonInit
                0x08007c70       0x50 ..\obj\stm32f4xx_adc.o
                0x08007c70                ADC_CommonInit
 .text.ADC_CommonStructInit
                0x08007cc0       0x2c ..\obj\stm32f4xx_adc.o
                0x08007cc0                ADC_CommonStructInit
 .text.ADC_Cmd  0x08007cec       0x38 ..\obj\stm32f4xx_adc.o
                0x08007cec                ADC_Cmd
 .text.ADC_RegularChannelConfig
                0x08007d24      0x194 ..\obj\stm32f4xx_adc.o
                0x08007d24                ADC_RegularChannelConfig
 .text.ADC_SoftwareStartConv
                0x08007eb8       0x20 ..\obj\stm32f4xx_adc.o
                0x08007eb8                ADC_SoftwareStartConv
 .text.ADC_DMACmd
                0x08007ed8       0x38 ..\obj\stm32f4xx_adc.o
                0x08007ed8                ADC_DMACmd
 .text.ADC_DMARequestAfterLastTransferCmd
                0x08007f10       0x38 ..\obj\stm32f4xx_adc.o
                0x08007f10                ADC_DMARequestAfterLastTransferCmd
 .text._ZN12CanInterface17canInterfaceSetupEP3Can
                0x08007f48       0x20 ..\obj\can.o
                0x08007f48                CanInterface::canInterfaceSetup(Can*)
 .text._ZN12CanInterface8canSetupEv
                0x08007f68       0x24 ..\obj\can.o
                0x08007f68                CanInterface::canSetup()
 .text._ZN12CanInterface8canWriteEiiPh
                0x08007f8c       0x30 ..\obj\can.o
                0x08007f8c                CanInterface::canWrite(int, int, unsigned char*)
 .text._ZN12CanInterface8canSetIdEi
                0x08007fbc       0x28 ..\obj\can.o
                0x08007fbc                CanInterface::canSetId(int)
 .text.Select_ADC_channel
                0x08007fe4      0x100 ..\obj\config_adc.o
                0x08007fe4                Select_ADC_channel
 .text.Init_ADC1
                0x080080e4      0x1d0 ..\obj\config_adc.o
                0x080080e4                Init_ADC1
 .text.get_ADC1_value
                0x080082b4       0x64 ..\obj\config_adc.o
                0x080082b4                get_ADC1_value
 .text.NMI_Handler
                0x08008318       0x1c ..\obj\error.o
                0x08008318                NMI_Handler
 .text.HardFault_Handler
                0x08008334       0x1c ..\obj\error.o
                0x08008334                HardFault_Handler
 .text.MemManage_Handler
                0x08008350       0x1c ..\obj\error.o
                0x08008350                MemManage_Handler
 .text.BusFault_Handler
                0x0800836c       0x1c ..\obj\error.o
                0x0800836c                BusFault_Handler
 .text.UsageFault_Handler
                0x08008388       0x1c ..\obj\error.o
                0x08008388                UsageFault_Handler
 .text.SVC_Handler
                0x080083a4       0x1c ..\obj\error.o
                0x080083a4                SVC_Handler
 .text.DebugMon_Handler
                0x080083c0       0x1c ..\obj\error.o
                0x080083c0                DebugMon_Handler
 .text.PendSV_Handler
                0x080083dc       0x1c ..\obj\error.o
                0x080083dc                PendSV_Handler
 .text.NVIC_SetPriority
                0x080083f8       0x54 ..\obj\config_systick.o
 .text.SysTick_Config
                0x0800844c       0x44 ..\obj\config_systick.o
 .text.Init_SysTick
                0x08008490       0x44 ..\obj\config_systick.o
                0x08008490                Init_SysTick
 .text.SD_ProcessIRQSrc
                0x080084d4       0xc8 ..\obj\stm32_ub_sdcard.o
                0x080084d4                SD_ProcessIRQSrc
 .text.SD_ProcessDMAIRQ
                0x0800859c       0x30 ..\obj\stm32_ub_sdcard.o
                0x0800859c                SD_ProcessDMAIRQ
 .text.SDIO_IRQHandler
                0x080085cc        0xc ..\obj\stm32_ub_sdcard.o
                0x080085cc                SDIO_IRQHandler
 .text.DMA2_Stream3_IRQHandler
                0x080085d8        0xc ..\obj\stm32_ub_sdcard.o
                0x080085d8                DMA2_Stream3_IRQHandler
 .text.GPIO_Init
                0x080085e4      0x11c ..\obj\stm32f4xx_gpio.o
                0x080085e4                GPIO_Init
 .text.GPIO_StructInit
                0x08008700       0x34 ..\obj\stm32f4xx_gpio.o
                0x08008700                GPIO_StructInit
 .text.GPIO_ReadInputDataBit
                0x08008734       0x34 ..\obj\stm32f4xx_gpio.o
                0x08008734                GPIO_ReadInputDataBit
 .text.GPIO_ReadOutputDataBit
                0x08008768       0x34 ..\obj\stm32f4xx_gpio.o
                0x08008768                GPIO_ReadOutputDataBit
 .text.GPIO_SetBits
                0x0800879c       0x1c ..\obj\stm32f4xx_gpio.o
                0x0800879c                GPIO_SetBits
 .text.GPIO_ResetBits
                0x080087b8       0x1c ..\obj\stm32f4xx_gpio.o
                0x080087b8                GPIO_ResetBits
 .text.GPIO_PinAFConfig
                0x080087d4       0x90 ..\obj\stm32f4xx_gpio.o
                0x080087d4                GPIO_PinAFConfig
 .text.SystemInit
                0x08008864       0x58 ..\obj\system_stm32f4xx.o
                0x08008864                SystemInit
 .text.SystemCoreClockUpdate
                0x080088bc       0xf8 ..\obj\system_stm32f4xx.o
                0x080088bc                SystemCoreClockUpdate
 .text.SetSysClock
                0x080089b4       0xf4 ..\obj\system_stm32f4xx.o
 .text._sbrk    0x08008aa8       0x40 ..\obj\syscalls.o
                0x08008aa8                _sbrk
 .text._close   0x08008ae8       0x18 ..\obj\syscalls.o
                0x08008ae8                _close
 .text._fstat   0x08008b00       0x20 ..\obj\syscalls.o
                0x08008b00                _fstat
 .text._isatty  0x08008b20       0x18 ..\obj\syscalls.o
                0x08008b20                _isatty
 .text._lseek   0x08008b38       0x1c ..\obj\syscalls.o
                0x08008b38                _lseek
 .text._read    0x08008b54       0x1c ..\obj\syscalls.o
                0x08008b54                _read
 .text._write   0x08008b70       0x38 ..\obj\syscalls.o
                0x08008b70                _write
 .text.abort    0x08008ba8        0x8 ..\obj\syscalls.o
                0x08008ba8                abort
 .text.DMA_DeInit
                0x08008bb0      0x1a4 ..\obj\stm32f4xx_dma.o
                0x08008bb0                DMA_DeInit
 .text.DMA_Init
                0x08008d54       0xac ..\obj\stm32f4xx_dma.o
                0x08008d54                DMA_Init
 .text.DMA_StructInit
                0x08008e00       0x6c ..\obj\stm32f4xx_dma.o
                0x08008e00                DMA_StructInit
 .text.DMA_Cmd  0x08008e6c       0x38 ..\obj\stm32f4xx_dma.o
                0x08008e6c                DMA_Cmd
 .text.DMA_ClearFlag
                0x08008ea4       0x5c ..\obj\stm32f4xx_dma.o
                0x08008ea4                DMA_ClearFlag
 .text.USB_OTG_BSP_uDelay
                0x08008f00       0x48 ..\obj\usb_bsp.o
                0x08008f00                USB_OTG_BSP_uDelay
 .text.USBD_StdDevReq
                0x08008f48       0xa0 ..\obj\usbd_req.o
                0x08008f48                USBD_StdDevReq
 .text.USBD_StdItfReq
                0x08008fe8       0x68 ..\obj\usbd_req.o
                0x08008fe8                USBD_StdItfReq
 .text.USBD_StdEPReq
                0x08009050      0x1b0 ..\obj\usbd_req.o
                0x08009050                USBD_StdEPReq
 .text.USBD_GetDescriptor
                0x08009200      0x1b8 ..\obj\usbd_req.o
 .text.USBD_SetAddress
                0x080093b8       0x7c ..\obj\usbd_req.o
 .text.USBD_SetConfig
                0x08009434       0xf4 ..\obj\usbd_req.o
 .text.USBD_GetConfig
                0x08009528       0x60 ..\obj\usbd_req.o
 .text.USBD_GetStatus
                0x08009588       0x50 ..\obj\usbd_req.o
 .text.USBD_SetFeature
                0x080095d8       0xcc ..\obj\usbd_req.o
 .text.USBD_ClrFeature
                0x080096a4       0x50 ..\obj\usbd_req.o
 .text.USBD_ParseSetupRequest
                0x080096f4       0x90 ..\obj\usbd_req.o
                0x080096f4                USBD_ParseSetupRequest
 .text.USBD_CtlError
                0x08009784       0x48 ..\obj\usbd_req.o
                0x08009784                USBD_CtlError
 .text.USBD_OTG_ISR_Handler
                0x080097cc      0x15c ..\obj\usb_dcd_int.o
                0x080097cc                USBD_OTG_ISR_Handler
 .text.DCD_HandleResume_ISR
                0x08009928       0x80 ..\obj\usb_dcd_int.o
 .text.DCD_HandleUSBSuspend_ISR
                0x080099a8       0x9c ..\obj\usb_dcd_int.o
 .text.DCD_HandleInEP_ISR
                0x08009a44      0x1ec ..\obj\usb_dcd_int.o
 .text.DCD_HandleOutEP_ISR
                0x08009c30      0x178 ..\obj\usb_dcd_int.o
 .text.DCD_HandleSof_ISR
                0x08009da8       0x34 ..\obj\usb_dcd_int.o
 .text.DCD_HandleRxStatusQueueLevel_ISR
                0x08009ddc      0x104 ..\obj\usb_dcd_int.o
 .text.DCD_WriteEmptyTxFifo
                0x08009ee0       0xe4 ..\obj\usb_dcd_int.o
 .text.DCD_HandleUsbReset_ISR
                0x08009fc4      0x138 ..\obj\usb_dcd_int.o
 .text.DCD_HandleEnumDone_ISR
                0x0800a0fc       0x78 ..\obj\usb_dcd_int.o
 .text.DCD_IsoINIncomplete_ISR
                0x0800a174       0x34 ..\obj\usb_dcd_int.o
 .text.DCD_IsoOUTIncomplete_ISR
                0x0800a1a8       0x34 ..\obj\usb_dcd_int.o
 .text.DCD_ReadDevInEP
                0x0800a1dc       0x50 ..\obj\usb_dcd_int.o
 .text.EXTI_ClearITPendingBit
                0x0800a22c       0x1c ..\obj\stm32f4xx_exti.o
                0x0800a22c                EXTI_ClearITPendingBit
 .text.Analysis_GPIO_Pin
                0x0800a248      0x168 ..\obj\name_converter.o
                0x0800a248                Analysis_GPIO_Pin
 .text.GPIO_af_USART_select
                0x0800a3b0       0x84 ..\obj\name_converter.o
                0x0800a3b0                GPIO_af_USART_select
 .text.USART_irqn_select
                0x0800a434       0x84 ..\obj\name_converter.o
                0x0800a434                USART_irqn_select
 .text.Tim_irqn_select
                0x0800a4b8       0x94 ..\obj\name_converter.o
                0x0800a4b8                Tim_irqn_select
 .text.RCC_PeriphClock_TIM
                0x0800a54c      0x1b0 ..\obj\name_converter.o
                0x0800a54c                RCC_PeriphClock_TIM
 .text.RCC_PeriphClock_USART
                0x0800a6fc      0x12c ..\obj\name_converter.o
                0x0800a6fc                RCC_PeriphClock_USART
 .text.NVIC_Configuration
                0x0800a828       0x2c ..\obj\name_converter.o
                0x0800a828                NVIC_Configuration
 .text.Pin_select_source
                0x0800a854       0xec ..\obj\name_converter.o
                0x0800a854                Pin_select_source
 .text.Tim_select_af
                0x0800a940       0xb8 ..\obj\name_converter.o
                0x0800a940                Tim_select_af
 .text.NVIC_PriorityGroupConfig
                0x0800a9f8       0x24 ..\obj\misc.o
                0x0800a9f8                NVIC_PriorityGroupConfig
 .text.NVIC_Init
                0x0800aa1c       0xc0 ..\obj\misc.o
                0x0800aa1c                NVIC_Init
 .text.DCD_EP_Open
                0x0800aadc       0xa8 ..\obj\usb_dcd.o
                0x0800aadc                DCD_EP_Open
 .text.DCD_EP_PrepareRx
                0x0800ab84       0x84 ..\obj\usb_dcd.o
                0x0800ab84                DCD_EP_PrepareRx
 .text.DCD_EP_Tx
                0x0800ac08       0x78 ..\obj\usb_dcd.o
                0x0800ac08                DCD_EP_Tx
 .text.DCD_EP_Stall
                0x0800ac80       0x74 ..\obj\usb_dcd.o
                0x0800ac80                DCD_EP_Stall
 .text.DCD_EP_ClrStall
                0x0800acf4       0x74 ..\obj\usb_dcd.o
                0x0800acf4                DCD_EP_ClrStall
 .text.DCD_EP_SetAddress
                0x0800ad68       0x3c ..\obj\usb_dcd.o
                0x0800ad68                DCD_EP_SetAddress
 .text._ZN15SerialInterface14serialReadCharEc
                0x0800ada4       0xd4 ..\obj\serial.o
                0x0800ada4                SerialInterface::serialReadChar(char)
 .text._ZN6Serial6printfEPKcz
                0x0800ae78       0x48 ..\obj\serial.o
                0x0800ae78                Serial::printf(char const*, ...)
 .text._ZN12CanInterface5canIdEi
                0x0800aec0       0x18 ..\obj\can_encoder.o
                0x0800aec0                CanInterface::canId(int)
 .text._ZN3Can12addInterfaceEP12CanInterface
                0x0800aed8       0x24 ..\obj\can_encoder.o
                0x0800aed8                Can::addInterface(CanInterface*)
 .text._ZN12CanInterfaceC2Ev
                0x0800aefc       0x20 ..\obj\can_encoder.o
                0x0800aefc                CanInterface::CanInterface()
                0x0800aefc                CanInterface::CanInterface()
 .text._ZN10CanEncoderC2ER3Canit
                0x0800af1c       0x64 ..\obj\can_encoder.o
                0x0800af1c                CanEncoder::CanEncoder(Can&, int, unsigned short)
                0x0800af1c                CanEncoder::CanEncoder(Can&, int, unsigned short)
 .text._ZN10CanEncoder5setupEv
                0x0800af80       0x98 ..\obj\can_encoder.o
                0x0800af80                CanEncoder::setup()
 .text._ZThn8_N10CanEncoder5setupEv
                0x0800b018        0x8 ..\obj\can_encoder.o
                0x0800b018                non-virtual thunk to CanEncoder::setup()
 .text._ZN10CanEncoder5countEv
                0x0800b020       0x48 ..\obj\can_encoder.o
                0x0800b020                CanEncoder::count()